<?xml version="1.0"?>
<link_info>
   <banner>TI ARM Linker PC v5.0.4</banner>
   <copyright>Copyright (c) 1996-2013 Texas Instruments Incorporated</copyright>
   <link_time>0x529fc257</link_time>
   <output_file>WRFL_Proto.out</output_file>
   <entry_point>
      <name>_c_int00</name>
      <address>0x34b5</address>
   </entry_point>
   <input_file_list>
      <input_file id="fl-2">
         <path>.\</path>
         <kind>object</kind>
         <file>wrfl_proto_mux.obj</file>
         <name>wrfl_proto_mux.obj</name>
      </input_file>
      <input_file id="fl-3">
         <path>.\</path>
         <kind>object</kind>
         <file>startup_ccs.obj</file>
         <name>startup_ccs.obj</name>
      </input_file>
      <input_file id="fl-4">
         <path>.\</path>
         <kind>object</kind>
         <file>i2cm_drv.obj</file>
         <name>i2cm_drv.obj</name>
      </input_file>
      <input_file id="fl-5">
         <path>.\</path>
         <kind>object</kind>
         <file>bmp180.obj</file>
         <name>bmp180.obj</name>
      </input_file>
      <input_file id="fl-6">
         <path>.\</path>
         <kind>object</kind>
         <file>WRFL_Proto.obj</file>
         <name>WRFL_Proto.obj</name>
      </input_file>
      <input_file id="fl-7">
         <path>.\</path>
         <kind>object</kind>
         <file>WRFL_Kalman.obj</file>
         <name>WRFL_Kalman.obj</name>
      </input_file>
      <input_file id="fl-8">
         <path>.\</path>
         <kind>object</kind>
         <file>Nokia5110.obj</file>
         <name>Nokia5110.obj</name>
      </input_file>
      <input_file id="fl-d">
         <path>E:\ti\TivaWare_C_Series-1.1\driverlib\ccs\Debug\</path>
         <kind>archive</kind>
         <file>driverlib.lib</file>
         <name>sysctl.obj</name>
      </input_file>
      <input_file id="fl-e">
         <path>E:\ti\TivaWare_C_Series-1.1\driverlib\ccs\Debug\</path>
         <kind>archive</kind>
         <file>driverlib.lib</file>
         <name>interrupt.obj</name>
      </input_file>
      <input_file id="fl-f">
         <path>E:\ti\TivaWare_C_Series-1.1\driverlib\ccs\Debug\</path>
         <kind>archive</kind>
         <file>driverlib.lib</file>
         <name>gpio.obj</name>
      </input_file>
      <input_file id="fl-10">
         <path>E:\ti\TivaWare_C_Series-1.1\driverlib\ccs\Debug\</path>
         <kind>archive</kind>
         <file>driverlib.lib</file>
         <name>cpu.obj</name>
      </input_file>
      <input_file id="fl-13a">
         <path>E:\ti\ccsv5\tools\compiler\arm_5.0.4\lib\</path>
         <kind>archive</kind>
         <file>rtsv7M4_T_le_v4SPD16_eabi.lib</file>
         <name>boot.obj</name>
      </input_file>
      <input_file id="fl-13b">
         <path>E:\ti\ccsv5\tools\compiler\arm_5.0.4\lib\</path>
         <kind>archive</kind>
         <file>rtsv7M4_T_le_v4SPD16_eabi.lib</file>
         <name>copy_decompress_none.obj</name>
      </input_file>
      <input_file id="fl-13c">
         <path>E:\ti\ccsv5\tools\compiler\arm_5.0.4\lib\</path>
         <kind>archive</kind>
         <file>rtsv7M4_T_le_v4SPD16_eabi.lib</file>
         <name>copy_decompress_rle.obj</name>
      </input_file>
      <input_file id="fl-13d">
         <path>E:\ti\ccsv5\tools\compiler\arm_5.0.4\lib\</path>
         <kind>archive</kind>
         <file>rtsv7M4_T_le_v4SPD16_eabi.lib</file>
         <name>copy_zero_init.obj</name>
      </input_file>
      <input_file id="fl-13e">
         <path>E:\ti\ccsv5\tools\compiler\arm_5.0.4\lib\</path>
         <kind>archive</kind>
         <file>rtsv7M4_T_le_v4SPD16_eabi.lib</file>
         <name>exit.obj</name>
      </input_file>
      <input_file id="fl-13f">
         <path>E:\ti\ccsv5\tools\compiler\arm_5.0.4\lib\</path>
         <kind>archive</kind>
         <file>rtsv7M4_T_le_v4SPD16_eabi.lib</file>
         <name>memcpy_t2.obj</name>
      </input_file>
      <input_file id="fl-140">
         <path>E:\ti\ccsv5\tools\compiler\arm_5.0.4\lib\</path>
         <kind>archive</kind>
         <file>rtsv7M4_T_le_v4SPD16_eabi.lib</file>
         <name>powf.obj</name>
      </input_file>
      <input_file id="fl-141">
         <path>E:\ti\ccsv5\tools\compiler\arm_5.0.4\lib\</path>
         <kind>archive</kind>
         <file>rtsv7M4_T_le_v4SPD16_eabi.lib</file>
         <name>stkdepth_vars.obj</name>
      </input_file>
      <input_file id="fl-142">
         <path>E:\ti\ccsv5\tools\compiler\arm_5.0.4\lib\</path>
         <kind>archive</kind>
         <file>rtsv7M4_T_le_v4SPD16_eabi.lib</file>
         <name>xfdint.obj</name>
      </input_file>
      <input_file id="fl-143">
         <path>E:\ti\ccsv5\tools\compiler\arm_5.0.4\lib\</path>
         <kind>archive</kind>
         <file>rtsv7M4_T_le_v4SPD16_eabi.lib</file>
         <name>xfdunsca.obj</name>
      </input_file>
      <input_file id="fl-144">
         <path>E:\ti\ccsv5\tools\compiler\arm_5.0.4\lib\</path>
         <kind>archive</kind>
         <file>rtsv7M4_T_le_v4SPD16_eabi.lib</file>
         <name>xferaise.obj</name>
      </input_file>
      <input_file id="fl-145">
         <path>E:\ti\ccsv5\tools\compiler\arm_5.0.4\lib\</path>
         <kind>archive</kind>
         <file>rtsv7M4_T_le_v4SPD16_eabi.lib</file>
         <name>xfexp.obj</name>
      </input_file>
      <input_file id="fl-146">
         <path>E:\ti\ccsv5\tools\compiler\arm_5.0.4\lib\</path>
         <kind>archive</kind>
         <file>rtsv7M4_T_le_v4SPD16_eabi.lib</file>
         <name>xfvalues.obj</name>
      </input_file>
      <input_file id="fl-147">
         <path>E:\ti\ccsv5\tools\compiler\arm_5.0.4\lib\</path>
         <kind>archive</kind>
         <file>rtsv7M4_T_le_v4SPD16_eabi.lib</file>
         <name>_lock.obj</name>
      </input_file>
      <input_file id="fl-148">
         <path>E:\ti\ccsv5\tools\compiler\arm_5.0.4\lib\</path>
         <kind>archive</kind>
         <file>rtsv7M4_T_le_v4SPD16_eabi.lib</file>
         <name>args_main.obj</name>
      </input_file>
      <input_file id="fl-149">
         <path>E:\ti\ccsv5\tools\compiler\arm_5.0.4\lib\</path>
         <kind>archive</kind>
         <file>rtsv7M4_T_le_v4SPD16_eabi.lib</file>
         <name>auto_init.obj</name>
      </input_file>
      <input_file id="fl-14a">
         <path>E:\ti\ccsv5\tools\compiler\arm_5.0.4\lib\</path>
         <kind>archive</kind>
         <file>rtsv7M4_T_le_v4SPD16_eabi.lib</file>
         <name>cpy_tbl.obj</name>
      </input_file>
      <input_file id="fl-14b">
         <path>E:\ti\ccsv5\tools\compiler\arm_5.0.4\lib\</path>
         <kind>archive</kind>
         <file>rtsv7M4_T_le_v4SPD16_eabi.lib</file>
         <name>errno.obj</name>
      </input_file>
      <input_file id="fl-14c">
         <path>E:\ti\ccsv5\tools\compiler\arm_5.0.4\lib\</path>
         <kind>archive</kind>
         <file>rtsv7M4_T_le_v4SPD16_eabi.lib</file>
         <name>fd_add_t2.obj</name>
      </input_file>
      <input_file id="fl-14d">
         <path>E:\ti\ccsv5\tools\compiler\arm_5.0.4\lib\</path>
         <kind>archive</kind>
         <file>rtsv7M4_T_le_v4SPD16_eabi.lib</file>
         <name>fd_div_t2.obj</name>
      </input_file>
      <input_file id="fl-14e">
         <path>E:\ti\ccsv5\tools\compiler\arm_5.0.4\lib\</path>
         <kind>archive</kind>
         <file>rtsv7M4_T_le_v4SPD16_eabi.lib</file>
         <name>fd_mul_t2.obj</name>
      </input_file>
      <input_file id="fl-14f">
         <path>E:\ti\ccsv5\tools\compiler\arm_5.0.4\lib\</path>
         <kind>archive</kind>
         <file>rtsv7M4_T_le_v4SPD16_eabi.lib</file>
         <name>fd_tos_t2.obj</name>
      </input_file>
      <input_file id="fl-150">
         <path>E:\ti\ccsv5\tools\compiler\arm_5.0.4\lib\</path>
         <kind>archive</kind>
         <file>rtsv7M4_T_le_v4SPD16_eabi.lib</file>
         <name>feraiseexcept.obj</name>
      </input_file>
      <input_file id="fl-151">
         <path>E:\ti\ccsv5\tools\compiler\arm_5.0.4\lib\</path>
         <kind>archive</kind>
         <file>rtsv7M4_T_le_v4SPD16_eabi.lib</file>
         <name>fs_tod_t2.obj</name>
      </input_file>
      <input_file id="fl-152">
         <path>E:\ti\ccsv5\tools\compiler\arm_5.0.4\lib\</path>
         <kind>archive</kind>
         <file>rtsv7M4_T_le_v4SPD16_eabi.lib</file>
         <name>logf.obj</name>
      </input_file>
      <input_file id="fl-153">
         <path>E:\ti\ccsv5\tools\compiler\arm_5.0.4\lib\</path>
         <kind>archive</kind>
         <file>rtsv7M4_T_le_v4SPD16_eabi.lib</file>
         <name>raise.obj</name>
      </input_file>
      <input_file id="fl-154">
         <path>E:\ti\ccsv5\tools\compiler\arm_5.0.4\lib\</path>
         <kind>archive</kind>
         <file>rtsv7M4_T_le_v4SPD16_eabi.lib</file>
         <name>signal.obj</name>
      </input_file>
      <input_file id="fl-155">
         <path>E:\ti\ccsv5\tools\compiler\arm_5.0.4\lib\</path>
         <kind>archive</kind>
         <file>rtsv7M4_T_le_v4SPD16_eabi.lib</file>
         <name>xfdnorm.obj</name>
      </input_file>
      <input_file id="fl-156">
         <path>E:\ti\ccsv5\tools\compiler\arm_5.0.4\lib\</path>
         <kind>archive</kind>
         <file>rtsv7M4_T_le_v4SPD16_eabi.lib</file>
         <name>xfdscale.obj</name>
      </input_file>
      <input_file id="fl-157">
         <path>E:\ti\ccsv5\tools\compiler\arm_5.0.4\lib\</path>
         <kind>archive</kind>
         <file>rtsv7M4_T_le_v4SPD16_eabi.lib</file>
         <name>xflog.obj</name>
      </input_file>
   </input_file_list>
   <object_component_list>
      <object_component id="oc-e">
         <name>.intvecs</name>
         <load_address>0x0</load_address>
         <run_address>0x0</run_address>
         <size>0x26c</size>
         <input_file_ref idref="fl-3"/>
      </object_component>
      <object_component id="oc-59">
         <name>.text</name>
         <load_address>0x26c</load_address>
         <run_address>0x26c</run_address>
         <size>0xc8c</size>
         <input_file_ref idref="fl-4"/>
      </object_component>
      <object_component id="oc-5e">
         <name>.text</name>
         <load_address>0xef8</load_address>
         <run_address>0xef8</run_address>
         <size>0x9b0</size>
         <input_file_ref idref="fl-5"/>
      </object_component>
      <object_component id="oc-68">
         <name>.text</name>
         <load_address>0x18a8</load_address>
         <run_address>0x18a8</run_address>
         <size>0x648</size>
         <input_file_ref idref="fl-8"/>
      </object_component>
      <object_component id="oc-72">
         <name>.text</name>
         <load_address>0x1ef0</load_address>
         <run_address>0x1ef0</run_address>
         <size>0x3f0</size>
         <input_file_ref idref="fl-140"/>
      </object_component>
      <object_component id="oc-26">
         <name>.text</name>
         <load_address>0x22e0</load_address>
         <run_address>0x22e0</run_address>
         <size>0x3e0</size>
         <input_file_ref idref="fl-6"/>
      </object_component>
      <object_component id="oc-1a7">
         <name>.text</name>
         <load_address>0x26c0</load_address>
         <run_address>0x26c0</run_address>
         <size>0x1b6</size>
         <input_file_ref idref="fl-14c"/>
      </object_component>
      <object_component id="oc-125">
         <name>.text</name>
         <load_address>0x2878</load_address>
         <run_address>0x2878</run_address>
         <size>0x180</size>
         <input_file_ref idref="fl-145"/>
      </object_component>
      <object_component id="oc-19e">
         <name>.text</name>
         <load_address>0x29f8</load_address>
         <run_address>0x29f8</run_address>
         <size>0x178</size>
         <input_file_ref idref="fl-157"/>
      </object_component>
      <object_component id="oc-1ab">
         <name>.text</name>
         <load_address>0x2b70</load_address>
         <run_address>0x2b70</run_address>
         <size>0x136</size>
         <input_file_ref idref="fl-14d"/>
      </object_component>
      <object_component id="oc-1af">
         <name>.text</name>
         <load_address>0x2ca6</load_address>
         <run_address>0x2ca6</run_address>
         <size>0xfc</size>
         <input_file_ref idref="fl-14e"/>
      </object_component>
      <object_component id="oc-105">
         <name>.text:SysCtlClockGet</name>
         <load_address>0x2da4</load_address>
         <run_address>0x2da4</run_address>
         <size>0xc4</size>
         <input_file_ref idref="fl-d"/>
      </object_component>
      <object_component id="oc-1b7">
         <name>.text</name>
         <load_address>0x2e68</load_address>
         <run_address>0x2e68</run_address>
         <size>0xc0</size>
         <input_file_ref idref="fl-156"/>
      </object_component>
      <object_component id="oc-171">
         <name>.text:GPIOPadConfigSet</name>
         <load_address>0x2f28</load_address>
         <run_address>0x2f28</run_address>
         <size>0xb8</size>
         <input_file_ref idref="fl-f"/>
      </object_component>
      <object_component id="oc-6d">
         <name>.text</name>
         <load_address>0x2fe0</load_address>
         <run_address>0x2fe0</run_address>
         <size>0xb8</size>
         <input_file_ref idref="fl-7"/>
      </object_component>
      <object_component id="oc-3d">
         <name>.text</name>
         <load_address>0x3098</load_address>
         <run_address>0x3098</run_address>
         <size>0x9c</size>
         <input_file_ref idref="fl-13f"/>
      </object_component>
      <object_component id="oc-63">
         <name>.text</name>
         <load_address>0x3134</load_address>
         <run_address>0x3134</run_address>
         <size>0x9c</size>
         <input_file_ref idref="fl-2"/>
      </object_component>
      <object_component id="oc-2e">
         <name>.text</name>
         <load_address>0x31d0</load_address>
         <run_address>0x31d0</run_address>
         <size>0x94</size>
         <input_file_ref idref="fl-149"/>
      </object_component>
      <object_component id="oc-119">
         <name>.text</name>
         <load_address>0x3264</load_address>
         <run_address>0x3264</run_address>
         <size>0x90</size>
         <input_file_ref idref="fl-142"/>
      </object_component>
      <object_component id="oc-18e">
         <name>.text</name>
         <load_address>0x32f4</load_address>
         <run_address>0x32f4</run_address>
         <size>0x7c</size>
         <input_file_ref idref="fl-155"/>
      </object_component>
      <object_component id="oc-4d">
         <name>.text</name>
         <load_address>0x3370</load_address>
         <run_address>0x3370</run_address>
         <size>0x5e</size>
         <input_file_ref idref="fl-13c"/>
      </object_component>
      <object_component id="oc-115">
         <name>.text</name>
         <load_address>0x33ce</load_address>
         <run_address>0x33ce</run_address>
         <size>0x54</size>
         <input_file_ref idref="fl-143"/>
      </object_component>
      <object_component id="oc-1b3">
         <name>.text</name>
         <load_address>0x3422</load_address>
         <run_address>0x3422</run_address>
         <size>0x4a</size>
         <input_file_ref idref="fl-14f"/>
      </object_component>
      <object_component id="oc-e6">
         <name>.text:GPIOPinConfigure</name>
         <load_address>0x346c</load_address>
         <run_address>0x346c</run_address>
         <size>0x48</size>
         <input_file_ref idref="fl-f"/>
      </object_component>
      <object_component id="oc-10">
         <name>.text</name>
         <load_address>0x34b4</load_address>
         <run_address>0x34b4</run_address>
         <size>0x48</size>
         <input_file_ref idref="fl-13a"/>
      </object_component>
      <object_component id="oc-8d">
         <name>.text</name>
         <load_address>0x34fc</load_address>
         <run_address>0x34fc</run_address>
         <size>0x44</size>
         <input_file_ref idref="fl-14a"/>
      </object_component>
      <object_component id="oc-36">
         <name>.text</name>
         <load_address>0x3540</load_address>
         <run_address>0x3540</run_address>
         <size>0x40</size>
         <input_file_ref idref="fl-13e"/>
      </object_component>
      <object_component id="oc-208">
         <name>.text</name>
         <load_address>0x3580</load_address>
         <run_address>0x3580</run_address>
         <size>0x40</size>
         <input_file_ref idref="fl-154"/>
      </object_component>
      <object_component id="oc-1a3">
         <name>.text</name>
         <load_address>0x35c0</load_address>
         <run_address>0x35c0</run_address>
         <size>0x38</size>
         <input_file_ref idref="fl-151"/>
      </object_component>
      <object_component id="oc-ca">
         <name>.text:I2CMRead</name>
         <load_address>0x35f8</load_address>
         <run_address>0x35f8</run_address>
         <size>0x36</size>
         <input_file_ref idref="fl-4"/>
      </object_component>
      <object_component id="oc-c3">
         <name>.text:I2CMWrite</name>
         <load_address>0x362e</load_address>
         <run_address>0x362e</run_address>
         <size>0x36</size>
         <input_file_ref idref="fl-4"/>
      </object_component>
      <object_component id="oc-d1">
         <name>.text:I2CMWriteBatched</name>
         <load_address>0x3664</load_address>
         <run_address>0x3664</run_address>
         <size>0x36</size>
         <input_file_ref idref="fl-4"/>
      </object_component>
      <object_component id="oc-dc">
         <name>.text:SysCtlPeripheralEnable</name>
         <load_address>0x369c</load_address>
         <run_address>0x369c</run_address>
         <size>0x34</size>
         <input_file_ref idref="fl-d"/>
      </object_component>
      <object_component id="oc-197">
         <name>.text</name>
         <load_address>0x36d0</load_address>
         <run_address>0x36d0</run_address>
         <size>0x30</size>
         <input_file_ref idref="fl-150"/>
      </object_component>
      <object_component id="oc-11d">
         <name>.text</name>
         <load_address>0x3700</load_address>
         <run_address>0x3700</run_address>
         <size>0x30</size>
         <input_file_ref idref="fl-144"/>
      </object_component>
      <object_component id="oc-1e9">
         <name>.text</name>
         <load_address>0x3730</load_address>
         <run_address>0x3730</run_address>
         <size>0x2e</size>
         <input_file_ref idref="fl-153"/>
      </object_component>
      <object_component id="oc-176">
         <name>.text:GPIODirModeSet</name>
         <load_address>0x375e</load_address>
         <run_address>0x375e</run_address>
         <size>0x2a</size>
         <input_file_ref idref="fl-f"/>
      </object_component>
      <object_component id="oc-32">
         <name>.text</name>
         <load_address>0x3788</load_address>
         <run_address>0x3788</run_address>
         <size>0x18</size>
         <input_file_ref idref="fl-148"/>
      </object_component>
      <object_component id="oc-147">
         <name>.text</name>
         <load_address>0x37a0</load_address>
         <run_address>0x37a0</run_address>
         <size>0x14</size>
         <input_file_ref idref="fl-147"/>
      </object_component>
      <object_component id="oc-e1">
         <name>.text:GPIOPinTypeGPIOOutput</name>
         <load_address>0x37b4</load_address>
         <run_address>0x37b4</run_address>
         <size>0x12</size>
         <input_file_ref idref="fl-f"/>
      </object_component>
      <object_component id="oc-f0">
         <name>.text:GPIOPinTypeI2C</name>
         <load_address>0x37c6</load_address>
         <run_address>0x37c6</run_address>
         <size>0x12</size>
         <input_file_ref idref="fl-f"/>
      </object_component>
      <object_component id="oc-eb">
         <name>.text:GPIOPinTypeI2CSCL</name>
         <load_address>0x37d8</load_address>
         <run_address>0x37d8</run_address>
         <size>0x12</size>
         <input_file_ref idref="fl-f"/>
      </object_component>
      <object_component id="oc-f5">
         <name>.text:GPIOPinTypeSSI</name>
         <load_address>0x37ea</load_address>
         <run_address>0x37ea</run_address>
         <size>0x12</size>
         <input_file_ref idref="fl-f"/>
      </object_component>
      <object_component id="oc-18">
         <name>.text:decompress:ZI</name>
         <load_address>0x37fc</load_address>
         <run_address>0x37fc</run_address>
         <size>0x12</size>
         <input_file_ref idref="fl-13d"/>
      </object_component>
      <object_component id="oc-14">
         <name>.text:decompress:none</name>
         <load_address>0x380e</load_address>
         <run_address>0x380e</run_address>
         <size>0xe</size>
         <input_file_ref idref="fl-13b"/>
      </object_component>
      <object_component id="oc-be">
         <name>.text:IntTrigger</name>
         <load_address>0x381c</load_address>
         <run_address>0x381c</run_address>
         <size>0xc</size>
         <input_file_ref idref="fl-e"/>
      </object_component>
      <object_component id="oc-21">
         <name>.text</name>
         <load_address>0x3828</load_address>
         <run_address>0x3828</run_address>
         <size>0xc</size>
         <input_file_ref idref="fl-3"/>
      </object_component>
      <object_component id="oc-fb">
         <name>.text:GPIOPinRead</name>
         <load_address>0x3834</load_address>
         <run_address>0x3834</run_address>
         <size>0x6</size>
         <input_file_ref idref="fl-f"/>
      </object_component>
      <object_component id="oc-100">
         <name>.text:GPIOPinWrite</name>
         <load_address>0x383a</load_address>
         <run_address>0x383a</run_address>
         <size>0x6</size>
         <input_file_ref idref="fl-f"/>
      </object_component>
      <object_component id="oc-1c">
         <name>.text:decompress:rle24</name>
         <load_address>0x3840</load_address>
         <run_address>0x3840</run_address>
         <size>0x6</size>
         <input_file_ref idref="fl-13c"/>
      </object_component>
      <object_component id="oc-121">
         <name>.text</name>
         <load_address>0x3846</load_address>
         <run_address>0x3846</run_address>
         <size>0x6</size>
         <input_file_ref idref="fl-152"/>
      </object_component>
      <object_component id="oc-7c">
         <name>.const:.string:gears_logo</name>
         <load_address>0x384c</load_address>
         <run_address>0x384c</run_address>
         <size>0x1f8</size>
         <input_file_ref idref="fl-6"/>
      </object_component>
      <object_component id="oc-10a">
         <name>.const:ASCII</name>
         <load_address>0x3a44</load_address>
         <run_address>0x3a44</run_address>
         <size>0x1e0</size>
         <input_file_ref idref="fl-8"/>
      </object_component>
      <object_component id="oc-17c">
         <name>.const:g_pui32GPIOBaseAddrs</name>
         <load_address>0x3c24</load_address>
         <run_address>0x3c24</run_address>
         <size>0x78</size>
         <input_file_ref idref="fl-f"/>
      </object_component>
      <object_component id="oc-185">
         <name>.const:g_pui32Xtals</name>
         <load_address>0x3c9c</load_address>
         <run_address>0x3c9c</run_address>
         <size>0x6c</size>
         <input_file_ref idref="fl-d"/>
      </object_component>
      <object_component id="oc-1f2">
         <name>.const</name>
         <load_address>0x3d08</load_address>
         <run_address>0x3d08</run_address>
         <size>0x38</size>
         <input_file_ref idref="fl-157"/>
      </object_component>
      <object_component id="oc-194">
         <name>.const</name>
         <load_address>0x3d40</load_address>
         <run_address>0x3d40</run_address>
         <size>0x28</size>
         <input_file_ref idref="fl-142"/>
      </object_component>
      <object_component id="oc-1bb">
         <name>.const</name>
         <load_address>0x3d68</load_address>
         <run_address>0x3d68</run_address>
         <size>0x1c</size>
         <input_file_ref idref="fl-145"/>
      </object_component>
      <object_component id="oc-25b">
         <name>.cinit..data.load</name>
         <load_address>0x3d88</load_address>
         <run_address>0x3d88</run_address>
         <size>0x38</size>
      </object_component>
      <object_component id="oc-259">
         <name>__TI_handler_table</name>
         <load_address>0x3dc0</load_address>
         <run_address>0x3dc0</run_address>
         <size>0xc</size>
      </object_component>
      <object_component id="oc-25c">
         <name>.cinit..bss.load</name>
         <load_address>0x3dd0</load_address>
         <run_address>0x3dd0</run_address>
         <size>0x8</size>
      </object_component>
      <object_component id="oc-25a">
         <name>__TI_cinit_table</name>
         <load_address>0x3dd8</load_address>
         <run_address>0x3dd8</run_address>
         <size>0x10</size>
      </object_component>
      <object_component id="oc-3a">
         <name>.data</name>
         <load_address>0x200004bc</load_address>
         <run_address>0x200004bc</run_address>
         <size>0x4</size>
         <input_file_ref idref="fl-141"/>
      </object_component>
      <object_component id="oc-98">
         <name>.data</name>
         <load_address>0x200004a0</load_address>
         <run_address>0x200004a0</run_address>
         <size>0x8</size>
         <input_file_ref idref="fl-147"/>
      </object_component>
      <object_component id="oc-9a">
         <name>.data</name>
         <load_address>0x200004a8</load_address>
         <run_address>0x200004a8</run_address>
         <size>0x8</size>
         <input_file_ref idref="fl-13e"/>
      </object_component>
      <object_component id="oc-129">
         <name>.data</name>
         <load_address>0x20000438</load_address>
         <run_address>0x20000438</run_address>
         <size>0x68</size>
         <input_file_ref idref="fl-146"/>
      </object_component>
      <object_component id="oc-19b">
         <name>.data</name>
         <load_address>0x200004b8</load_address>
         <run_address>0x200004b8</run_address>
         <size>0x4</size>
         <input_file_ref idref="fl-14b"/>
      </object_component>
      <object_component id="oc-1ed">
         <name>.data</name>
         <load_address>0x200004b0</load_address>
         <run_address>0x200004b0</run_address>
         <size>0x8</size>
         <input_file_ref idref="fl-150"/>
      </object_component>
      <object_component id="oc-221">
         <name>.data:sigtable</name>
         <load_address>0x20000388</load_address>
         <run_address>0x20000388</run_address>
         <size>0xb0</size>
         <input_file_ref idref="fl-154"/>
      </object_component>
      <object_component id="oc-76">
         <name>.bss</name>
         <uninitialized>true</uninitialized>
         <run_address>0x20000368</run_address>
         <size>0x20</size>
         <input_file_ref idref="fl-6"/>
      </object_component>
      <object_component id="oc-78">
         <name>.bss:g_sI2CInst</name>
         <uninitialized>true</uninitialized>
         <run_address>0x20000200</run_address>
         <size>0x124</size>
         <input_file_ref idref="fl-6"/>
      </object_component>
      <object_component id="oc-7a">
         <name>.bss:g_sBMP180Inst</name>
         <uninitialized>true</uninitialized>
         <run_address>0x20000324</run_address>
         <size>0x44</size>
         <input_file_ref idref="fl-6"/>
      </object_component>
      <object_component id="oc-7e">
         <name>.bss:f_meas$1</name>
         <uninitialized>true</uninitialized>
         <run_address>0x20000000</run_address>
         <size>0x200</size>
         <input_file_ref idref="fl-6"/>
      </object_component>
      <object_component id="oc-20">
         <name>.stack</name>
         <uninitialized>true</uninitialized>
         <run_address>0x200004c0</run_address>
         <size>0x0</size>
         <input_file_ref idref="fl-13a"/>
      </object_component>
      <object_component id="oc-25d">
         <name>.stack</name>
         <uninitialized>true</uninitialized>
         <run_address>0x200004c0</run_address>
         <size>0x0</size>
      </object_component>
      <object_component id="oc-f">
         <name>.debug_info</name>
         <load_address>0x0</load_address>
         <run_address>0x0</run_address>
         <size>0xcf</size>
         <input_file_ref idref="fl-3"/>
      </object_component>
      <object_component id="oc-11">
         <name>.debug_info</name>
         <load_address>0xcf</load_address>
         <run_address>0xcf</run_address>
         <size>0xf4</size>
         <input_file_ref idref="fl-13a"/>
      </object_component>
      <object_component id="oc-15">
         <name>.debug_info</name>
         <load_address>0x1c3</load_address>
         <run_address>0x1c3</run_address>
         <size>0x159</size>
         <input_file_ref idref="fl-13b"/>
      </object_component>
      <object_component id="oc-19">
         <name>.debug_info</name>
         <load_address>0x31c</load_address>
         <run_address>0x31c</run_address>
         <size>0x193</size>
         <input_file_ref idref="fl-13d"/>
      </object_component>
      <object_component id="oc-1d">
         <name>.debug_info</name>
         <load_address>0x4af</load_address>
         <run_address>0x4af</run_address>
         <size>0x16a</size>
         <input_file_ref idref="fl-13c"/>
      </object_component>
      <object_component id="oc-22">
         <name>.debug_info</name>
         <load_address>0x619</load_address>
         <run_address>0x619</run_address>
         <size>0x330</size>
         <input_file_ref idref="fl-3"/>
      </object_component>
      <object_component id="oc-27">
         <name>.debug_info</name>
         <load_address>0x949</load_address>
         <run_address>0x949</run_address>
         <size>0xadc</size>
         <input_file_ref idref="fl-6"/>
      </object_component>
      <object_component id="oc-2d">
         <name>.debug_info</name>
         <load_address>0x1425</load_address>
         <run_address>0x1425</run_address>
         <size>0x13c</size>
         <input_file_ref idref="fl-3"/>
      </object_component>
      <object_component id="oc-2f">
         <name>.debug_info</name>
         <load_address>0x1561</load_address>
         <run_address>0x1561</run_address>
         <size>0x13f</size>
         <input_file_ref idref="fl-149"/>
      </object_component>
      <object_component id="oc-33">
         <name>.debug_info</name>
         <load_address>0x16a0</load_address>
         <run_address>0x16a0</run_address>
         <size>0xfe</size>
         <input_file_ref idref="fl-148"/>
      </object_component>
      <object_component id="oc-37">
         <name>.debug_info</name>
         <load_address>0x179e</load_address>
         <run_address>0x179e</run_address>
         <size>0x205</size>
         <input_file_ref idref="fl-13e"/>
      </object_component>
      <object_component id="oc-3b">
         <name>.debug_info</name>
         <load_address>0x19a3</load_address>
         <run_address>0x19a3</run_address>
         <size>0xbe</size>
         <input_file_ref idref="fl-141"/>
      </object_component>
      <object_component id="oc-3e">
         <name>.debug_info</name>
         <load_address>0x1a61</load_address>
         <run_address>0x1a61</run_address>
         <size>0xcd</size>
         <input_file_ref idref="fl-13f"/>
      </object_component>
      <object_component id="oc-42">
         <name>.debug_info</name>
         <load_address>0x1b2e</load_address>
         <run_address>0x1b2e</run_address>
         <size>0x46</size>
         <input_file_ref idref="fl-13b"/>
      </object_component>
      <object_component id="oc-48">
         <name>.debug_info</name>
         <load_address>0x1b74</load_address>
         <run_address>0x1b74</run_address>
         <size>0x46</size>
         <input_file_ref idref="fl-13d"/>
      </object_component>
      <object_component id="oc-4e">
         <name>.debug_info</name>
         <load_address>0x1bba</load_address>
         <run_address>0x1bba</run_address>
         <size>0x318</size>
         <input_file_ref idref="fl-13c"/>
      </object_component>
      <object_component id="oc-52">
         <name>.debug_info</name>
         <load_address>0x1ed2</load_address>
         <run_address>0x1ed2</run_address>
         <size>0xb2</size>
         <input_file_ref idref="fl-13c"/>
      </object_component>
      <object_component id="oc-53">
         <name>.debug_info</name>
         <load_address>0x1f84</load_address>
         <run_address>0x1f84</run_address>
         <size>0x39</size>
         <input_file_ref idref="fl-13c"/>
      </object_component>
      <object_component id="oc-5a">
         <name>.debug_info</name>
         <load_address>0x1fbd</load_address>
         <run_address>0x1fbd</run_address>
         <size>0x2025</size>
         <input_file_ref idref="fl-4"/>
      </object_component>
      <object_component id="oc-5f">
         <name>.debug_info</name>
         <load_address>0x3fe2</load_address>
         <run_address>0x3fe2</run_address>
         <size>0xda5</size>
         <input_file_ref idref="fl-5"/>
      </object_component>
      <object_component id="oc-64">
         <name>.debug_info</name>
         <load_address>0x4d87</load_address>
         <run_address>0x4d87</run_address>
         <size>0x2a3</size>
         <input_file_ref idref="fl-2"/>
      </object_component>
      <object_component id="oc-69">
         <name>.debug_info</name>
         <load_address>0x502a</load_address>
         <run_address>0x502a</run_address>
         <size>0xe2c</size>
         <input_file_ref idref="fl-8"/>
      </object_component>
      <object_component id="oc-6e">
         <name>.debug_info</name>
         <load_address>0x5e56</load_address>
         <run_address>0x5e56</run_address>
         <size>0x2c2</size>
         <input_file_ref idref="fl-7"/>
      </object_component>
      <object_component id="oc-73">
         <name>.debug_info</name>
         <load_address>0x6118</load_address>
         <run_address>0x6118</run_address>
         <size>0x20d</size>
         <input_file_ref idref="fl-140"/>
      </object_component>
      <object_component id="oc-77">
         <name>.debug_info</name>
         <load_address>0x6325</load_address>
         <run_address>0x6325</run_address>
         <size>0xf7</size>
         <input_file_ref idref="fl-6"/>
      </object_component>
      <object_component id="oc-79">
         <name>.debug_info</name>
         <load_address>0x641c</load_address>
         <run_address>0x641c</run_address>
         <size>0xca</size>
         <input_file_ref idref="fl-6"/>
      </object_component>
      <object_component id="oc-7b">
         <name>.debug_info</name>
         <load_address>0x64e6</load_address>
         <run_address>0x64e6</run_address>
         <size>0xd0</size>
         <input_file_ref idref="fl-6"/>
      </object_component>
      <object_component id="oc-7d">
         <name>.debug_info</name>
         <load_address>0x65b6</load_address>
         <run_address>0x65b6</run_address>
         <size>0xca</size>
         <input_file_ref idref="fl-6"/>
      </object_component>
      <object_component id="oc-80">
         <name>.debug_info</name>
         <load_address>0x6680</load_address>
         <run_address>0x6680</run_address>
         <size>0x4e8</size>
         <input_file_ref idref="fl-6"/>
      </object_component>
      <object_component id="oc-81">
         <name>.debug_info</name>
         <load_address>0x6b68</load_address>
         <run_address>0x6b68</run_address>
         <size>0x18b</size>
         <input_file_ref idref="fl-2"/>
      </object_component>
      <object_component id="oc-86">
         <name>.debug_info</name>
         <load_address>0x6cf3</load_address>
         <run_address>0x6cf3</run_address>
         <size>0x90</size>
         <input_file_ref idref="fl-2"/>
      </object_component>
      <object_component id="oc-8e">
         <name>.debug_info</name>
         <load_address>0x6d83</load_address>
         <run_address>0x6d83</run_address>
         <size>0x191</size>
         <input_file_ref idref="fl-14a"/>
      </object_component>
      <object_component id="oc-93">
         <name>.debug_info</name>
         <load_address>0x6f14</load_address>
         <run_address>0x6f14</run_address>
         <size>0x90</size>
         <input_file_ref idref="fl-140"/>
      </object_component>
      <object_component id="oc-99">
         <name>.debug_info</name>
         <load_address>0x6fa4</load_address>
         <run_address>0x6fa4</run_address>
         <size>0xc8</size>
         <input_file_ref idref="fl-147"/>
      </object_component>
      <object_component id="oc-9b">
         <name>.debug_info</name>
         <load_address>0x706c</load_address>
         <run_address>0x706c</run_address>
         <size>0xdb</size>
         <input_file_ref idref="fl-13e"/>
      </object_component>
      <object_component id="oc-9d">
         <name>.debug_info</name>
         <load_address>0x7147</load_address>
         <run_address>0x7147</run_address>
         <size>0x89</size>
         <input_file_ref idref="fl-13b"/>
      </object_component>
      <object_component id="oc-a4">
         <name>.debug_info</name>
         <load_address>0x71d0</load_address>
         <run_address>0x71d0</run_address>
         <size>0x83</size>
         <input_file_ref idref="fl-141"/>
      </object_component>
      <object_component id="oc-aa">
         <name>.debug_info</name>
         <load_address>0x7253</load_address>
         <run_address>0x7253</run_address>
         <size>0x46</size>
         <input_file_ref idref="fl-13b"/>
      </object_component>
      <object_component id="oc-af">
         <name>.debug_info</name>
         <load_address>0x7299</load_address>
         <run_address>0x7299</run_address>
         <size>0xe8</size>
         <input_file_ref idref="fl-13b"/>
      </object_component>
      <object_component id="oc-b0">
         <name>.debug_info</name>
         <load_address>0x7381</load_address>
         <run_address>0x7381</run_address>
         <size>0x2c</size>
         <input_file_ref idref="fl-13c"/>
      </object_component>
      <object_component id="oc-b5">
         <name>.debug_info</name>
         <load_address>0x73ad</load_address>
         <run_address>0x73ad</run_address>
         <size>0xa8</size>
         <input_file_ref idref="fl-13d"/>
      </object_component>
      <object_component id="oc-b7">
         <name>.debug_info</name>
         <load_address>0x7455</load_address>
         <run_address>0x7455</run_address>
         <size>0x84</size>
         <input_file_ref idref="fl-13c"/>
      </object_component>
      <object_component id="oc-bf">
         <name>.debug_info</name>
         <load_address>0x74d9</load_address>
         <run_address>0x74d9</run_address>
         <size>0x1ce</size>
         <input_file_ref idref="fl-e"/>
      </object_component>
      <object_component id="oc-c4">
         <name>.debug_info</name>
         <load_address>0x76a7</load_address>
         <run_address>0x76a7</run_address>
         <size>0x261</size>
         <input_file_ref idref="fl-4"/>
      </object_component>
      <object_component id="oc-cb">
         <name>.debug_info</name>
         <load_address>0x7908</load_address>
         <run_address>0x7908</run_address>
         <size>0x2cd</size>
         <input_file_ref idref="fl-4"/>
      </object_component>
      <object_component id="oc-d2">
         <name>.debug_info</name>
         <load_address>0x7bd5</load_address>
         <run_address>0x7bd5</run_address>
         <size>0x293</size>
         <input_file_ref idref="fl-4"/>
      </object_component>
      <object_component id="oc-d9">
         <name>.debug_info</name>
         <load_address>0x7e68</load_address>
         <run_address>0x7e68</run_address>
         <size>0x15d</size>
         <input_file_ref idref="fl-4"/>
      </object_component>
      <object_component id="oc-db">
         <name>.debug_info</name>
         <load_address>0x7fc5</load_address>
         <run_address>0x7fc5</run_address>
         <size>0x258</size>
         <input_file_ref idref="fl-5"/>
      </object_component>
      <object_component id="oc-dd">
         <name>.debug_info</name>
         <load_address>0x821d</load_address>
         <run_address>0x821d</run_address>
         <size>0x1e1</size>
         <input_file_ref idref="fl-d"/>
      </object_component>
      <object_component id="oc-e2">
         <name>.debug_info</name>
         <load_address>0x83fe</load_address>
         <run_address>0x83fe</run_address>
         <size>0x1eb</size>
         <input_file_ref idref="fl-f"/>
      </object_component>
      <object_component id="oc-e7">
         <name>.debug_info</name>
         <load_address>0x85e9</load_address>
         <run_address>0x85e9</run_address>
         <size>0x1e4</size>
         <input_file_ref idref="fl-f"/>
      </object_component>
      <object_component id="oc-ec">
         <name>.debug_info</name>
         <load_address>0x87cd</load_address>
         <run_address>0x87cd</run_address>
         <size>0x1e3</size>
         <input_file_ref idref="fl-f"/>
      </object_component>
      <object_component id="oc-f1">
         <name>.debug_info</name>
         <load_address>0x89b0</load_address>
         <run_address>0x89b0</run_address>
         <size>0x1dd</size>
         <input_file_ref idref="fl-f"/>
      </object_component>
      <object_component id="oc-f6">
         <name>.debug_info</name>
         <load_address>0x8b8d</load_address>
         <run_address>0x8b8d</run_address>
         <size>0x1dd</size>
         <input_file_ref idref="fl-f"/>
      </object_component>
      <object_component id="oc-fc">
         <name>.debug_info</name>
         <load_address>0x8d6a</load_address>
         <run_address>0x8d6a</run_address>
         <size>0x1df</size>
         <input_file_ref idref="fl-f"/>
      </object_component>
      <object_component id="oc-101">
         <name>.debug_info</name>
         <load_address>0x8f49</load_address>
         <run_address>0x8f49</run_address>
         <size>0x207</size>
         <input_file_ref idref="fl-f"/>
      </object_component>
      <object_component id="oc-106">
         <name>.debug_info</name>
         <load_address>0x9150</load_address>
         <run_address>0x9150</run_address>
         <size>0x202</size>
         <input_file_ref idref="fl-d"/>
      </object_component>
      <object_component id="oc-10b">
         <name>.debug_info</name>
         <load_address>0x9352</load_address>
         <run_address>0x9352</run_address>
         <size>0xbe</size>
         <input_file_ref idref="fl-8"/>
      </object_component>
      <object_component id="oc-10d">
         <name>.debug_info</name>
         <load_address>0x9410</load_address>
         <run_address>0x9410</run_address>
         <size>0x3f</size>
         <input_file_ref idref="fl-8"/>
      </object_component>
      <object_component id="oc-112">
         <name>.debug_info</name>
         <load_address>0x944f</load_address>
         <run_address>0x944f</run_address>
         <size>0x16d</size>
         <input_file_ref idref="fl-8"/>
      </object_component>
      <object_component id="oc-114">
         <name>.debug_info</name>
         <load_address>0x95bc</load_address>
         <run_address>0x95bc</run_address>
         <size>0xc0</size>
         <input_file_ref idref="fl-7"/>
      </object_component>
      <object_component id="oc-116">
         <name>.debug_info</name>
         <load_address>0x967c</load_address>
         <run_address>0x967c</run_address>
         <size>0x11f</size>
         <input_file_ref idref="fl-143"/>
      </object_component>
      <object_component id="oc-11a">
         <name>.debug_info</name>
         <load_address>0x979b</load_address>
         <run_address>0x979b</run_address>
         <size>0x111</size>
         <input_file_ref idref="fl-142"/>
      </object_component>
      <object_component id="oc-11e">
         <name>.debug_info</name>
         <load_address>0x98ac</load_address>
         <run_address>0x98ac</run_address>
         <size>0x116</size>
         <input_file_ref idref="fl-144"/>
      </object_component>
      <object_component id="oc-122">
         <name>.debug_info</name>
         <load_address>0x99c2</load_address>
         <run_address>0x99c2</run_address>
         <size>0xf2</size>
         <input_file_ref idref="fl-152"/>
      </object_component>
      <object_component id="oc-126">
         <name>.debug_info</name>
         <load_address>0x9ab4</load_address>
         <run_address>0x9ab4</run_address>
         <size>0x1dd</size>
         <input_file_ref idref="fl-145"/>
      </object_component>
      <object_component id="oc-12a">
         <name>.debug_info</name>
         <load_address>0x9c91</load_address>
         <run_address>0x9c91</run_address>
         <size>0x179</size>
         <input_file_ref idref="fl-146"/>
      </object_component>
      <object_component id="oc-12e">
         <name>.debug_info</name>
         <load_address>0x9e0a</load_address>
         <run_address>0x9e0a</run_address>
         <size>0x9a</size>
         <input_file_ref idref="fl-6"/>
      </object_component>
      <object_component id="oc-135">
         <name>.debug_info</name>
         <load_address>0x9ea4</load_address>
         <run_address>0x9ea4</run_address>
         <size>0x4e6</size>
         <input_file_ref idref="fl-6"/>
      </object_component>
      <object_component id="oc-13c">
         <name>.debug_info</name>
         <load_address>0xa38a</load_address>
         <run_address>0xa38a</run_address>
         <size>0x1f8</size>
         <input_file_ref idref="fl-6"/>
      </object_component>
      <object_component id="oc-146">
         <name>.debug_info</name>
         <load_address>0xa582</load_address>
         <run_address>0xa582</run_address>
         <size>0x143</size>
         <input_file_ref idref="fl-14a"/>
      </object_component>
      <object_component id="oc-148">
         <name>.debug_info</name>
         <load_address>0xa6c5</load_address>
         <run_address>0xa6c5</run_address>
         <size>0x1ba</size>
         <input_file_ref idref="fl-147"/>
      </object_component>
      <object_component id="oc-14d">
         <name>.debug_info</name>
         <load_address>0xa87f</load_address>
         <run_address>0xa87f</run_address>
         <size>0xd4</size>
         <input_file_ref idref="fl-147"/>
      </object_component>
      <object_component id="oc-150">
         <name>.debug_info</name>
         <load_address>0xa953</load_address>
         <run_address>0xa953</run_address>
         <size>0x131</size>
         <input_file_ref idref="fl-13e"/>
      </object_component>
      <object_component id="oc-156">
         <name>.debug_info</name>
         <load_address>0xaa84</load_address>
         <run_address>0xaa84</run_address>
         <size>0x18b</size>
         <input_file_ref idref="fl-d"/>
      </object_component>
      <object_component id="oc-15b">
         <name>.debug_info</name>
         <load_address>0xac0f</load_address>
         <run_address>0xac0f</run_address>
         <size>0x1ba</size>
         <input_file_ref idref="fl-e"/>
      </object_component>
      <object_component id="oc-15e">
         <name>.debug_info</name>
         <load_address>0xadc9</load_address>
         <run_address>0xadc9</run_address>
         <size>0x4e6</size>
         <input_file_ref idref="fl-4"/>
      </object_component>
      <object_component id="oc-165">
         <name>.debug_info</name>
         <load_address>0xb2af</load_address>
         <run_address>0xb2af</run_address>
         <size>0x4e6</size>
         <input_file_ref idref="fl-5"/>
      </object_component>
      <object_component id="oc-16a">
         <name>.debug_info</name>
         <load_address>0xb795</load_address>
         <run_address>0xb795</run_address>
         <size>0x1f8</size>
         <input_file_ref idref="fl-5"/>
      </object_component>
      <object_component id="oc-170">
         <name>.debug_info</name>
         <load_address>0xb98d</load_address>
         <run_address>0xb98d</run_address>
         <size>0x1e2</size>
         <input_file_ref idref="fl-d"/>
      </object_component>
      <object_component id="oc-172">
         <name>.debug_info</name>
         <load_address>0xbb6f</load_address>
         <run_address>0xbb6f</run_address>
         <size>0x265</size>
         <input_file_ref idref="fl-f"/>
      </object_component>
      <object_component id="oc-177">
         <name>.debug_info</name>
         <load_address>0xbdd4</load_address>
         <run_address>0xbdd4</run_address>
         <size>0x215</size>
         <input_file_ref idref="fl-f"/>
      </object_component>
      <object_component id="oc-17d">
         <name>.debug_info</name>
         <load_address>0xbfe9</load_address>
         <run_address>0xbfe9</run_address>
         <size>0x10d</size>
         <input_file_ref idref="fl-f"/>
      </object_component>
      <object_component id="oc-17f">
         <name>.debug_info</name>
         <load_address>0xc0f6</load_address>
         <run_address>0xc0f6</run_address>
         <size>0x1d1</size>
         <input_file_ref idref="fl-f"/>
      </object_component>
      <object_component id="oc-186">
         <name>.debug_info</name>
         <load_address>0xc2c7</load_address>
         <run_address>0xc2c7</run_address>
         <size>0xff</size>
         <input_file_ref idref="fl-d"/>
      </object_component>
      <object_component id="oc-18f">
         <name>.debug_info</name>
         <load_address>0xc3c6</load_address>
         <run_address>0xc3c6</run_address>
         <size>0x19d</size>
         <input_file_ref idref="fl-155"/>
      </object_component>
      <object_component id="oc-193">
         <name>.debug_info</name>
         <load_address>0xc563</load_address>
         <run_address>0xc563</run_address>
         <size>0xdb</size>
         <input_file_ref idref="fl-143"/>
      </object_component>
      <object_component id="oc-196">
         <name>.debug_info</name>
         <load_address>0xc63e</load_address>
         <run_address>0xc63e</run_address>
         <size>0x107</size>
         <input_file_ref idref="fl-142"/>
      </object_component>
      <object_component id="oc-198">
         <name>.debug_info</name>
         <load_address>0xc745</load_address>
         <run_address>0xc745</run_address>
         <size>0x132</size>
         <input_file_ref idref="fl-150"/>
      </object_component>
      <object_component id="oc-19c">
         <name>.debug_info</name>
         <load_address>0xc877</load_address>
         <run_address>0xc877</run_address>
         <size>0xab</size>
         <input_file_ref idref="fl-14b"/>
      </object_component>
      <object_component id="oc-19f">
         <name>.debug_info</name>
         <load_address>0xc922</load_address>
         <run_address>0xc922</run_address>
         <size>0x150</size>
         <input_file_ref idref="fl-157"/>
      </object_component>
      <object_component id="oc-1a4">
         <name>.debug_info</name>
         <load_address>0xca72</load_address>
         <run_address>0xca72</run_address>
         <size>0xe0</size>
         <input_file_ref idref="fl-151"/>
      </object_component>
      <object_component id="oc-1a8">
         <name>.debug_info</name>
         <load_address>0xcb52</load_address>
         <run_address>0xcb52</run_address>
         <size>0x100</size>
         <input_file_ref idref="fl-14c"/>
      </object_component>
      <object_component id="oc-1ac">
         <name>.debug_info</name>
         <load_address>0xcc52</load_address>
         <run_address>0xcc52</run_address>
         <size>0xee</size>
         <input_file_ref idref="fl-14d"/>
      </object_component>
      <object_component id="oc-1b0">
         <name>.debug_info</name>
         <load_address>0xcd40</load_address>
         <run_address>0xcd40</run_address>
         <size>0xee</size>
         <input_file_ref idref="fl-14e"/>
      </object_component>
      <object_component id="oc-1b4">
         <name>.debug_info</name>
         <load_address>0xce2e</load_address>
         <run_address>0xce2e</run_address>
         <size>0xe9</size>
         <input_file_ref idref="fl-14f"/>
      </object_component>
      <object_component id="oc-1b8">
         <name>.debug_info</name>
         <load_address>0xcf17</load_address>
         <run_address>0xcf17</run_address>
         <size>0x129</size>
         <input_file_ref idref="fl-156"/>
      </object_component>
      <object_component id="oc-1bc">
         <name>.debug_info</name>
         <load_address>0xd040</load_address>
         <run_address>0xd040</run_address>
         <size>0x112</size>
         <input_file_ref idref="fl-145"/>
      </object_component>
      <object_component id="oc-1be">
         <name>.debug_info</name>
         <load_address>0xd152</load_address>
         <run_address>0xd152</run_address>
         <size>0x14a</size>
         <input_file_ref idref="fl-145"/>
      </object_component>
      <object_component id="oc-1c1">
         <name>.debug_info</name>
         <load_address>0xd29c</load_address>
         <run_address>0xd29c</run_address>
         <size>0x86</size>
         <input_file_ref idref="fl-144"/>
      </object_component>
      <object_component id="oc-1c8">
         <name>.debug_info</name>
         <load_address>0xd322</load_address>
         <run_address>0xd322</run_address>
         <size>0xcd</size>
         <input_file_ref idref="fl-14a"/>
      </object_component>
      <object_component id="oc-1d2">
         <name>.debug_info</name>
         <load_address>0xd3ef</load_address>
         <run_address>0xd3ef</run_address>
         <size>0x90</size>
         <input_file_ref idref="fl-d"/>
      </object_component>
      <object_component id="oc-1e4">
         <name>.debug_info</name>
         <load_address>0xd47f</load_address>
         <run_address>0xd47f</run_address>
         <size>0xaa</size>
         <input_file_ref idref="fl-155"/>
      </object_component>
      <object_component id="oc-1ea">
         <name>.debug_info</name>
         <load_address>0xd529</load_address>
         <run_address>0xd529</run_address>
         <size>0x112</size>
         <input_file_ref idref="fl-153"/>
      </object_component>
      <object_component id="oc-1ee">
         <name>.debug_info</name>
         <load_address>0xd63b</load_address>
         <run_address>0xd63b</run_address>
         <size>0xe2</size>
         <input_file_ref idref="fl-150"/>
      </object_component>
      <object_component id="oc-1f3">
         <name>.debug_info</name>
         <load_address>0xd71d</load_address>
         <run_address>0xd71d</run_address>
         <size>0x1e0</size>
         <input_file_ref idref="fl-157"/>
      </object_component>
      <object_component id="oc-1fb">
         <name>.debug_info</name>
         <load_address>0xd8fd</load_address>
         <run_address>0xd8fd</run_address>
         <size>0xeb</size>
         <input_file_ref idref="fl-156"/>
      </object_component>
      <object_component id="oc-200">
         <name>.debug_info</name>
         <load_address>0xd9e8</load_address>
         <run_address>0xd9e8</run_address>
         <size>0x86</size>
         <input_file_ref idref="fl-145"/>
      </object_component>
      <object_component id="oc-205">
         <name>.debug_info</name>
         <load_address>0xda6e</load_address>
         <run_address>0xda6e</run_address>
         <size>0xee</size>
         <input_file_ref idref="fl-144"/>
      </object_component>
      <object_component id="oc-209">
         <name>.debug_info</name>
         <load_address>0xdb5c</load_address>
         <run_address>0xdb5c</run_address>
         <size>0x119</size>
         <input_file_ref idref="fl-154"/>
      </object_component>
      <object_component id="oc-20f">
         <name>.debug_info</name>
         <load_address>0xdc75</load_address>
         <run_address>0xdc75</run_address>
         <size>0x6f</size>
         <input_file_ref idref="fl-144"/>
      </object_component>
      <object_component id="oc-214">
         <name>.debug_info</name>
         <load_address>0xdce4</load_address>
         <run_address>0xdce4</run_address>
         <size>0x144</size>
         <input_file_ref idref="fl-150"/>
      </object_component>
      <object_component id="oc-217">
         <name>.debug_info</name>
         <load_address>0xde28</load_address>
         <run_address>0xde28</run_address>
         <size>0x13e</size>
         <input_file_ref idref="fl-157"/>
      </object_component>
      <object_component id="oc-21a">
         <name>.debug_info</name>
         <load_address>0xdf66</load_address>
         <run_address>0xdf66</run_address>
         <size>0x86</size>
         <input_file_ref idref="fl-143"/>
      </object_component>
      <object_component id="oc-222">
         <name>.debug_info</name>
         <load_address>0xdfec</load_address>
         <run_address>0xdfec</run_address>
         <size>0xaf</size>
         <input_file_ref idref="fl-154"/>
      </object_component>
      <object_component id="oc-224">
         <name>.debug_info</name>
         <load_address>0xe09b</load_address>
         <run_address>0xe09b</run_address>
         <size>0xed</size>
         <input_file_ref idref="fl-154"/>
      </object_component>
      <object_component id="oc-229">
         <name>.debug_info</name>
         <load_address>0xe188</load_address>
         <run_address>0xe188</run_address>
         <size>0x86</size>
         <input_file_ref idref="fl-140"/>
      </object_component>
      <object_component id="oc-232">
         <name>.debug_info</name>
         <load_address>0xe20e</load_address>
         <run_address>0xe20e</run_address>
         <size>0x39</size>
         <input_file_ref idref="fl-153"/>
      </object_component>
      <object_component id="oc-237">
         <name>.debug_info</name>
         <load_address>0xe247</load_address>
         <run_address>0xe247</run_address>
         <size>0x1b2</size>
         <input_file_ref idref="fl-140"/>
      </object_component>
      <object_component id="oc-238">
         <name>.debug_info</name>
         <load_address>0xe3f9</load_address>
         <run_address>0xe3f9</run_address>
         <size>0xd3</size>
         <input_file_ref idref="fl-153"/>
      </object_component>
      <object_component id="oc-25e">
         <name>.debug_info</name>
         <load_address>0xe4cc</load_address>
         <run_address>0xe4cc</run_address>
         <size>0x96</size>
      </object_component>
      <object_component id="oc-12">
         <name>.debug_line</name>
         <load_address>0x0</load_address>
         <run_address>0x0</run_address>
         <size>0x4f</size>
         <input_file_ref idref="fl-13a"/>
      </object_component>
      <object_component id="oc-16">
         <name>.debug_line</name>
         <load_address>0x4f</load_address>
         <run_address>0x4f</run_address>
         <size>0x4d</size>
         <input_file_ref idref="fl-13b"/>
      </object_component>
      <object_component id="oc-1a">
         <name>.debug_line</name>
         <load_address>0x9c</load_address>
         <run_address>0x9c</run_address>
         <size>0x4c</size>
         <input_file_ref idref="fl-13d"/>
      </object_component>
      <object_component id="oc-1e">
         <name>.debug_line</name>
         <load_address>0xe8</load_address>
         <run_address>0xe8</run_address>
         <size>0x4c</size>
         <input_file_ref idref="fl-13c"/>
      </object_component>
      <object_component id="oc-23">
         <name>.debug_line</name>
         <load_address>0x134</load_address>
         <run_address>0x134</run_address>
         <size>0x94</size>
         <input_file_ref idref="fl-3"/>
      </object_component>
      <object_component id="oc-28">
         <name>.debug_line</name>
         <load_address>0x1c8</load_address>
         <run_address>0x1c8</run_address>
         <size>0x145</size>
         <input_file_ref idref="fl-6"/>
      </object_component>
      <object_component id="oc-2c">
         <name>.debug_line</name>
         <load_address>0x30d</load_address>
         <run_address>0x30d</run_address>
         <size>0x34</size>
         <input_file_ref idref="fl-3"/>
      </object_component>
      <object_component id="oc-30">
         <name>.debug_line</name>
         <load_address>0x341</load_address>
         <run_address>0x341</run_address>
         <size>0x87</size>
         <input_file_ref idref="fl-149"/>
      </object_component>
      <object_component id="oc-34">
         <name>.debug_line</name>
         <load_address>0x3c8</load_address>
         <run_address>0x3c8</run_address>
         <size>0x42</size>
         <input_file_ref idref="fl-148"/>
      </object_component>
      <object_component id="oc-38">
         <name>.debug_line</name>
         <load_address>0x40a</load_address>
         <run_address>0x40a</run_address>
         <size>0x71</size>
         <input_file_ref idref="fl-13e"/>
      </object_component>
      <object_component id="oc-3f">
         <name>.debug_line</name>
         <load_address>0x47b</load_address>
         <run_address>0x47b</run_address>
         <size>0x88</size>
         <input_file_ref idref="fl-13f"/>
      </object_component>
      <object_component id="oc-44">
         <name>.debug_line</name>
         <load_address>0x503</load_address>
         <run_address>0x503</run_address>
         <size>0x3a</size>
         <input_file_ref idref="fl-13b"/>
      </object_component>
      <object_component id="oc-4a">
         <name>.debug_line</name>
         <load_address>0x53d</load_address>
         <run_address>0x53d</run_address>
         <size>0x34</size>
         <input_file_ref idref="fl-13d"/>
      </object_component>
      <object_component id="oc-4f">
         <name>.debug_line</name>
         <load_address>0x571</load_address>
         <run_address>0x571</run_address>
         <size>0x58</size>
         <input_file_ref idref="fl-13c"/>
      </object_component>
      <object_component id="oc-55">
         <name>.debug_line</name>
         <load_address>0x5c9</load_address>
         <run_address>0x5c9</run_address>
         <size>0x39</size>
         <input_file_ref idref="fl-13c"/>
      </object_component>
      <object_component id="oc-5b">
         <name>.debug_line</name>
         <load_address>0x602</load_address>
         <run_address>0x602</run_address>
         <size>0x610</size>
         <input_file_ref idref="fl-4"/>
      </object_component>
      <object_component id="oc-60">
         <name>.debug_line</name>
         <load_address>0xc12</load_address>
         <run_address>0xc12</run_address>
         <size>0x23e</size>
         <input_file_ref idref="fl-5"/>
      </object_component>
      <object_component id="oc-65">
         <name>.debug_line</name>
         <load_address>0xe50</load_address>
         <run_address>0xe50</run_address>
         <size>0x5d</size>
         <input_file_ref idref="fl-2"/>
      </object_component>
      <object_component id="oc-6a">
         <name>.debug_line</name>
         <load_address>0xead</load_address>
         <run_address>0xead</run_address>
         <size>0x22d</size>
         <input_file_ref idref="fl-8"/>
      </object_component>
      <object_component id="oc-6f">
         <name>.debug_line</name>
         <load_address>0x10da</load_address>
         <run_address>0x10da</run_address>
         <size>0x6b</size>
         <input_file_ref idref="fl-7"/>
      </object_component>
      <object_component id="oc-74">
         <name>.debug_line</name>
         <load_address>0x1145</load_address>
         <run_address>0x1145</run_address>
         <size>0x4d</size>
         <input_file_ref idref="fl-140"/>
      </object_component>
      <object_component id="oc-83">
         <name>.debug_line</name>
         <load_address>0x1192</load_address>
         <run_address>0x1192</run_address>
         <size>0x59</size>
         <input_file_ref idref="fl-2"/>
      </object_component>
      <object_component id="oc-88">
         <name>.debug_line</name>
         <load_address>0x11eb</load_address>
         <run_address>0x11eb</run_address>
         <size>0x20</size>
         <input_file_ref idref="fl-2"/>
      </object_component>
      <object_component id="oc-8c">
         <name>.debug_line</name>
         <load_address>0x120b</load_address>
         <run_address>0x120b</run_address>
         <size>0x34</size>
         <input_file_ref idref="fl-3"/>
      </object_component>
      <object_component id="oc-8f">
         <name>.debug_line</name>
         <load_address>0x123f</load_address>
         <run_address>0x123f</run_address>
         <size>0x43</size>
         <input_file_ref idref="fl-14a"/>
      </object_component>
      <object_component id="oc-95">
         <name>.debug_line</name>
         <load_address>0x1282</load_address>
         <run_address>0x1282</run_address>
         <size>0x20</size>
         <input_file_ref idref="fl-140"/>
      </object_component>
      <object_component id="oc-9f">
         <name>.debug_line</name>
         <load_address>0x12a2</load_address>
         <run_address>0x12a2</run_address>
         <size>0x20</size>
         <input_file_ref idref="fl-13b"/>
      </object_component>
      <object_component id="oc-a3">
         <name>.debug_line</name>
         <load_address>0x12c2</load_address>
         <run_address>0x12c2</run_address>
         <size>0x33</size>
         <input_file_ref idref="fl-141"/>
      </object_component>
      <object_component id="oc-a6">
         <name>.debug_line</name>
         <load_address>0x12f5</load_address>
         <run_address>0x12f5</run_address>
         <size>0x20</size>
         <input_file_ref idref="fl-141"/>
      </object_component>
      <object_component id="oc-ac">
         <name>.debug_line</name>
         <load_address>0x1315</load_address>
         <run_address>0x1315</run_address>
         <size>0x44</size>
         <input_file_ref idref="fl-13b"/>
      </object_component>
      <object_component id="oc-b2">
         <name>.debug_line</name>
         <load_address>0x1359</load_address>
         <run_address>0x1359</run_address>
         <size>0x44</size>
         <input_file_ref idref="fl-13c"/>
      </object_component>
      <object_component id="oc-b9">
         <name>.debug_line</name>
         <load_address>0x139d</load_address>
         <run_address>0x139d</run_address>
         <size>0x20</size>
         <input_file_ref idref="fl-13c"/>
      </object_component>
      <object_component id="oc-bd">
         <name>.debug_line</name>
         <load_address>0x13bd</load_address>
         <run_address>0x13bd</run_address>
         <size>0x20</size>
         <input_file_ref idref="fl-13c"/>
      </object_component>
      <object_component id="oc-c0">
         <name>.debug_line</name>
         <load_address>0x13dd</load_address>
         <run_address>0x13dd</run_address>
         <size>0x70</size>
         <input_file_ref idref="fl-e"/>
      </object_component>
      <object_component id="oc-c6">
         <name>.debug_line</name>
         <load_address>0x144d</load_address>
         <run_address>0x144d</run_address>
         <size>0x6c</size>
         <input_file_ref idref="fl-4"/>
      </object_component>
      <object_component id="oc-cd">
         <name>.debug_line</name>
         <load_address>0x14b9</load_address>
         <run_address>0x14b9</run_address>
         <size>0x6c</size>
         <input_file_ref idref="fl-4"/>
      </object_component>
      <object_component id="oc-d4">
         <name>.debug_line</name>
         <load_address>0x1525</load_address>
         <run_address>0x1525</run_address>
         <size>0x6c</size>
         <input_file_ref idref="fl-4"/>
      </object_component>
      <object_component id="oc-de">
         <name>.debug_line</name>
         <load_address>0x1591</load_address>
         <run_address>0x1591</run_address>
         <size>0x6d</size>
         <input_file_ref idref="fl-d"/>
      </object_component>
      <object_component id="oc-e3">
         <name>.debug_line</name>
         <load_address>0x15fe</load_address>
         <run_address>0x15fe</run_address>
         <size>0x6c</size>
         <input_file_ref idref="fl-f"/>
      </object_component>
      <object_component id="oc-e8">
         <name>.debug_line</name>
         <load_address>0x166a</load_address>
         <run_address>0x166a</run_address>
         <size>0x80</size>
         <input_file_ref idref="fl-f"/>
      </object_component>
      <object_component id="oc-ed">
         <name>.debug_line</name>
         <load_address>0x16ea</load_address>
         <run_address>0x16ea</run_address>
         <size>0x6c</size>
         <input_file_ref idref="fl-f"/>
      </object_component>
      <object_component id="oc-f2">
         <name>.debug_line</name>
         <load_address>0x1756</load_address>
         <run_address>0x1756</run_address>
         <size>0x6c</size>
         <input_file_ref idref="fl-f"/>
      </object_component>
      <object_component id="oc-f7">
         <name>.debug_line</name>
         <load_address>0x17c2</load_address>
         <run_address>0x17c2</run_address>
         <size>0x6c</size>
         <input_file_ref idref="fl-f"/>
      </object_component>
      <object_component id="oc-fd">
         <name>.debug_line</name>
         <load_address>0x182e</load_address>
         <run_address>0x182e</run_address>
         <size>0x6b</size>
         <input_file_ref idref="fl-f"/>
      </object_component>
      <object_component id="oc-102">
         <name>.debug_line</name>
         <load_address>0x1899</load_address>
         <run_address>0x1899</run_address>
         <size>0x6b</size>
         <input_file_ref idref="fl-f"/>
      </object_component>
      <object_component id="oc-107">
         <name>.debug_line</name>
         <load_address>0x1904</load_address>
         <run_address>0x1904</run_address>
         <size>0xc8</size>
         <input_file_ref idref="fl-d"/>
      </object_component>
      <object_component id="oc-10f">
         <name>.debug_line</name>
         <load_address>0x19cc</load_address>
         <run_address>0x19cc</run_address>
         <size>0x32</size>
         <input_file_ref idref="fl-8"/>
      </object_component>
      <object_component id="oc-117">
         <name>.debug_line</name>
         <load_address>0x19fe</load_address>
         <run_address>0x19fe</run_address>
         <size>0x42</size>
         <input_file_ref idref="fl-143"/>
      </object_component>
      <object_component id="oc-11b">
         <name>.debug_line</name>
         <load_address>0x1a40</load_address>
         <run_address>0x1a40</run_address>
         <size>0x42</size>
         <input_file_ref idref="fl-142"/>
      </object_component>
      <object_component id="oc-11f">
         <name>.debug_line</name>
         <load_address>0x1a82</load_address>
         <run_address>0x1a82</run_address>
         <size>0x42</size>
         <input_file_ref idref="fl-144"/>
      </object_component>
      <object_component id="oc-123">
         <name>.debug_line</name>
         <load_address>0x1ac4</load_address>
         <run_address>0x1ac4</run_address>
         <size>0x3b</size>
         <input_file_ref idref="fl-152"/>
      </object_component>
      <object_component id="oc-127">
         <name>.debug_line</name>
         <load_address>0x1aff</load_address>
         <run_address>0x1aff</run_address>
         <size>0x43</size>
         <input_file_ref idref="fl-145"/>
      </object_component>
      <object_component id="oc-12d">
         <name>.debug_line</name>
         <load_address>0x1b42</load_address>
         <run_address>0x1b42</run_address>
         <size>0x33</size>
         <input_file_ref idref="fl-6"/>
      </object_component>
      <object_component id="oc-130">
         <name>.debug_line</name>
         <load_address>0x1b75</load_address>
         <run_address>0x1b75</run_address>
         <size>0x34</size>
         <input_file_ref idref="fl-6"/>
      </object_component>
      <object_component id="oc-134">
         <name>.debug_line</name>
         <load_address>0x1ba9</load_address>
         <run_address>0x1ba9</run_address>
         <size>0x33</size>
         <input_file_ref idref="fl-6"/>
      </object_component>
      <object_component id="oc-137">
         <name>.debug_line</name>
         <load_address>0x1bdc</load_address>
         <run_address>0x1bdc</run_address>
         <size>0x54</size>
         <input_file_ref idref="fl-6"/>
      </object_component>
      <object_component id="oc-13b">
         <name>.debug_line</name>
         <load_address>0x1c30</load_address>
         <run_address>0x1c30</run_address>
         <size>0x33</size>
         <input_file_ref idref="fl-6"/>
      </object_component>
      <object_component id="oc-13e">
         <name>.debug_line</name>
         <load_address>0x1c63</load_address>
         <run_address>0x1c63</run_address>
         <size>0x52</size>
         <input_file_ref idref="fl-6"/>
      </object_component>
      <object_component id="oc-142">
         <name>.debug_line</name>
         <load_address>0x1cb5</load_address>
         <run_address>0x1cb5</run_address>
         <size>0x33</size>
         <input_file_ref idref="fl-6"/>
      </object_component>
      <object_component id="oc-144">
         <name>.debug_line</name>
         <load_address>0x1ce8</load_address>
         <run_address>0x1ce8</run_address>
         <size>0xfa</size>
         <input_file_ref idref="fl-6"/>
      </object_component>
      <object_component id="oc-149">
         <name>.debug_line</name>
         <load_address>0x1de2</load_address>
         <run_address>0x1de2</run_address>
         <size>0x60</size>
         <input_file_ref idref="fl-147"/>
      </object_component>
      <object_component id="oc-14c">
         <name>.debug_line</name>
         <load_address>0x1e42</load_address>
         <run_address>0x1e42</run_address>
         <size>0x2b</size>
         <input_file_ref idref="fl-147"/>
      </object_component>
      <object_component id="oc-14f">
         <name>.debug_line</name>
         <load_address>0x1e6d</load_address>
         <run_address>0x1e6d</run_address>
         <size>0x2a</size>
         <input_file_ref idref="fl-13e"/>
      </object_component>
      <object_component id="oc-152">
         <name>.debug_line</name>
         <load_address>0x1e97</load_address>
         <run_address>0x1e97</run_address>
         <size>0x20</size>
         <input_file_ref idref="fl-13b"/>
      </object_component>
      <object_component id="oc-154">
         <name>.debug_line</name>
         <load_address>0x1eb7</load_address>
         <run_address>0x1eb7</run_address>
         <size>0x20</size>
         <input_file_ref idref="fl-13d"/>
      </object_component>
      <object_component id="oc-158">
         <name>.debug_line</name>
         <load_address>0x1ed7</load_address>
         <run_address>0x1ed7</run_address>
         <size>0x5e</size>
         <input_file_ref idref="fl-d"/>
      </object_component>
      <object_component id="oc-15d">
         <name>.debug_line</name>
         <load_address>0x1f35</load_address>
         <run_address>0x1f35</run_address>
         <size>0x55</size>
         <input_file_ref idref="fl-4"/>
      </object_component>
      <object_component id="oc-160">
         <name>.debug_line</name>
         <load_address>0x1f8a</load_address>
         <run_address>0x1f8a</run_address>
         <size>0x54</size>
         <input_file_ref idref="fl-4"/>
      </object_component>
      <object_component id="oc-164">
         <name>.debug_line</name>
         <load_address>0x1fde</load_address>
         <run_address>0x1fde</run_address>
         <size>0x54</size>
         <input_file_ref idref="fl-5"/>
      </object_component>
      <object_component id="oc-167">
         <name>.debug_line</name>
         <load_address>0x2032</load_address>
         <run_address>0x2032</run_address>
         <size>0x54</size>
         <input_file_ref idref="fl-5"/>
      </object_component>
      <object_component id="oc-16c">
         <name>.debug_line</name>
         <load_address>0x2086</load_address>
         <run_address>0x2086</run_address>
         <size>0x52</size>
         <input_file_ref idref="fl-5"/>
      </object_component>
      <object_component id="oc-173">
         <name>.debug_line</name>
         <load_address>0x20d8</load_address>
         <run_address>0x20d8</run_address>
         <size>0x85</size>
         <input_file_ref idref="fl-f"/>
      </object_component>
      <object_component id="oc-178">
         <name>.debug_line</name>
         <load_address>0x215d</load_address>
         <run_address>0x215d</run_address>
         <size>0x6e</size>
         <input_file_ref idref="fl-f"/>
      </object_component>
      <object_component id="oc-189">
         <name>.debug_line</name>
         <load_address>0x21cb</load_address>
         <run_address>0x21cb</run_address>
         <size>0x32</size>
         <input_file_ref idref="fl-8"/>
      </object_component>
      <object_component id="oc-18b">
         <name>.debug_line</name>
         <load_address>0x21fd</load_address>
         <run_address>0x21fd</run_address>
         <size>0x82</size>
         <input_file_ref idref="fl-8"/>
      </object_component>
      <object_component id="oc-18d">
         <name>.debug_line</name>
         <load_address>0x227f</load_address>
         <run_address>0x227f</run_address>
         <size>0x20</size>
         <input_file_ref idref="fl-7"/>
      </object_component>
      <object_component id="oc-190">
         <name>.debug_line</name>
         <load_address>0x229f</load_address>
         <run_address>0x229f</run_address>
         <size>0x47</size>
         <input_file_ref idref="fl-155"/>
      </object_component>
      <object_component id="oc-199">
         <name>.debug_line</name>
         <load_address>0x22e6</load_address>
         <run_address>0x22e6</run_address>
         <size>0x45</size>
         <input_file_ref idref="fl-150"/>
      </object_component>
      <object_component id="oc-1a0">
         <name>.debug_line</name>
         <load_address>0x232b</load_address>
         <run_address>0x232b</run_address>
         <size>0x44</size>
         <input_file_ref idref="fl-157"/>
      </object_component>
      <object_component id="oc-1a5">
         <name>.debug_line</name>
         <load_address>0x236f</load_address>
         <run_address>0x236f</run_address>
         <size>0x56</size>
         <input_file_ref idref="fl-151"/>
      </object_component>
      <object_component id="oc-1a9">
         <name>.debug_line</name>
         <load_address>0x23c5</load_address>
         <run_address>0x23c5</run_address>
         <size>0xd2</size>
         <input_file_ref idref="fl-14c"/>
      </object_component>
      <object_component id="oc-1ad">
         <name>.debug_line</name>
         <load_address>0x2497</load_address>
         <run_address>0x2497</run_address>
         <size>0xa8</size>
         <input_file_ref idref="fl-14d"/>
      </object_component>
      <object_component id="oc-1b1">
         <name>.debug_line</name>
         <load_address>0x253f</load_address>
         <run_address>0x253f</run_address>
         <size>0x8e</size>
         <input_file_ref idref="fl-14e"/>
      </object_component>
      <object_component id="oc-1b5">
         <name>.debug_line</name>
         <load_address>0x25cd</load_address>
         <run_address>0x25cd</run_address>
         <size>0x58</size>
         <input_file_ref idref="fl-14f"/>
[...]
               <logical_group_ref idref="lg-d"/>
            </allocated_space>
            <available_space>
               <start_address>0x200005c0</start_address>
               <size>0x7a40</size>
            </available_space>
         </usage_details>
      </memory_area>
   </placement_map>
   <cptbl_list>
      <cptbl>
         <name>__TI_cinit_table</name>
         <cprec>
            <name>.data</name>
            <load_address>0x3d88</load_address>
            <load_size>0x38</load_size>
            <run_address>0x20000388</run_address>
            <run_size>0x138</run_size>
            <compression>rle</compression>
         </cprec>
         <cprec>
            <name>.bss</name>
            <load_address>0x3dd0</load_address>
            <load_size>0x8</load_size>
            <run_address>0x20000000</run_address>
            <run_size>0x388</run_size>
            <compression>zero_init</compression>
         </cprec>
      </cptbl>
   </cptbl_list>
   <handler_table>
      <handler_table_name>__TI_handler_table</handler_table_name>
      <handler>
         <index>0x0</index>
         <name>__TI_decompress_rle24</name>
      </handler>
      <handler>
         <index>0x1</index>
         <name>__TI_decompress_none</name>
      </handler>
      <handler>
         <index>0x2</index>
         <name>__TI_zero_init</name>
      </handler>
   </handler_table>
   <symbol_table>
      <symbol id="sm-1">
         <name>__STACK_TOP</name>
         <value>0x200006c0</value>
      </symbol>
      <symbol id="sm-2">
         <name>__TI_CINIT_Base</name>
         <value>0x3dd8</value>
      </symbol>
      <symbol id="sm-3">
         <name>__TI_CINIT_Limit</name>
         <value>0x3de8</value>
      </symbol>
      <symbol id="sm-4">
         <name>__TI_Handler_Table_Base</name>
         <value>0x3dc0</value>
      </symbol>
      <symbol id="sm-5">
         <name>__TI_Handler_Table_Limit</name>
         <value>0x3dcc</value>
      </symbol>
      <symbol id="sm-6">
         <name>binit</name>
         <value>0xffffffff</value>
      </symbol>
      <symbol id="sm-7">
         <name>__binit__</name>
         <value>0xffffffff</value>
      </symbol>
      <symbol id="sm-8">
         <name>__STACK_SIZE</name>
         <value>0x100</value>
      </symbol>
      <symbol id="sm-9">
         <name>__STACK_END</name>
         <value>0x200005c0</value>
      </symbol>
      <symbol id="sm-a">
         <name>__c_args__</name>
         <value>0xffffffff</value>
      </symbol>
      <symbol id="sm-39">
         <name>PortFunctionInit</name>
         <value>0x3135</value>
         <object_component_ref idref="oc-63"/>
      </symbol>
      <symbol id="sm-59">
         <name>ResetISR</name>
         <value>0x3829</value>
         <object_component_ref idref="oc-21"/>
      </symbol>
      <symbol id="sm-5a">
         <name>g_pfnVectors</name>
         <value>0x0</value>
         <object_component_ref idref="oc-e"/>
      </symbol>
      <symbol id="sm-136">
         <name>I2CMWrite8</name>
         <value>0xcf5</value>
         <object_component_ref idref="oc-59"/>
      </symbol>
      <symbol id="sm-137">
         <name>I2CMRead16BE</name>
         <value>0xdbf</value>
         <object_component_ref idref="oc-59"/>
      </symbol>
      <symbol id="sm-138">
         <name>I2CMWrite16BE</name>
         <value>0xe83</value>
         <object_component_ref idref="oc-59"/>
      </symbol>
      <symbol id="sm-139">
         <name>I2CMCommand</name>
         <value>0x8e9</value>
         <object_component_ref idref="oc-59"/>
      </symbol>
      <symbol id="sm-13a">
         <name>I2CMReadModifyWrite16LE</name>
         <value>0xbed</value>
         <object_component_ref idref="oc-59"/>
      </symbol>
      <symbol id="sm-13b">
         <name>I2CMWrite</name>
         <value>0x362f</value>
         <object_component_ref idref="oc-c3"/>
      </symbol>
      <symbol id="sm-13c">
         <name>I2CMInit</name>
         <value>0x883</value>
         <object_component_ref idref="oc-59"/>
      </symbol>
      <symbol id="sm-13d">
         <name>I2CMReadModifyWrite8</name>
         <value>0xaa1</value>
         <object_component_ref idref="oc-59"/>
      </symbol>
      <symbol id="sm-13e">
         <name>I2CMWriteBatched</name>
         <value>0x3665</value>
         <object_component_ref idref="oc-d1"/>
      </symbol>
      <symbol id="sm-13f">
         <name>I2CMRead</name>
         <value>0x35f9</value>
         <object_component_ref idref="oc-ca"/>
      </symbol>
      <symbol id="sm-140">
         <name>I2CMTransferResume</name>
         <value>0x9c5</value>
         <object_component_ref idref="oc-59"/>
      </symbol>
      <symbol id="sm-141">
         <name>I2CMIntHandler</name>
         <value>0x75f</value>
         <object_component_ref idref="oc-59"/>
      </symbol>
      <symbol id="sm-199">
         <name>BMP180DataPressureGetFloat</name>
         <value>0x14b5</value>
         <object_component_ref idref="oc-5e"/>
      </symbol>
      <symbol id="sm-19a">
         <name>BMP180DataPressureGetRaw</name>
         <value>0x1487</value>
         <object_component_ref idref="oc-5e"/>
      </symbol>
      <symbol id="sm-19b">
         <name>BMP180DataTemperatureGetRaw</name>
         <value>0x17af</value>
         <object_component_ref idref="oc-5e"/>
      </symbol>
      <symbol id="sm-19c">
         <name>BMP180ReadModifyWrite</name>
         <value>0x13c5</value>
         <object_component_ref idref="oc-5e"/>
      </symbol>
      <symbol id="sm-19d">
         <name>BMP180Write</name>
         <value>0x1343</value>
         <object_component_ref idref="oc-5e"/>
      </symbol>
      <symbol id="sm-19e">
         <name>BMP180DataTemperatureGetFloat</name>
         <value>0x17cb</value>
         <object_component_ref idref="oc-5e"/>
      </symbol>
      <symbol id="sm-19f">
         <name>BMP180Read</name>
         <value>0x12db</value>
         <object_component_ref idref="oc-5e"/>
      </symbol>
      <symbol id="sm-1a0">
         <name>BMP180DataRead</name>
         <value>0x1423</value>
         <object_component_ref idref="oc-5e"/>
      </symbol>
      <symbol id="sm-1a1">
         <name>BMP180Init</name>
         <value>0x126d</value>
         <object_component_ref idref="oc-5e"/>
      </symbol>
      <symbol id="sm-228">
         <name>SysTickIntHandler</name>
         <value>0x2301</value>
         <object_component_ref idref="oc-26"/>
      </symbol>
      <symbol id="sm-229">
         <name>g_sBMP180Inst</name>
         <value>0x20000324</value>
         <object_component_ref idref="oc-7a"/>
      </symbol>
      <symbol id="sm-22a">
         <name>g_vui8DataFlag</name>
         <value>0x2000037c</value>
         <object_component_ref idref="oc-76"/>
      </symbol>
      <symbol id="sm-22b">
         <name>g_sI2CInst</name>
         <value>0x20000200</value>
         <object_component_ref idref="oc-78"/>
      </symbol>
      <symbol id="sm-22c">
         <name>Alt_KState</name>
         <value>0x20000368</value>
         <object_component_ref idref="oc-76"/>
      </symbol>
      <symbol id="sm-22d">
         <name>gears_logo</name>
         <value>0x384c</value>
         <object_component_ref idref="oc-7c"/>
      </symbol>
      <symbol id="sm-22e">
         <name>main</name>
         <value>0x230f</value>
         <object_component_ref idref="oc-26"/>
      </symbol>
      <symbol id="sm-22f">
         <name>BMP180AppCallback</name>
         <value>0x22e1</value>
         <object_component_ref idref="oc-26"/>
      </symbol>
      <symbol id="sm-230">
         <name>BMP180I2CIntHandler</name>
         <value>0x22f7</value>
         <object_component_ref idref="oc-26"/>
      </symbol>
      <symbol id="sm-23d">
         <name>Kalman_Init</name>
         <value>0x2fe1</value>
         <object_component_ref idref="oc-6d"/>
      </symbol>
      <symbol id="sm-23e">
         <name>Kalman_Update</name>
         <value>0x3013</value>
         <object_component_ref idref="oc-6d"/>
      </symbol>
      <symbol id="sm-29b">
         <name>Nokia5110_SetCursor</name>
         <value>0x1bdf</value>
         <object_component_ref idref="oc-68"/>
      </symbol>
      <symbol id="sm-29c">
         <name>Nokia5110_Init</name>
         <value>0x18fb</value>
         <object_component_ref idref="oc-68"/>
      </symbol>
      <symbol id="sm-29d">
         <name>Nokia5110_DrawFullImage</name>
         <value>0x1c51</value>
         <object_component_ref idref="oc-68"/>
      </symbol>
      <symbol id="sm-29e">
         <name>Nokia5110_OutString</name>
         <value>0x19d1</value>
         <object_component_ref idref="oc-68"/>
      </symbol>
      <symbol id="sm-29f">
         <name>Nokia5110_OutUDec_NoSpace</name>
         <value>0x1c95</value>
         <object_component_ref idref="oc-68"/>
      </symbol>
      <symbol id="sm-2a0">
         <name>Nokia5110_OutFloatp3</name>
         <value>0x1e5b</value>
         <object_component_ref idref="oc-68"/>
      </symbol>
      <symbol id="sm-2a1">
         <name>Nokia5110_OutUDec</name>
         <value>0x1a01</value>
         <object_component_ref idref="oc-68"/>
      </symbol>
      <symbol id="sm-2a2">
         <name>Nokia5110_OutChar</name>
         <value>0x198b</value>
         <object_component_ref idref="oc-68"/>
      </symbol>
      <symbol id="sm-2a3">
         <name>Nokia5110_Clear</name>
         <value>0x1c1f</value>
         <object_component_ref idref="oc-68"/>
      </symbol>
      <symbol id="sm-2d8">
         <name>SysCtlPeripheralEnable</name>
         <value>0x369d</value>
         <object_component_ref idref="oc-dc"/>
      </symbol>
      <symbol id="sm-2d9">
         <name>SysCtlClockGet</name>
         <value>0x2da5</value>
         <object_component_ref idref="oc-105"/>
      </symbol>
      <symbol id="sm-2e7">
         <name>IntTrigger</name>
         <value>0x381d</value>
         <object_component_ref idref="oc-be"/>
      </symbol>
      <symbol id="sm-335">
         <name>GPIOPinConfigure</name>
         <value>0x346d</value>
         <object_component_ref idref="oc-e6"/>
      </symbol>
      <symbol id="sm-336">
         <name>GPIOPinTypeI2CSCL</name>
         <value>0x37d9</value>
         <object_component_ref idref="oc-eb"/>
      </symbol>
      <symbol id="sm-337">
         <name>GPIOPinTypeI2C</name>
         <value>0x37c7</value>
         <object_component_ref idref="oc-f0"/>
      </symbol>
      <symbol id="sm-338">
         <name>GPIOPinTypeGPIOOutput</name>
         <value>0x37b5</value>
         <object_component_ref idref="oc-e1"/>
      </symbol>
      <symbol id="sm-339">
         <name>GPIOPinRead</name>
         <value>0x3835</value>
         <object_component_ref idref="oc-fb"/>
      </symbol>
      <symbol id="sm-33a">
         <name>GPIODirModeSet</name>
         <value>0x375f</value>
         <object_component_ref idref="oc-176"/>
      </symbol>
      <symbol id="sm-33b">
         <name>GPIOPinWrite</name>
         <value>0x383b</value>
         <object_component_ref idref="oc-100"/>
      </symbol>
      <symbol id="sm-33c">
         <name>GPIOPadConfigSet</name>
         <value>0x2f29</value>
         <object_component_ref idref="oc-171"/>
      </symbol>
      <symbol id="sm-33d">
         <name>GPIOPinTypeSSI</name>
         <value>0x37eb</value>
         <object_component_ref idref="oc-f5"/>
      </symbol>
      <symbol id="sm-34d">
         <name>_c_int00</name>
         <value>0x34b5</value>
         <object_component_ref idref="oc-10"/>
      </symbol>
      <symbol id="sm-34e">
         <name>__stack</name>
         <value>0x200004c0</value>
         <object_component_ref idref="oc-20"/>
      </symbol>
      <symbol id="sm-368">
         <name>__TI_decompress_none</name>
         <value>0x380f</value>
         <object_component_ref idref="oc-14"/>
      </symbol>
      <symbol id="sm-392">
         <name>__TI_decompress_rle24</name>
         <value>0x3841</value>
         <object_component_ref idref="oc-1c"/>
      </symbol>
      <symbol id="sm-3a4">
         <name>__TI_zero_init</name>
         <value>0x37fd</value>
         <object_component_ref idref="oc-18"/>
      </symbol>
      <symbol id="sm-3bf">
         <name>C$$EXIT</name>
         <value>0x3541</value>
         <object_component_ref idref="oc-36"/>
      </symbol>
      <symbol id="sm-3c0">
         <name>_dtors_ptr</name>
         <value>0x200004ac</value>
         <object_component_ref idref="oc-9a"/>
      </symbol>
      <symbol id="sm-3c1">
         <name>abort</name>
         <value>0x3545</value>
         <object_component_ref idref="oc-36"/>
      </symbol>
      <symbol id="sm-3c2">
         <name>_cleanup_ptr</name>
         <value>0x200004a8</value>
         <object_component_ref idref="oc-9a"/>
      </symbol>
      <symbol id="sm-3c3">
         <name>exit</name>
         <value>0x354d</value>
         <object_component_ref idref="oc-36"/>
      </symbol>
      <symbol id="sm-3d8">
         <name>memcpy</name>
         <value>0x3099</value>
         <object_component_ref idref="oc-3d"/>
      </symbol>
      <symbol id="sm-3d9">
         <name>__aeabi_memcpy</name>
         <value>0x3099</value>
         <object_component_ref idref="oc-3d"/>
      </symbol>
      <symbol id="sm-3da">
         <name>__aeabi_memcpy8</name>
         <value>0x3099</value>
         <object_component_ref idref="oc-3d"/>
      </symbol>
      <symbol id="sm-3db">
         <name>__aeabi_memcpy4</name>
         <value>0x3099</value>
         <object_component_ref idref="oc-3d"/>
      </symbol>
      <symbol id="sm-425">
         <name>powf</name>
         <value>0x1ef1</value>
         <object_component_ref idref="oc-72"/>
      </symbol>
      <symbol id="sm-431">
         <name>main_func_sp</name>
         <value>0x200004bc</value>
         <object_component_ref idref="oc-3a"/>
      </symbol>
      <symbol id="sm-449">
         <name>_FDint</name>
         <value>0x3265</value>
         <object_component_ref idref="oc-119"/>
      </symbol>
      <symbol id="sm-460">
         <name>_FDunscale</name>
         <value>0x33cf</value>
         <object_component_ref idref="oc-115"/>
      </symbol>
      <symbol id="sm-47a">
         <name>_Feraise</name>
         <value>0x3701</value>
         <object_component_ref idref="oc-11d"/>
      </symbol>
      <symbol id="sm-4a6">
         <name>_FExp</name>
         <value>0x2879</value>
         <object_component_ref idref="oc-125"/>
      </symbol>
      <symbol id="sm-4b4">
         <name>_FZero</name>
         <value>0x2000049c</value>
         <object_component_ref idref="oc-129"/>
      </symbol>
      <symbol id="sm-4b5">
         <name>_FRteps</name>
         <value>0x20000488</value>
         <object_component_ref idref="oc-129"/>
      </symbol>
      <symbol id="sm-4b6">
         <name>_FSnan</name>
         <value>0x20000478</value>
         <object_component_ref idref="oc-129"/>
      </symbol>
      <symbol id="sm-4b7">
         <name>_FNan</name>
         <value>0x20000468</value>
         <object_component_ref idref="oc-129"/>
      </symbol>
      <symbol id="sm-4b8">
         <name>_FInf</name>
         <value>0x20000458</value>
         <object_component_ref idref="oc-129"/>
      </symbol>
      <symbol id="sm-4b9">
         <name>_FEps</name>
         <value>0x20000448</value>
         <object_component_ref idref="oc-129"/>
      </symbol>
      <symbol id="sm-4ba">
         <name>_FXbig</name>
         <value>0x20000498</value>
         <object_component_ref idref="oc-129"/>
      </symbol>
      <symbol id="sm-4bb">
         <name>_FDenorm</name>
         <value>0x20000438</value>
         <object_component_ref idref="oc-129"/>
      </symbol>
      <symbol id="sm-4d0">
         <name>_nop</name>
         <value>0x37af</value>
         <object_component_ref idref="oc-147"/>
      </symbol>
      <symbol id="sm-4d1">
         <name>_lock</name>
         <value>0x200004a0</value>
         <object_component_ref idref="oc-98"/>
      </symbol>
      <symbol id="sm-4d2">
         <name>_unlock</name>
         <value>0x200004a4</value>
         <object_component_ref idref="oc-98"/>
      </symbol>
      <symbol id="sm-4d3">
         <name>_register_lock</name>
         <value>0x37a7</value>
         <object_component_ref idref="oc-147"/>
      </symbol>
      <symbol id="sm-4d4">
         <name>_register_unlock</name>
         <value>0x37a1</value>
         <object_component_ref idref="oc-147"/>
      </symbol>
      <symbol id="sm-4de">
         <name>_args_main</name>
         <value>0x3789</value>
         <object_component_ref idref="oc-32"/>
      </symbol>
      <symbol id="sm-4f8">
         <name>__TI_auto_init</name>
         <value>0x31d1</value>
         <object_component_ref idref="oc-2e"/>
      </symbol>
      <symbol id="sm-50f">
         <name>copy_in</name>
         <value>0x34fd</value>
         <object_component_ref idref="oc-8d"/>
      </symbol>
      <symbol id="sm-516">
         <name>_Errno</name>
         <value>0x200004b8</value>
         <object_component_ref idref="oc-19b"/>
      </symbol>
      <symbol id="sm-52c">
         <name>__aeabi_dsub</name>
         <value>0x26c1</value>
         <object_component_ref idref="oc-1a7"/>
      </symbol>
      <symbol id="sm-52d">
         <name>__aeabi_dadd</name>
         <value>0x26cb</value>
         <object_component_ref idref="oc-1a7"/>
      </symbol>
      <symbol id="sm-53f">
         <name>__aeabi_ddiv</name>
         <value>0x2b71</value>
         <object_component_ref idref="oc-1ab"/>
      </symbol>
      <symbol id="sm-549">
         <name>__aeabi_dmul</name>
         <value>0x2ca7</value>
         <object_component_ref idref="oc-1af"/>
      </symbol>
      <symbol id="sm-552">
         <name>__aeabi_d2f</name>
         <value>0x3423</value>
         <object_component_ref idref="oc-1b3"/>
      </symbol>
      <symbol id="sm-567">
         <name>feraiseexcept</name>
         <value>0x36d1</value>
         <object_component_ref idref="oc-197"/>
      </symbol>
      <symbol id="sm-568">
         <name>_Tls_setup__Fenv</name>
         <value>0x200004b4</value>
         <object_component_ref idref="oc-1ed"/>
      </symbol>
      <symbol id="sm-569">
         <name>_Fenv</name>
         <value>0x200004b0</value>
         <object_component_ref idref="oc-1ed"/>
      </symbol>
      <symbol id="sm-573">
         <name>__aeabi_f2d</name>
         <value>0x35c1</value>
         <object_component_ref idref="oc-1a3"/>
      </symbol>
      <symbol id="sm-57b">
         <name>logf</name>
         <value>0x3847</value>
         <object_component_ref idref="oc-121"/>
      </symbol>
      <symbol id="sm-58d">
         <name>raise</name>
         <value>0x3731</value>
         <object_component_ref idref="oc-1e9"/>
      </symbol>
      <symbol id="sm-5a4">
         <name>signal</name>
         <value>0x3581</value>
         <object_component_ref idref="oc-208"/>
      </symbol>
      <symbol id="sm-5b6">
         <name>_FDnorm</name>
         <value>0x32f5</value>
         <object_component_ref idref="oc-18e"/>
      </symbol>
      <symbol id="sm-5ce">
         <name>_FDscale</name>
         <value>0x2e69</value>
         <object_component_ref idref="oc-1b7"/>
      </symbol>
      <symbol id="sm-602">
         <name>_FLog</name>
         <value>0x29f9</value>
         <object_component_ref idref="oc-19e"/>
      </symbol>
      <symbol id="sm-603">
         <name>__TI_static_base__</name>
         <value>0x0</value>
      </symbol>
      <symbol id="sm-604">
         <name>__TI_args_main</name>
         <value>0x1</value>
      </symbol>
      <symbol id="sm-605">
         <name>SHT$$INIT_ARRAY$$Limit</name>
         <value>0x0</value>
      </symbol>
      <symbol id="sm-606">
         <name>SHT$$INIT_ARRAY$$Base</name>
         <value>0x0</value>
      </symbol>
   </symbol_table>
</link_info>
