******************************************************************************
                  TI ARM Linker PC v5.0.4                      
******************************************************************************
>> Linked Thu Nov 28 01:43:54 2013

OUTPUT FILE NAME:   <WRFL_Proto.out>
ENTRY POINT SYMBOL: "_c_int00"  address: 000032f1


MEMORY CONFIGURATION

         name            origin    length      used     unused   attr    fill
----------------------  --------  ---------  --------  --------  ----  --------
  FLASH                 00000000   00040000  00003c88  0003c378  R  X
  SRAM                  20000000   00008000  000003a4  00007c5c  RW X


SEGMENT ALLOCATION MAP

run origin  load origin   length   init length attrs members
----------  ----------- ---------- ----------- ----- -------
00000000    00000000    00003c88   00003c88    r-x
  00000000    00000000    0000026c   0000026c    r-- .intvecs
  0000026c    0000026c    00003484   00003484    r-x .text
  000036f0    000036f0    00000538   00000538    r-- .const
  00003c28    00003c28    00000060   00000060    r-- .cinit
20000000    20000000    0000016c   00000000    rw-
  20000000    20000000    0000016c   00000000    rw- .bss
20000170    20000170    00000238   00000138    rw-
  20000170    20000170    00000138   00000138    rw- .data
  200002a8    200002a8    00000100   00000000    rw- .stack


SECTION ALLOCATION MAP

 output                                  attributes/
section   page    origin      length       input sections
--------  ----  ----------  ----------   ----------------
.intvecs   0    00000000    0000026c     
                  00000000    0000026c     startup_ccs.obj (.intvecs)

.init_array 
*          0    00000000    00000000     UNINITIALIZED

.text      0    0000026c    00003484     
                  0000026c    00000c8c     i2cm_drv.obj (.text)
                  00000ef8    000009b0     bmp180.obj (.text)
                  000018a8    00000586     Nokia5110.obj (.text)
                  00001e2e    00000002     --HOLE-- [fill = 0]
                  00001e30    000003f0     rtsv7M4_T_le_v4SPD16_eabi.lib : powf.obj (.text)
                  00002220    00000394     main.obj (.text)
                  000025b4    000001b6     rtsv7M4_T_le_v4SPD16_eabi.lib : fd_add_t2.obj (.text)
                  0000276a    00000002     --HOLE-- [fill = 0]
                  0000276c    00000180                                   : xfexp.obj (.text)
                  000028ec    00000178                                   : xflog.obj (.text)
                  00002a64    00000136                                   : fd_div_t2.obj (.text)
                  00002b9a    000000fc                                   : fd_mul_t2.obj (.text)
                  00002c96    00000002     --HOLE-- [fill = 0]
                  00002c98    000000c4     driverlib.lib : sysctl.obj (.text:SysCtlClockGet)
                  00002d5c    000000c0     rtsv7M4_T_le_v4SPD16_eabi.lib : xfdscale.obj (.text)
                  00002e1c    000000b8     driverlib.lib : gpio.obj (.text:GPIOPadConfigSet)
                  00002ed4    0000009c     rtsv7M4_T_le_v4SPD16_eabi.lib : memcpy_t2.obj (.text)
                  00002f70    0000009c     wrfl_proto_mux.obj (.text)
                  0000300c    00000094     rtsv7M4_T_le_v4SPD16_eabi.lib : auto_init.obj (.text)
                  000030a0    00000090                                   : xfdint.obj (.text)
                  00003130    0000007c                                   : xfdnorm.obj (.text)
                  000031ac    0000005e                                   : copy_decompress_rle.obj (.text)
                  0000320a    00000054                                   : xfdunsca.obj (.text)
                  0000325e    0000004a                                   : fd_tos_t2.obj (.text)
                  000032a8    00000048     driverlib.lib : gpio.obj (.text:GPIOPinConfigure)
                  000032f0    00000048     rtsv7M4_T_le_v4SPD16_eabi.lib : boot.obj (.text)
                  00003338    00000044                                   : cpy_tbl.obj (.text)
                  0000337c    00000042     driverlib.lib : ssi.obj (.text:SSIConfigSetExpClk)
                  000033be    00000002     --HOLE-- [fill = 0]
                  000033c0    00000040     rtsv7M4_T_le_v4SPD16_eabi.lib : exit.obj (.text)
                  00003400    00000040                                   : signal.obj (.text)
                  00003440    00000038                                   : fs_tod_t2.obj (.text)
                  00003478    00000036     i2cm_drv.obj (.text:I2CMRead)
                  000034ae    00000036     i2cm_drv.obj (.text:I2CMWrite)
                  000034e4    00000036     i2cm_drv.obj (.text:I2CMWriteBatched)
                  0000351a    00000002     --HOLE-- [fill = 0]
                  0000351c    00000034     driverlib.lib : sysctl.obj (.text:SysCtlPeripheralEnable)
                  00003550    00000030     rtsv7M4_T_le_v4SPD16_eabi.lib : feraiseexcept.obj (.text)
                  00003580    00000030                                   : xferaise.obj (.text)
                  000035b0    0000002e                                   : raise.obj (.text)
                  000035de    0000002a     driverlib.lib : gpio.obj (.text:GPIODirModeSet)
                  00003608    00000018     rtsv7M4_T_le_v4SPD16_eabi.lib : args_main.obj (.text)
                  00003620    00000014                                   : _lock.obj (.text)
                  00003634    00000012     driverlib.lib : gpio.obj (.text:GPIOPinTypeGPIOOutput)
                  00003646    00000012                   : gpio.obj (.text:GPIOPinTypeI2C)
                  00003658    00000012                   : gpio.obj (.text:GPIOPinTypeI2CSCL)
                  0000366a    00000012                   : gpio.obj (.text:GPIOPinTypeSSI)
                  0000367c    00000012     rtsv7M4_T_le_v4SPD16_eabi.lib : copy_zero_init.obj (.text:decompress:ZI)
                  0000368e    0000000e                                   : copy_decompress_none.obj (.text:decompress:none)
                  0000369c    0000000c     driverlib.lib : interrupt.obj (.text:IntTrigger)
                  000036a8    0000000c                   : ssi.obj (.text:SSIDataGet)
                  000036b4    0000000c     startup_ccs.obj (.text)
                  000036c0    0000000a     driverlib.lib : ssi.obj (.text:SSIDataPut)
                  000036ca    0000000a                   : ssi.obj (.text:SSIDisable)
                  000036d4    0000000a                   : ssi.obj (.text:SSIEnable)
                  000036de    00000006                   : gpio.obj (.text:GPIOPinWrite)
                  000036e4    00000006     rtsv7M4_T_le_v4SPD16_eabi.lib : copy_decompress_rle.obj (.text:decompress:rle24)
                  000036ea    00000006                                   : logf.obj (.text)

.const     0    000036f0    00000538     
                  000036f0    000001f8     main.obj (.const:.string:gears_logo)
                  000038e8    000001e0     Nokia5110.obj (.const:ASCII)
                  00003ac8    00000078     driverlib.lib : gpio.obj (.const:g_pui32GPIOBaseAddrs)
                  00003b40    0000006c                   : sysctl.obj (.const:g_pui32Xtals)
                  00003bac    00000038     rtsv7M4_T_le_v4SPD16_eabi.lib : xflog.obj (.const)
                  00003be4    00000028                                   : xfdint.obj (.const)
                  00003c0c    0000001c                                   : xfexp.obj (.const)

.cinit     0    00003c28    00000060     
                  00003c28    00000038     (.cinit..data.load) [load image, compression = rle]
                  00003c60    0000000c     (__TI_handler_table)
                  00003c6c    00000004     --HOLE-- [fill = 0]
                  00003c70    00000008     (.cinit..bss.load) [load image, compression = zero_init]
                  00003c78    00000010     (__TI_cinit_table)

.bss       0    20000000    0000016c     UNINITIALIZED
                  20000000    00000124     main.obj (.bss:g_sI2CInst)
                  20000124    00000044     main.obj (.bss:g_sBMP180Inst)
                  20000168    00000004     main.obj (.bss)

.data      0    20000170    00000138     
                  20000170    000000b0     rtsv7M4_T_le_v4SPD16_eabi.lib : signal.obj (.data:sigtable)
                  20000220    00000068                                   : xfvalues.obj (.data)
                  20000288    00000008                                   : _lock.obj (.data)
                  20000290    00000008                                   : exit.obj (.data)
                  20000298    00000008                                   : feraiseexcept.obj (.data)
                  200002a0    00000004                                   : errno.obj (.data)
                  200002a4    00000004                                   : stkdepth_vars.obj (.data)

.stack     0    200002a8    00000100     UNINITIALIZED
                  200002a8    00000100     --HOLE--


LINKER GENERATED COPY TABLES

__TI_cinit_table @ 00003c78 records: 2, size/record: 8, table size: 16
	.data: load addr=00003c28, load size=00000038 bytes, run addr=20000170, run size=00000138 bytes, compression=rle
	.bss: load addr=00003c70, load size=00000008 bytes, run addr=20000000, run size=0000016c bytes, compression=zero_init


LINKER GENERATED HANDLER TABLE

__TI_handler_table @ 00003c60 records: 3, size/record: 4, table size: 12
	index: 0, handler: __TI_decompress_rle24
	index: 1, handler: __TI_decompress_none
	index: 2, handler: __TI_zero_init


GLOBAL SYMBOLS: SORTED ALPHABETICALLY BY Name 

address    name
--------   ----
00002221   BMP180AppCallback
000014b5   BMP180DataPressureGetFloat
00001487   BMP180DataPressureGetRaw
00001423   BMP180DataRead
000017cb   BMP180DataTemperatureGetFloat
000017af   BMP180DataTemperatureGetRaw
00002237   BMP180I2CIntHandler
0000126d   BMP180Init
000012db   BMP180Read
000013c5   BMP180ReadModifyWrite
00001343   BMP180Write
000033c1   C$$EXIT
000035df   GPIODirModeSet
00002e1d   GPIOPadConfigSet
000032a9   GPIOPinConfigure
00003635   GPIOPinTypeGPIOOutput
00003647   GPIOPinTypeI2C
00003659   GPIOPinTypeI2CSCL
0000366b   GPIOPinTypeSSI
000036df   GPIOPinWrite
000008e9   I2CMCommand
00000883   I2CMInit
0000075f   I2CMIntHandler
00003479   I2CMRead
00000dbf   I2CMRead16BE
00000bed   I2CMReadModifyWrite16LE
00000aa1   I2CMReadModifyWrite8
000009c5   I2CMTransferResume
000034af   I2CMWrite
00000e83   I2CMWrite16BE
00000cf5   I2CMWrite8
000034e5   I2CMWriteBatched
0000369d   IntTrigger
00001bf3   Nokia5110_Clear
00001c25   Nokia5110_DrawFullImage
000018e3   Nokia5110_Init
00001965   Nokia5110_OutChar
000019ab   Nokia5110_OutString
000019d5   Nokia5110_OutUDec
00001c69   Nokia5110_OutUDec_NoSpace
00001bb3   Nokia5110_SetCursor
00002f71   PortFunctionInit
000036b5   ResetISR
UNDEFED    SHT$$INIT_ARRAY$$Base
UNDEFED    SHT$$INIT_ARRAY$$Limit
0000337d   SSIConfigSetExpClk
000036a9   SSIDataGet
000036c1   SSIDataPut
000036cb   SSIDisable
000036d5   SSIEnable
00002c99   SysCtlClockGet
0000351d   SysCtlPeripheralEnable
00002241   SysTickIntHandler
200002a0   _Errno
20000220   _FDenorm
000030a1   _FDint
00003131   _FDnorm
00002d5d   _FDscale
0000320b   _FDunscale
20000230   _FEps
0000276d   _FExp
20000240   _FInf
000028ed   _FLog
20000250   _FNan
20000270   _FRteps
20000260   _FSnan
20000280   _FXbig
20000284   _FZero
20000298   _Fenv
00003581   _Feraise
2000029c   _Tls_setup__Fenv
200003a8   __STACK_END
00000100   __STACK_SIZE
200004a8   __STACK_TOP
00003c78   __TI_CINIT_Base
00003c88   __TI_CINIT_Limit
00003c60   __TI_Handler_Table_Base
00003c6c   __TI_Handler_Table_Limit
00000001   __TI_args_main
0000300d   __TI_auto_init
0000368f   __TI_decompress_none
000036e5   __TI_decompress_rle24
00000000   __TI_static_base__
0000367d   __TI_zero_init
0000325f   __aeabi_d2f
000025bf   __aeabi_dadd
00002a65   __aeabi_ddiv
00002b9b   __aeabi_dmul
000025b5   __aeabi_dsub
00003441   __aeabi_f2d
00002ed5   __aeabi_memcpy
00002ed5   __aeabi_memcpy4
00002ed5   __aeabi_memcpy8
ffffffff   __binit__
ffffffff   __c_args__
200002a8   __stack
00003609   _args_main
000032f1   _c_int00
20000290   _cleanup_ptr
20000294   _dtors_ptr
20000288   _lock
0000362f   _nop
00003627   _register_lock
00003621   _register_unlock
2000028c   _unlock
000033c5   abort
ffffffff   binit
00003339   copy_in
000033cd   exit
00003551   feraiseexcept
00000000   g_pfnVectors
20000124   g_sBMP180Inst
20000000   g_sI2CInst
20000168   g_vui8DataFlag
000036f0   gears_logo
000036eb   logf
0000224f   main
200002a4   main_func_sp
00002ed5   memcpy
00001e31   powf
000035b1   raise
00003401   signal


GLOBAL SYMBOLS: SORTED BY Symbol Address 

address    name
--------   ----
00000000   __TI_static_base__
00000000   g_pfnVectors
00000001   __TI_args_main
00000100   __STACK_SIZE
0000075f   I2CMIntHandler
00000883   I2CMInit
000008e9   I2CMCommand
000009c5   I2CMTransferResume
00000aa1   I2CMReadModifyWrite8
00000bed   I2CMReadModifyWrite16LE
00000cf5   I2CMWrite8
00000dbf   I2CMRead16BE
00000e83   I2CMWrite16BE
0000126d   BMP180Init
000012db   BMP180Read
00001343   BMP180Write
000013c5   BMP180ReadModifyWrite
00001423   BMP180DataRead
00001487   BMP180DataPressureGetRaw
000014b5   BMP180DataPressureGetFloat
000017af   BMP180DataTemperatureGetRaw
000017cb   BMP180DataTemperatureGetFloat
000018e3   Nokia5110_Init
00001965   Nokia5110_OutChar
000019ab   Nokia5110_OutString
000019d5   Nokia5110_OutUDec
00001bb3   Nokia5110_SetCursor
00001bf3   Nokia5110_Clear
00001c25   Nokia5110_DrawFullImage
00001c69   Nokia5110_OutUDec_NoSpace
00001e31   powf
00002221   BMP180AppCallback
00002237   BMP180I2CIntHandler
00002241   SysTickIntHandler
0000224f   main
000025b5   __aeabi_dsub
000025bf   __aeabi_dadd
0000276d   _FExp
000028ed   _FLog
00002a65   __aeabi_ddiv
00002b9b   __aeabi_dmul
00002c99   SysCtlClockGet
00002d5d   _FDscale
00002e1d   GPIOPadConfigSet
00002ed5   __aeabi_memcpy
00002ed5   __aeabi_memcpy4
00002ed5   __aeabi_memcpy8
00002ed5   memcpy
00002f71   PortFunctionInit
0000300d   __TI_auto_init
000030a1   _FDint
00003131   _FDnorm
0000320b   _FDunscale
0000325f   __aeabi_d2f
000032a9   GPIOPinConfigure
000032f1   _c_int00
00003339   copy_in
0000337d   SSIConfigSetExpClk
000033c1   C$$EXIT
000033c5   abort
000033cd   exit
00003401   signal
00003441   __aeabi_f2d
00003479   I2CMRead
000034af   I2CMWrite
000034e5   I2CMWriteBatched
0000351d   SysCtlPeripheralEnable
00003551   feraiseexcept
00003581   _Feraise
000035b1   raise
000035df   GPIODirModeSet
00003609   _args_main
00003621   _register_unlock
00003627   _register_lock
0000362f   _nop
00003635   GPIOPinTypeGPIOOutput
00003647   GPIOPinTypeI2C
00003659   GPIOPinTypeI2CSCL
0000366b   GPIOPinTypeSSI
0000367d   __TI_zero_init
0000368f   __TI_decompress_none
0000369d   IntTrigger
000036a9   SSIDataGet
000036b5   ResetISR
000036c1   SSIDataPut
000036cb   SSIDisable
000036d5   SSIEnable
000036df   GPIOPinWrite
000036e5   __TI_decompress_rle24
000036eb   logf
000036f0   gears_logo
00003c60   __TI_Handler_Table_Base
00003c6c   __TI_Handler_Table_Limit
00003c78   __TI_CINIT_Base
00003c88   __TI_CINIT_Limit
20000000   g_sI2CInst
20000124   g_sBMP180Inst
20000168   g_vui8DataFlag
20000220   _FDenorm
20000230   _FEps
20000240   _FInf
20000250   _FNan
20000260   _FSnan
20000270   _FRteps
20000280   _FXbig
20000284   _FZero
20000288   _lock
2000028c   _unlock
20000290   _cleanup_ptr
20000294   _dtors_ptr
20000298   _Fenv
2000029c   _Tls_setup__Fenv
200002a0   _Errno
200002a4   main_func_sp
200002a8   __stack
200003a8   __STACK_END
200004a8   __STACK_TOP
ffffffff   __binit__
ffffffff   __c_args__
ffffffff   binit
UNDEFED    SHT$$INIT_ARRAY$$Base
UNDEFED    SHT$$INIT_ARRAY$$Limit

[122 symbols]
