<?xml version="1.0"?>
<link_info>
   <banner>TI ARM Linker PC v5.0.4</banner>
   <copyright>Copyright (c) 1996-2013 Texas Instruments Incorporated</copyright>
   <link_time>0x52c1e7c6</link_time>
   <output_file>WRFL_Proto.out</output_file>
   <entry_point>
      <name>_c_int00</name>
      <address>0x38a5</address>
   </entry_point>
   <input_file_list>
      <input_file id="fl-2">
         <path>.\</path>
         <kind>object</kind>
         <file>wrfl_proto_mux.obj</file>
         <name>wrfl_proto_mux.obj</name>
      </input_file>
      <input_file id="fl-3">
         <path>.\</path>
         <kind>object</kind>
         <file>startup_ccs.obj</file>
         <name>startup_ccs.obj</name>
      </input_file>
      <input_file id="fl-4">
         <path>.\</path>
         <kind>object</kind>
         <file>i2cm_drv.obj</file>
         <name>i2cm_drv.obj</name>
      </input_file>
      <input_file id="fl-5">
         <path>.\</path>
         <kind>object</kind>
         <file>bmp180.obj</file>
         <name>bmp180.obj</name>
      </input_file>
      <input_file id="fl-6">
         <path>.\</path>
         <kind>object</kind>
         <file>WRFL_Proto.obj</file>
         <name>WRFL_Proto.obj</name>
      </input_file>
      <input_file id="fl-7">
         <path>.\</path>
         <kind>object</kind>
         <file>WRFL_Kalman.obj</file>
         <name>WRFL_Kalman.obj</name>
      </input_file>
      <input_file id="fl-8">
         <path>.\</path>
         <kind>object</kind>
         <file>Nokia5110.obj</file>
         <name>Nokia5110.obj</name>
      </input_file>
      <input_file id="fl-e">
         <path>E:\ti\TivaWare_C_Series-1.1\driverlib\ccs\Debug\</path>
         <kind>archive</kind>
         <file>driverlib.lib</file>
         <name>sysctl.obj</name>
      </input_file>
      <input_file id="fl-f">
         <path>E:\ti\TivaWare_C_Series-1.1\driverlib\ccs\Debug\</path>
         <kind>archive</kind>
         <file>driverlib.lib</file>
         <name>interrupt.obj</name>
      </input_file>
      <input_file id="fl-10">
         <path>E:\ti\TivaWare_C_Series-1.1\driverlib\ccs\Debug\</path>
         <kind>archive</kind>
         <file>driverlib.lib</file>
         <name>gpio.obj</name>
      </input_file>
      <input_file id="fl-11">
         <path>E:\ti\TivaWare_C_Series-1.1\driverlib\ccs\Debug\</path>
         <kind>archive</kind>
         <file>driverlib.lib</file>
         <name>cpu.obj</name>
      </input_file>
      <input_file id="fl-13b">
         <path>E:\ti\ccsv5\tools\compiler\arm_5.0.4\lib\</path>
         <kind>archive</kind>
         <file>rtsv7M4_T_le_v4SPD16_eabi.lib</file>
         <name>boot.obj</name>
      </input_file>
      <input_file id="fl-13c">
         <path>E:\ti\ccsv5\tools\compiler\arm_5.0.4\lib\</path>
         <kind>archive</kind>
         <file>rtsv7M4_T_le_v4SPD16_eabi.lib</file>
         <name>copy_decompress_none.obj</name>
      </input_file>
      <input_file id="fl-13d">
         <path>E:\ti\ccsv5\tools\compiler\arm_5.0.4\lib\</path>
         <kind>archive</kind>
         <file>rtsv7M4_T_le_v4SPD16_eabi.lib</file>
         <name>copy_decompress_rle.obj</name>
      </input_file>
      <input_file id="fl-13e">
         <path>E:\ti\ccsv5\tools\compiler\arm_5.0.4\lib\</path>
         <kind>archive</kind>
         <file>rtsv7M4_T_le_v4SPD16_eabi.lib</file>
         <name>copy_zero_init.obj</name>
      </input_file>
      <input_file id="fl-13f">
         <path>E:\ti\ccsv5\tools\compiler\arm_5.0.4\lib\</path>
         <kind>archive</kind>
         <file>rtsv7M4_T_le_v4SPD16_eabi.lib</file>
         <name>exit.obj</name>
      </input_file>
      <input_file id="fl-140">
         <path>E:\ti\ccsv5\tools\compiler\arm_5.0.4\lib\</path>
         <kind>archive</kind>
         <file>rtsv7M4_T_le_v4SPD16_eabi.lib</file>
         <name>memcpy_t2.obj</name>
      </input_file>
      <input_file id="fl-141">
         <path>E:\ti\ccsv5\tools\compiler\arm_5.0.4\lib\</path>
         <kind>archive</kind>
         <file>rtsv7M4_T_le_v4SPD16_eabi.lib</file>
         <name>powf.obj</name>
      </input_file>
      <input_file id="fl-142">
         <path>E:\ti\ccsv5\tools\compiler\arm_5.0.4\lib\</path>
         <kind>archive</kind>
         <file>rtsv7M4_T_le_v4SPD16_eabi.lib</file>
         <name>stkdepth_vars.obj</name>
      </input_file>
      <input_file id="fl-143">
         <path>E:\ti\ccsv5\tools\compiler\arm_5.0.4\lib\</path>
         <kind>archive</kind>
         <file>rtsv7M4_T_le_v4SPD16_eabi.lib</file>
         <name>xfdint.obj</name>
      </input_file>
      <input_file id="fl-144">
         <path>E:\ti\ccsv5\tools\compiler\arm_5.0.4\lib\</path>
         <kind>archive</kind>
         <file>rtsv7M4_T_le_v4SPD16_eabi.lib</file>
         <name>xfdunsca.obj</name>
      </input_file>
      <input_file id="fl-145">
         <path>E:\ti\ccsv5\tools\compiler\arm_5.0.4\lib\</path>
         <kind>archive</kind>
         <file>rtsv7M4_T_le_v4SPD16_eabi.lib</file>
         <name>xferaise.obj</name>
      </input_file>
      <input_file id="fl-146">
         <path>E:\ti\ccsv5\tools\compiler\arm_5.0.4\lib\</path>
         <kind>archive</kind>
         <file>rtsv7M4_T_le_v4SPD16_eabi.lib</file>
         <name>xfexp.obj</name>
      </input_file>
      <input_file id="fl-147">
         <path>E:\ti\ccsv5\tools\compiler\arm_5.0.4\lib\</path>
         <kind>archive</kind>
         <file>rtsv7M4_T_le_v4SPD16_eabi.lib</file>
         <name>xfvalues.obj</name>
      </input_file>
      <input_file id="fl-148">
         <path>E:\ti\ccsv5\tools\compiler\arm_5.0.4\lib\</path>
         <kind>archive</kind>
         <file>rtsv7M4_T_le_v4SPD16_eabi.lib</file>
         <name>_lock.obj</name>
      </input_file>
      <input_file id="fl-149">
         <path>E:\ti\ccsv5\tools\compiler\arm_5.0.4\lib\</path>
         <kind>archive</kind>
         <file>rtsv7M4_T_le_v4SPD16_eabi.lib</file>
         <name>args_main.obj</name>
      </input_file>
      <input_file id="fl-14a">
         <path>E:\ti\ccsv5\tools\compiler\arm_5.0.4\lib\</path>
         <kind>archive</kind>
         <file>rtsv7M4_T_le_v4SPD16_eabi.lib</file>
         <name>auto_init.obj</name>
      </input_file>
      <input_file id="fl-14b">
         <path>E:\ti\ccsv5\tools\compiler\arm_5.0.4\lib\</path>
         <kind>archive</kind>
         <file>rtsv7M4_T_le_v4SPD16_eabi.lib</file>
         <name>cpy_tbl.obj</name>
      </input_file>
      <input_file id="fl-14c">
         <path>E:\ti\ccsv5\tools\compiler\arm_5.0.4\lib\</path>
         <kind>archive</kind>
         <file>rtsv7M4_T_le_v4SPD16_eabi.lib</file>
         <name>errno.obj</name>
      </input_file>
      <input_file id="fl-14d">
         <path>E:\ti\ccsv5\tools\compiler\arm_5.0.4\lib\</path>
         <kind>archive</kind>
         <file>rtsv7M4_T_le_v4SPD16_eabi.lib</file>
         <name>fd_add_t2.obj</name>
      </input_file>
      <input_file id="fl-14e">
         <path>E:\ti\ccsv5\tools\compiler\arm_5.0.4\lib\</path>
         <kind>archive</kind>
         <file>rtsv7M4_T_le_v4SPD16_eabi.lib</file>
         <name>fd_div_t2.obj</name>
      </input_file>
      <input_file id="fl-14f">
         <path>E:\ti\ccsv5\tools\compiler\arm_5.0.4\lib\</path>
         <kind>archive</kind>
         <file>rtsv7M4_T_le_v4SPD16_eabi.lib</file>
         <name>fd_mul_t2.obj</name>
      </input_file>
      <input_file id="fl-150">
         <path>E:\ti\ccsv5\tools\compiler\arm_5.0.4\lib\</path>
         <kind>archive</kind>
         <file>rtsv7M4_T_le_v4SPD16_eabi.lib</file>
         <name>fd_tos_t2.obj</name>
      </input_file>
      <input_file id="fl-151">
         <path>E:\ti\ccsv5\tools\compiler\arm_5.0.4\lib\</path>
         <kind>archive</kind>
         <file>rtsv7M4_T_le_v4SPD16_eabi.lib</file>
         <name>feraiseexcept.obj</name>
      </input_file>
      <input_file id="fl-152">
         <path>E:\ti\ccsv5\tools\compiler\arm_5.0.4\lib\</path>
         <kind>archive</kind>
         <file>rtsv7M4_T_le_v4SPD16_eabi.lib</file>
         <name>fs_tod_t2.obj</name>
      </input_file>
      <input_file id="fl-153">
         <path>E:\ti\ccsv5\tools\compiler\arm_5.0.4\lib\</path>
         <kind>archive</kind>
         <file>rtsv7M4_T_le_v4SPD16_eabi.lib</file>
         <name>logf.obj</name>
      </input_file>
      <input_file id="fl-154">
         <path>E:\ti\ccsv5\tools\compiler\arm_5.0.4\lib\</path>
         <kind>archive</kind>
         <file>rtsv7M4_T_le_v4SPD16_eabi.lib</file>
         <name>raise.obj</name>
      </input_file>
      <input_file id="fl-155">
         <path>E:\ti\ccsv5\tools\compiler\arm_5.0.4\lib\</path>
         <kind>archive</kind>
         <file>rtsv7M4_T_le_v4SPD16_eabi.lib</file>
         <name>signal.obj</name>
      </input_file>
      <input_file id="fl-156">
         <path>E:\ti\ccsv5\tools\compiler\arm_5.0.4\lib\</path>
         <kind>archive</kind>
         <file>rtsv7M4_T_le_v4SPD16_eabi.lib</file>
         <name>xfdnorm.obj</name>
      </input_file>
      <input_file id="fl-157">
         <path>E:\ti\ccsv5\tools\compiler\arm_5.0.4\lib\</path>
         <kind>archive</kind>
         <file>rtsv7M4_T_le_v4SPD16_eabi.lib</file>
         <name>xfdscale.obj</name>
      </input_file>
      <input_file id="fl-158">
         <path>E:\ti\ccsv5\tools\compiler\arm_5.0.4\lib\</path>
         <kind>archive</kind>
         <file>rtsv7M4_T_le_v4SPD16_eabi.lib</file>
         <name>xflog.obj</name>
      </input_file>
      <input_file id="fl-159">
         <path>E:\ARM\CMSIS\dsplib-cm4f\CMSIS_DSP_W_CHECK\</path>
         <kind>archive</kind>
         <file>dsplib-cm4f.lib</file>
         <name>arm_mat_trans_f32.obj</name>
      </input_file>
      <input_file id="fl-15a">
         <path>E:\ARM\CMSIS\dsplib-cm4f\CMSIS_DSP_W_CHECK\</path>
         <kind>archive</kind>
         <file>dsplib-cm4f.lib</file>
         <name>arm_mat_mult_f32.obj</name>
      </input_file>
      <input_file id="fl-15b">
         <path>E:\ARM\CMSIS\dsplib-cm4f\CMSIS_DSP_W_CHECK\</path>
         <kind>archive</kind>
         <file>dsplib-cm4f.lib</file>
         <name>arm_mat_init_f32.obj</name>
      </input_file>
      <input_file id="fl-15c">
         <path>E:\ARM\CMSIS\dsplib-cm4f\CMSIS_DSP_W_CHECK\</path>
         <kind>archive</kind>
         <file>dsplib-cm4f.lib</file>
         <name>arm_mat_add_f32.obj</name>
      </input_file>
   </input_file_list>
   <object_component_list>
      <object_component id="oc-e">
         <name>.intvecs</name>
         <load_address>0x0</load_address>
         <run_address>0x0</run_address>
         <size>0x26c</size>
         <input_file_ref idref="fl-3"/>
      </object_component>
      <object_component id="oc-59">
         <name>.text</name>
         <load_address>0x26c</load_address>
         <run_address>0x26c</run_address>
         <size>0xc8c</size>
         <input_file_ref idref="fl-4"/>
      </object_component>
      <object_component id="oc-5e">
         <name>.text</name>
         <load_address>0xef8</load_address>
         <run_address>0xef8</run_address>
         <size>0x9b0</size>
         <input_file_ref idref="fl-5"/>
      </object_component>
      <object_component id="oc-6a">
         <name>.text</name>
         <load_address>0x18a8</load_address>
         <run_address>0x18a8</run_address>
         <size>0x648</size>
         <input_file_ref idref="fl-8"/>
      </object_component>
      <object_component id="oc-26">
         <name>.text</name>
         <load_address>0x1ef0</load_address>
         <run_address>0x1ef0</run_address>
         <size>0x42c</size>
         <input_file_ref idref="fl-6"/>
      </object_component>
      <object_component id="oc-7a">
         <name>.text</name>
         <load_address>0x231c</load_address>
         <run_address>0x231c</run_address>
         <size>0x3f0</size>
         <input_file_ref idref="fl-141"/>
      </object_component>
      <object_component id="oc-6f">
         <name>.text</name>
         <load_address>0x270c</load_address>
         <run_address>0x270c</run_address>
         <size>0x1f0</size>
         <input_file_ref idref="fl-7"/>
      </object_component>
      <object_component id="oc-1f0">
         <name>.text</name>
         <load_address>0x28fc</load_address>
         <run_address>0x28fc</run_address>
         <size>0x1b6</size>
         <input_file_ref idref="fl-14d"/>
      </object_component>
      <object_component id="oc-168">
         <name>.text</name>
         <load_address>0x2ab4</load_address>
         <run_address>0x2ab4</run_address>
         <size>0x180</size>
         <input_file_ref idref="fl-146"/>
      </object_component>
      <object_component id="oc-1e7">
         <name>.text</name>
         <load_address>0x2c34</load_address>
         <run_address>0x2c34</run_address>
         <size>0x178</size>
         <input_file_ref idref="fl-158"/>
      </object_component>
      <object_component id="oc-1f4">
         <name>.text</name>
         <load_address>0x2dac</load_address>
         <run_address>0x2dac</run_address>
         <size>0x136</size>
         <input_file_ref idref="fl-14e"/>
      </object_component>
      <object_component id="oc-12a">
         <name>.text:arm_mat_mult_f32</name>
         <load_address>0x2ee4</load_address>
         <run_address>0x2ee4</run_address>
         <size>0x100</size>
         <input_file_ref idref="fl-15a"/>
      </object_component>
      <object_component id="oc-1f8">
         <name>.text</name>
         <load_address>0x2fe4</load_address>
         <run_address>0x2fe4</run_address>
         <size>0xfc</size>
         <input_file_ref idref="fl-14f"/>
      </object_component>
      <object_component id="oc-63">
         <name>.text</name>
         <load_address>0x30e0</load_address>
         <run_address>0x30e0</run_address>
         <size>0xd0</size>
         <input_file_ref idref="fl-2"/>
      </object_component>
      <object_component id="oc-112">
         <name>.text:SysCtlClockGet</name>
         <load_address>0x31b0</load_address>
         <run_address>0x31b0</run_address>
         <size>0xc4</size>
         <input_file_ref idref="fl-e"/>
      </object_component>
      <object_component id="oc-200">
         <name>.text</name>
         <load_address>0x3274</load_address>
         <run_address>0x3274</run_address>
         <size>0xc0</size>
         <input_file_ref idref="fl-157"/>
      </object_component>
      <object_component id="oc-19a">
         <name>.text:GPIOPadConfigSet</name>
         <load_address>0x3334</load_address>
         <run_address>0x3334</run_address>
         <size>0xb8</size>
         <input_file_ref idref="fl-10"/>
      </object_component>
      <object_component id="oc-12f">
         <name>.text:arm_mat_add_f32</name>
         <load_address>0x33ec</load_address>
         <run_address>0x33ec</run_address>
         <size>0xb2</size>
         <input_file_ref idref="fl-15c"/>
      </object_component>
      <object_component id="oc-3d">
         <name>.text</name>
         <load_address>0x349e</load_address>
         <run_address>0x349e</run_address>
         <size>0x9c</size>
         <input_file_ref idref="fl-140"/>
      </object_component>
      <object_component id="oc-2e">
         <name>.text</name>
         <load_address>0x353c</load_address>
         <run_address>0x353c</run_address>
         <size>0x94</size>
         <input_file_ref idref="fl-14a"/>
      </object_component>
      <object_component id="oc-15c">
         <name>.text</name>
         <load_address>0x35d0</load_address>
         <run_address>0x35d0</run_address>
         <size>0x90</size>
         <input_file_ref idref="fl-143"/>
      </object_component>
      <object_component id="oc-125">
         <name>.text:arm_mat_trans_f32</name>
         <load_address>0x3660</load_address>
         <run_address>0x3660</run_address>
         <size>0x84</size>
         <input_file_ref idref="fl-159"/>
      </object_component>
      <object_component id="oc-1d7">
         <name>.text</name>
         <load_address>0x36e4</load_address>
         <run_address>0x36e4</run_address>
         <size>0x7c</size>
         <input_file_ref idref="fl-156"/>
      </object_component>
      <object_component id="oc-4d">
         <name>.text</name>
         <load_address>0x3760</load_address>
         <run_address>0x3760</run_address>
         <size>0x5e</size>
         <input_file_ref idref="fl-13d"/>
      </object_component>
      <object_component id="oc-158">
         <name>.text</name>
         <load_address>0x37be</load_address>
         <run_address>0x37be</run_address>
         <size>0x54</size>
         <input_file_ref idref="fl-144"/>
      </object_component>
      <object_component id="oc-1fc">
         <name>.text</name>
         <load_address>0x3812</load_address>
         <run_address>0x3812</run_address>
         <size>0x4a</size>
         <input_file_ref idref="fl-150"/>
      </object_component>
      <object_component id="oc-f1">
         <name>.text:GPIOPinConfigure</name>
         <load_address>0x385c</load_address>
         <run_address>0x385c</run_address>
         <size>0x48</size>
         <input_file_ref idref="fl-10"/>
      </object_component>
      <object_component id="oc-10">
         <name>.text</name>
         <load_address>0x38a4</load_address>
         <run_address>0x38a4</run_address>
         <size>0x48</size>
         <input_file_ref idref="fl-13b"/>
      </object_component>
      <object_component id="oc-93">
         <name>.text</name>
         <load_address>0x38ec</load_address>
         <run_address>0x38ec</run_address>
         <size>0x44</size>
         <input_file_ref idref="fl-14b"/>
      </object_component>
      <object_component id="oc-36">
         <name>.text</name>
         <load_address>0x3930</load_address>
         <run_address>0x3930</run_address>
         <size>0x40</size>
         <input_file_ref idref="fl-13f"/>
      </object_component>
      <object_component id="oc-259">
         <name>.text</name>
         <load_address>0x3970</load_address>
         <run_address>0x3970</run_address>
         <size>0x40</size>
         <input_file_ref idref="fl-155"/>
      </object_component>
      <object_component id="oc-1ec">
         <name>.text</name>
         <load_address>0x39b0</load_address>
         <run_address>0x39b0</run_address>
         <size>0x38</size>
         <input_file_ref idref="fl-152"/>
      </object_component>
      <object_component id="oc-d0">
         <name>.text:I2CMRead</name>
         <load_address>0x39e8</load_address>
         <run_address>0x39e8</run_address>
         <size>0x36</size>
         <input_file_ref idref="fl-4"/>
      </object_component>
      <object_component id="oc-c9">
         <name>.text:I2CMWrite</name>
         <load_address>0x3a1e</load_address>
         <run_address>0x3a1e</run_address>
         <size>0x36</size>
         <input_file_ref idref="fl-4"/>
      </object_component>
      <object_component id="oc-d7">
         <name>.text:I2CMWriteBatched</name>
         <load_address>0x3a54</load_address>
         <run_address>0x3a54</run_address>
         <size>0x36</size>
         <input_file_ref idref="fl-4"/>
      </object_component>
      <object_component id="oc-e2">
         <name>.text:SysCtlPeripheralEnable</name>
         <load_address>0x3a8c</load_address>
         <run_address>0x3a8c</run_address>
         <size>0x34</size>
         <input_file_ref idref="fl-e"/>
      </object_component>
      <object_component id="oc-1e0">
         <name>.text</name>
         <load_address>0x3ac0</load_address>
         <run_address>0x3ac0</run_address>
         <size>0x30</size>
         <input_file_ref idref="fl-151"/>
      </object_component>
      <object_component id="oc-160">
         <name>.text</name>
         <load_address>0x3af0</load_address>
         <run_address>0x3af0</run_address>
         <size>0x30</size>
         <input_file_ref idref="fl-145"/>
      </object_component>
      <object_component id="oc-23a">
         <name>.text</name>
         <load_address>0x3b20</load_address>
         <run_address>0x3b20</run_address>
         <size>0x2e</size>
         <input_file_ref idref="fl-154"/>
      </object_component>
      <object_component id="oc-19f">
         <name>.text:GPIODirModeSet</name>
         <load_address>0x3b4e</load_address>
         <run_address>0x3b4e</run_address>
         <size>0x2a</size>
         <input_file_ref idref="fl-10"/>
      </object_component>
      <object_component id="oc-32">
         <name>.text</name>
         <load_address>0x3b78</load_address>
         <run_address>0x3b78</run_address>
         <size>0x18</size>
         <input_file_ref idref="fl-149"/>
      </object_component>
      <object_component id="oc-17a">
         <name>.text</name>
         <load_address>0x3b90</load_address>
         <run_address>0x3b90</run_address>
         <size>0x14</size>
         <input_file_ref idref="fl-148"/>
      </object_component>
      <object_component id="oc-ec">
         <name>.text:GPIOPinTypeGPIOInput</name>
         <load_address>0x3ba4</load_address>
         <run_address>0x3ba4</run_address>
         <size>0x12</size>
         <input_file_ref idref="fl-10"/>
      </object_component>
      <object_component id="oc-e7">
         <name>.text:GPIOPinTypeGPIOOutput</name>
         <load_address>0x3bb6</load_address>
         <run_address>0x3bb6</run_address>
         <size>0x12</size>
         <input_file_ref idref="fl-10"/>
      </object_component>
      <object_component id="oc-f6">
         <name>.text:GPIOPinTypeI2C</name>
         <load_address>0x3bc8</load_address>
         <run_address>0x3bc8</run_address>
         <size>0x12</size>
         <input_file_ref idref="fl-10"/>
      </object_component>
      <object_component id="oc-fb">
         <name>.text:GPIOPinTypeI2CSCL</name>
         <load_address>0x3bda</load_address>
         <run_address>0x3bda</run_address>
         <size>0x12</size>
         <input_file_ref idref="fl-10"/>
      </object_component>
      <object_component id="oc-100">
         <name>.text:GPIOPinTypeSSI</name>
         <load_address>0x3bec</load_address>
         <run_address>0x3bec</run_address>
         <size>0x12</size>
         <input_file_ref idref="fl-10"/>
      </object_component>
      <object_component id="oc-18">
         <name>.text:decompress:ZI</name>
         <load_address>0x3bfe</load_address>
         <run_address>0x3bfe</run_address>
         <size>0x12</size>
         <input_file_ref idref="fl-13e"/>
      </object_component>
      <object_component id="oc-14">
         <name>.text:decompress:none</name>
         <load_address>0x3c10</load_address>
         <run_address>0x3c10</run_address>
         <size>0xe</size>
         <input_file_ref idref="fl-13c"/>
      </object_component>
      <object_component id="oc-c4">
         <name>.text:IntTrigger</name>
         <load_address>0x3c20</load_address>
         <run_address>0x3c20</run_address>
         <size>0xc</size>
         <input_file_ref idref="fl-f"/>
      </object_component>
      <object_component id="oc-21">
         <name>.text</name>
         <load_address>0x3c2c</load_address>
         <run_address>0x3c2c</run_address>
         <size>0xc</size>
         <input_file_ref idref="fl-3"/>
      </object_component>
      <object_component id="oc-120">
         <name>.text:arm_mat_init_f32</name>
         <load_address>0x3c38</load_address>
         <run_address>0x3c38</run_address>
         <size>0x8</size>
         <input_file_ref idref="fl-15b"/>
      </object_component>
      <object_component id="oc-108">
         <name>.text:GPIOPinRead</name>
         <load_address>0x3c40</load_address>
         <run_address>0x3c40</run_address>
         <size>0x6</size>
         <input_file_ref idref="fl-10"/>
      </object_component>
      <object_component id="oc-10d">
         <name>.text:GPIOPinWrite</name>
         <load_address>0x3c46</load_address>
         <run_address>0x3c46</run_address>
         <size>0x6</size>
         <input_file_ref idref="fl-10"/>
      </object_component>
      <object_component id="oc-1c">
         <name>.text:decompress:rle24</name>
         <load_address>0x3c4c</load_address>
         <run_address>0x3c4c</run_address>
         <size>0x6</size>
         <input_file_ref idref="fl-13d"/>
      </object_component>
      <object_component id="oc-164">
         <name>.text</name>
         <load_address>0x3c52</load_address>
         <run_address>0x3c52</run_address>
         <size>0x6</size>
         <input_file_ref idref="fl-153"/>
      </object_component>
      <object_component id="oc-7e">
         <name>.const:.string:gears_logo</name>
         <load_address>0x3c58</load_address>
         <run_address>0x3c58</run_address>
         <size>0x1f8</size>
         <input_file_ref idref="fl-6"/>
      </object_component>
      <object_component id="oc-117">
         <name>.const:ASCII</name>
         <load_address>0x3e50</load_address>
         <run_address>0x3e50</run_address>
         <size>0x1e0</size>
         <input_file_ref idref="fl-8"/>
      </object_component>
      <object_component id="oc-1a6">
         <name>.const:g_pui32GPIOBaseAddrs</name>
         <load_address>0x4030</load_address>
         <run_address>0x4030</run_address>
         <size>0x78</size>
         <input_file_ref idref="fl-10"/>
      </object_component>
      <object_component id="oc-1af">
         <name>.const:g_pui32Xtals</name>
         <load_address>0x40a8</load_address>
         <run_address>0x40a8</run_address>
         <size>0x6c</size>
         <input_file_ref idref="fl-e"/>
      </object_component>
      <object_component id="oc-243">
         <name>.const</name>
         <load_address>0x4114</load_address>
         <run_address>0x4114</run_address>
         <size>0x38</size>
         <input_file_ref idref="fl-158"/>
      </object_component>
      <object_component id="oc-1dd">
         <name>.const</name>
         <load_address>0x414c</load_address>
         <run_address>0x414c</run_address>
         <size>0x28</size>
         <input_file_ref idref="fl-143"/>
      </object_component>
      <object_component id="oc-204">
         <name>.const</name>
         <load_address>0x4174</load_address>
         <run_address>0x4174</run_address>
         <size>0x1c</size>
         <input_file_ref idref="fl-146"/>
      </object_component>
      <object_component id="oc-2ac">
         <name>.cinit..data.load</name>
         <load_address>0x4190</load_address>
         <run_address>0x4190</run_address>
         <size>0x38</size>
      </object_component>
      <object_component id="oc-2aa">
         <name>__TI_handler_table</name>
         <load_address>0x41c8</load_address>
         <run_address>0x41c8</run_address>
         <size>0xc</size>
      </object_component>
      <object_component id="oc-2ad">
         <name>.cinit..bss.load</name>
         <load_address>0x41d8</load_address>
         <run_address>0x41d8</run_address>
         <size>0x8</size>
      </object_component>
      <object_component id="oc-2ab">
         <name>__TI_cinit_table</name>
         <load_address>0x41e0</load_address>
         <run_address>0x41e0</run_address>
         <size>0x10</size>
      </object_component>
      <object_component id="oc-3a">
         <name>.data</name>
         <load_address>0x2000054c</load_address>
         <run_address>0x2000054c</run_address>
         <size>0x4</size>
         <input_file_ref idref="fl-142"/>
      </object_component>
      <object_component id="oc-68">
         <name>.data</name>
         <load_address>0x20000550</load_address>
         <run_address>0x20000550</run_address>
         <size>0x3</size>
         <input_file_ref idref="fl-6"/>
      </object_component>
      <object_component id="oc-9e">
         <name>.data</name>
         <load_address>0x20000530</load_address>
         <run_address>0x20000530</run_address>
         <size>0x8</size>
         <input_file_ref idref="fl-148"/>
      </object_component>
      <object_component id="oc-a0">
         <name>.data</name>
         <load_address>0x20000538</load_address>
         <run_address>0x20000538</run_address>
         <size>0x8</size>
         <input_file_ref idref="fl-13f"/>
      </object_component>
      <object_component id="oc-16c">
         <name>.data</name>
         <load_address>0x200004c8</load_address>
         <run_address>0x200004c8</run_address>
         <size>0x68</size>
         <input_file_ref idref="fl-147"/>
      </object_component>
      <object_component id="oc-1e4">
         <name>.data</name>
         <load_address>0x20000548</load_address>
         <run_address>0x20000548</run_address>
         <size>0x4</size>
         <input_file_ref idref="fl-14c"/>
      </object_component>
      <object_component id="oc-23e">
         <name>.data</name>
         <load_address>0x20000540</load_address>
         <run_address>0x20000540</run_address>
         <size>0x8</size>
         <input_file_ref idref="fl-151"/>
      </object_component>
      <object_component id="oc-272">
         <name>.data:sigtable</name>
         <load_address>0x20000418</load_address>
         <run_address>0x20000418</run_address>
         <size>0xb0</size>
         <input_file_ref idref="fl-155"/>
      </object_component>
      <object_component id="oc-74">
         <name>.bss</name>
         <uninitialized>true</uninitialized>
         <run_address>0x20000200</run_address>
         <size>0x18</size>
         <input_file_ref idref="fl-6"/>
      </object_component>
      <object_component id="oc-76">
         <name>.bss:g_sI2CInst</name>
         <uninitialized>true</uninitialized>
         <run_address>0x20000000</run_address>
         <size>0x124</size>
         <input_file_ref idref="fl-6"/>
      </object_component>
      <object_component id="oc-78">
         <name>.bss:g_sBMP180Inst</name>
         <uninitialized>true</uninitialized>
         <run_address>0x20000124</run_address>
         <size>0x44</size>
         <input_file_ref idref="fl-6"/>
      </object_component>
      <object_component id="oc-134">
         <name>.bss</name>
         <uninitialized>true</uninitialized>
         <run_address>0x20000168</run_address>
         <size>0x2c</size>
         <input_file_ref idref="fl-7"/>
      </object_component>
      <object_component id="oc-136">
         <name>.bss:fPredictedStateCovariance</name>
         <uninitialized>true</uninitialized>
         <run_address>0x20000194</run_address>
         <size>0x24</size>
         <input_file_ref idref="fl-7"/>
      </object_component>
      <object_component id="oc-138">
         <name>.bss:fTemp1</name>
         <uninitialized>true</uninitialized>
         <run_address>0x200001b8</run_address>
         <size>0x24</size>
         <input_file_ref idref="fl-7"/>
      </object_component>
      <object_component id="oc-13a">
         <name>.bss:fTemp2</name>
         <uninitialized>true</uninitialized>
         <run_address>0x200001dc</run_address>
         <size>0x24</size>
         <input_file_ref idref="fl-7"/>
      </object_component>
      <object_component id="oc-20">
         <name>.stack</name>
         <uninitialized>true</uninitialized>
         <run_address>0x20000218</run_address>
         <size>0x0</size>
         <input_file_ref idref="fl-13b"/>
      </object_component>
      <object_component id="oc-2ae">
         <name>.stack</name>
         <uninitialized>true</uninitialized>
         <run_address>0x20000218</run_address>
         <size>0x0</size>
      </object_component>
      <object_component id="oc-f">
         <name>.debug_info</name>
         <load_address>0x0</load_address>
         <run_address>0x0</run_address>
         <size>0xcf</size>
         <input_file_ref idref="fl-3"/>
      </object_component>
      <object_component id="oc-11">
         <name>.debug_info</name>
         <load_address>0xcf</load_address>
         <run_address>0xcf</run_address>
         <size>0xf4</size>
         <input_file_ref idref="fl-13b"/>
      </object_component>
      <object_component id="oc-15">
         <name>.debug_info</name>
         <load_address>0x1c3</load_address>
         <run_address>0x1c3</run_address>
         <size>0x159</size>
         <input_file_ref idref="fl-13c"/>
      </object_component>
      <object_component id="oc-19">
         <name>.debug_info</name>
         <load_address>0x31c</load_address>
         <run_address>0x31c</run_address>
         <size>0x193</size>
         <input_file_ref idref="fl-13e"/>
      </object_component>
      <object_component id="oc-1d">
         <name>.debug_info</name>
         <load_address>0x4af</load_address>
         <run_address>0x4af</run_address>
         <size>0x16a</size>
         <input_file_ref idref="fl-13d"/>
      </object_component>
      <object_component id="oc-22">
         <name>.debug_info</name>
         <load_address>0x619</load_address>
         <run_address>0x619</run_address>
         <size>0x330</size>
         <input_file_ref idref="fl-3"/>
      </object_component>
      <object_component id="oc-27">
         <name>.debug_info</name>
         <load_address>0x949</load_address>
         <run_address>0x949</run_address>
         <size>0xa5f</size>
         <input_file_ref idref="fl-6"/>
      </object_component>
      <object_component id="oc-2d">
         <name>.debug_info</name>
         <load_address>0x13a8</load_address>
         <run_address>0x13a8</run_address>
         <size>0x142</size>
         <input_file_ref idref="fl-3"/>
      </object_component>
      <object_component id="oc-2f">
         <name>.debug_info</name>
         <load_address>0x14ea</load_address>
         <run_address>0x14ea</run_address>
         <size>0x13f</size>
         <input_file_ref idref="fl-14a"/>
      </object_component>
      <object_component id="oc-33">
         <name>.debug_info</name>
         <load_address>0x1629</load_address>
         <run_address>0x1629</run_address>
         <size>0xfe</size>
         <input_file_ref idref="fl-149"/>
      </object_component>
      <object_component id="oc-37">
         <name>.debug_info</name>
         <load_address>0x1727</load_address>
         <run_address>0x1727</run_address>
         <size>0x205</size>
         <input_file_ref idref="fl-13f"/>
      </object_component>
      <object_component id="oc-3b">
         <name>.debug_info</name>
         <load_address>0x192c</load_address>
         <run_address>0x192c</run_address>
         <size>0xbe</size>
         <input_file_ref idref="fl-142"/>
      </object_component>
      <object_component id="oc-3e">
         <name>.debug_info</name>
         <load_address>0x19ea</load_address>
         <run_address>0x19ea</run_address>
         <size>0xcd</size>
         <input_file_ref idref="fl-140"/>
      </object_component>
      <object_component id="oc-42">
         <name>.debug_info</name>
         <load_address>0x1ab7</load_address>
         <run_address>0x1ab7</run_address>
         <size>0x46</size>
         <input_file_ref idref="fl-13c"/>
      </object_component>
      <object_component id="oc-48">
         <name>.debug_info</name>
         <load_address>0x1afd</load_address>
         <run_address>0x1afd</run_address>
         <size>0x46</size>
         <input_file_ref idref="fl-13e"/>
      </object_component>
      <object_component id="oc-4e">
         <name>.debug_info</name>
         <load_address>0x1b43</load_address>
         <run_address>0x1b43</run_address>
         <size>0x318</size>
         <input_file_ref idref="fl-13d"/>
      </object_component>
      <object_component id="oc-52">
         <name>.debug_info</name>
         <load_address>0x1e5b</load_address>
         <run_address>0x1e5b</run_address>
         <size>0xb2</size>
         <input_file_ref idref="fl-13d"/>
      </object_component>
      <object_component id="oc-53">
         <name>.debug_info</name>
         <load_address>0x1f0d</load_address>
         <run_address>0x1f0d</run_address>
         <size>0x39</size>
         <input_file_ref idref="fl-13d"/>
      </object_component>
      <object_component id="oc-5a">
         <name>.debug_info</name>
         <load_address>0x1f46</load_address>
         <run_address>0x1f46</run_address>
         <size>0x2025</size>
         <input_file_ref idref="fl-4"/>
      </object_component>
      <object_component id="oc-5f">
         <name>.debug_info</name>
         <load_address>0x3f6b</load_address>
         <run_address>0x3f6b</run_address>
         <size>0xda5</size>
         <input_file_ref idref="fl-5"/>
      </object_component>
      <object_component id="oc-64">
         <name>.debug_info</name>
         <load_address>0x4d10</load_address>
         <run_address>0x4d10</run_address>
         <size>0x2f6</size>
         <input_file_ref idref="fl-2"/>
      </object_component>
      <object_component id="oc-69">
         <name>.debug_info</name>
         <load_address>0x5006</load_address>
         <run_address>0x5006</run_address>
         <size>0x130</size>
         <input_file_ref idref="fl-6"/>
      </object_component>
      <object_component id="oc-6b">
         <name>.debug_info</name>
         <load_address>0x5136</load_address>
         <run_address>0x5136</run_address>
         <size>0xe2c</size>
         <input_file_ref idref="fl-8"/>
      </object_component>
      <object_component id="oc-70">
         <name>.debug_info</name>
         <load_address>0x5f62</load_address>
         <run_address>0x5f62</run_address>
         <size>0x784</size>
         <input_file_ref idref="fl-7"/>
      </object_component>
      <object_component id="oc-75">
         <name>.debug_info</name>
         <load_address>0x66e6</load_address>
         <run_address>0x66e6</run_address>
         <size>0xf7</size>
         <input_file_ref idref="fl-6"/>
      </object_component>
      <object_component id="oc-77">
         <name>.debug_info</name>
         <load_address>0x67dd</load_address>
         <run_address>0x67dd</run_address>
         <size>0xca</size>
         <input_file_ref idref="fl-6"/>
      </object_component>
      <object_component id="oc-79">
         <name>.debug_info</name>
         <load_address>0x68a7</load_address>
         <run_address>0x68a7</run_address>
         <size>0xd0</size>
         <input_file_ref idref="fl-6"/>
      </object_component>
      <object_component id="oc-7b">
         <name>.debug_info</name>
         <load_address>0x6977</load_address>
         <run_address>0x6977</run_address>
         <size>0x20d</size>
         <input_file_ref idref="fl-141"/>
      </object_component>
      <object_component id="oc-7f">
         <name>.debug_info</name>
         <load_address>0x6b84</load_address>
         <run_address>0x6b84</run_address>
         <size>0xca</size>
         <input_file_ref idref="fl-6"/>
      </object_component>
      <object_component id="oc-81">
         <name>.debug_info</name>
         <load_address>0x6c4e</load_address>
         <run_address>0x6c4e</run_address>
         <size>0x668</size>
         <input_file_ref idref="fl-6"/>
      </object_component>
      <object_component id="oc-82">
         <name>.debug_info</name>
         <load_address>0x72b6</load_address>
         <run_address>0x72b6</run_address>
         <size>0x18b</size>
         <input_file_ref idref="fl-2"/>
      </object_component>
      <object_component id="oc-87">
         <name>.debug_info</name>
         <load_address>0x7441</load_address>
         <run_address>0x7441</run_address>
         <size>0x90</size>
         <input_file_ref idref="fl-2"/>
      </object_component>
      <object_component id="oc-8e">
         <name>.debug_info</name>
         <load_address>0x74d1</load_address>
         <run_address>0x74d1</run_address>
         <size>0x89</size>
         <input_file_ref idref="fl-3"/>
      </object_component>
      <object_component id="oc-94">
         <name>.debug_info</name>
         <load_address>0x755a</load_address>
         <run_address>0x755a</run_address>
         <size>0x191</size>
         <input_file_ref idref="fl-14b"/>
      </object_component>
      <object_component id="oc-99">
         <name>.debug_info</name>
         <load_address>0x76eb</load_address>
         <run_address>0x76eb</run_address>
         <size>0x90</size>
         <input_file_ref idref="fl-141"/>
      </object_component>
      <object_component id="oc-9f">
         <name>.debug_info</name>
         <load_address>0x777b</load_address>
         <run_address>0x777b</run_address>
         <size>0xc8</size>
         <input_file_ref idref="fl-148"/>
      </object_component>
      <object_component id="oc-a1">
         <name>.debug_info</name>
         <load_address>0x7843</load_address>
         <run_address>0x7843</run_address>
         <size>0xdb</size>
         <input_file_ref idref="fl-13f"/>
      </object_component>
      <object_component id="oc-a3">
         <name>.debug_info</name>
         <load_address>0x791e</load_address>
         <run_address>0x791e</run_address>
         <size>0x89</size>
         <input_file_ref idref="fl-13c"/>
      </object_component>
      <object_component id="oc-aa">
         <name>.debug_info</name>
         <load_address>0x79a7</load_address>
         <run_address>0x79a7</run_address>
         <size>0x83</size>
         <input_file_ref idref="fl-142"/>
      </object_component>
      <object_component id="oc-b0">
         <name>.debug_info</name>
         <load_address>0x7a2a</load_address>
         <run_address>0x7a2a</run_address>
         <size>0x46</size>
         <input_file_ref idref="fl-13c"/>
      </object_component>
      <object_component id="oc-b5">
         <name>.debug_info</name>
         <load_address>0x7a70</load_address>
         <run_address>0x7a70</run_address>
         <size>0xe8</size>
         <input_file_ref idref="fl-13c"/>
      </object_component>
      <object_component id="oc-b6">
         <name>.debug_info</name>
         <load_address>0x7b58</load_address>
         <run_address>0x7b58</run_address>
         <size>0x2c</size>
         <input_file_ref idref="fl-13d"/>
      </object_component>
      <object_component id="oc-bb">
         <name>.debug_info</name>
         <load_address>0x7b84</load_address>
         <run_address>0x7b84</run_address>
         <size>0xa8</size>
         <input_file_ref idref="fl-13e"/>
      </object_component>
      <object_component id="oc-bd">
         <name>.debug_info</name>
         <load_address>0x7c2c</load_address>
         <run_address>0x7c2c</run_address>
         <size>0x84</size>
         <input_file_ref idref="fl-13d"/>
      </object_component>
      <object_component id="oc-c5">
         <name>.debug_info</name>
         <load_address>0x7cb0</load_address>
         <run_address>0x7cb0</run_address>
         <size>0x1ce</size>
         <input_file_ref idref="fl-f"/>
      </object_component>
      <object_component id="oc-ca">
         <name>.debug_info</name>
         <load_address>0x7e7e</load_address>
         <run_address>0x7e7e</run_address>
         <size>0x261</size>
         <input_file_ref idref="fl-4"/>
      </object_component>
      <object_component id="oc-d1">
         <name>.debug_info</name>
         <load_address>0x80df</load_address>
         <run_address>0x80df</run_address>
         <size>0x2cd</size>
         <input_file_ref idref="fl-4"/>
      </object_component>
      <object_component id="oc-d8">
         <name>.debug_info</name>
         <load_address>0x83ac</load_address>
         <run_address>0x83ac</run_address>
         <size>0x293</size>
         <input_file_ref idref="fl-4"/>
      </object_component>
      <object_component id="oc-df">
         <name>.debug_info</name>
         <load_address>0x863f</load_address>
         <run_address>0x863f</run_address>
         <size>0x15d</size>
         <input_file_ref idref="fl-4"/>
      </object_component>
      <object_component id="oc-e1">
         <name>.debug_info</name>
         <load_address>0x879c</load_address>
         <run_address>0x879c</run_address>
         <size>0x2c6</size>
         <input_file_ref idref="fl-5"/>
      </object_component>
      <object_component id="oc-e3">
         <name>.debug_info</name>
         <load_address>0x8a62</load_address>
         <run_address>0x8a62</run_address>
         <size>0x1e1</size>
         <input_file_ref idref="fl-e"/>
      </object_component>
      <object_component id="oc-e8">
         <name>.debug_info</name>
         <load_address>0x8c43</load_address>
         <run_address>0x8c43</run_address>
         <size>0x1eb</size>
         <input_file_ref idref="fl-10"/>
      </object_component>
      <object_component id="oc-ed">
         <name>.debug_info</name>
         <load_address>0x8e2e</load_address>
         <run_address>0x8e2e</run_address>
         <size>0x1e9</size>
         <input_file_ref idref="fl-10"/>
      </object_component>
      <object_component id="oc-f2">
         <name>.debug_info</name>
         <load_address>0x9017</load_address>
         <run_address>0x9017</run_address>
         <size>0x1e4</size>
         <input_file_ref idref="fl-10"/>
      </object_component>
      <object_component id="oc-f7">
         <name>.debug_info</name>
         <load_address>0x91fb</load_address>
         <run_address>0x91fb</run_address>
         <size>0x1dd</size>
         <input_file_ref idref="fl-10"/>
      </object_component>
      <object_component id="oc-fc">
         <name>.debug_info</name>
         <load_address>0x93d8</load_address>
         <run_address>0x93d8</run_address>
         <size>0x1e3</size>
         <input_file_ref idref="fl-10"/>
      </object_component>
      <object_component id="oc-101">
         <name>.debug_info</name>
         <load_address>0x95bb</load_address>
         <run_address>0x95bb</run_address>
         <size>0x1dd</size>
         <input_file_ref idref="fl-10"/>
      </object_component>
      <object_component id="oc-109">
         <name>.debug_info</name>
         <load_address>0x9798</load_address>
         <run_address>0x9798</run_address>
         <size>0x1df</size>
         <input_file_ref idref="fl-10"/>
      </object_component>
      <object_component id="oc-10e">
         <name>.debug_info</name>
         <load_address>0x9977</load_address>
         <run_address>0x9977</run_address>
         <size>0x207</size>
         <input_file_ref idref="fl-10"/>
      </object_component>
      <object_component id="oc-113">
         <name>.debug_info</name>
         <load_address>0x9b7e</load_address>
         <run_address>0x9b7e</run_address>
         <size>0x202</size>
         <input_file_ref idref="fl-e"/>
      </object_component>
      <object_component id="oc-118">
         <name>.debug_info</name>
         <load_address>0x9d80</load_address>
         <run_address>0x9d80</run_address>
         <size>0xbe</size>
         <input_file_ref idref="fl-8"/>
      </object_component>
      <object_component id="oc-11a">
         <name>.debug_info</name>
         <load_address>0x9e3e</load_address>
         <run_address>0x9e3e</run_address>
         <size>0x4d</size>
         <input_file_ref idref="fl-8"/>
      </object_component>
      <object_component id="oc-11f">
         <name>.debug_info</name>
         <load_address>0x9e8b</load_address>
         <run_address>0x9e8b</run_address>
         <size>0x16d</size>
         <input_file_ref idref="fl-8"/>
      </object_component>
      <object_component id="oc-121">
         <name>.debug_info</name>
         <load_address>0x9ff8</load_address>
         <run_address>0x9ff8</run_address>
         <size>0x22f</size>
         <input_file_ref idref="fl-15b"/>
      </object_component>
      <object_component id="oc-126">
         <name>.debug_info</name>
         <load_address>0xa227</load_address>
         <run_address>0xa227</run_address>
         <size>0x479</size>
         <input_file_ref idref="fl-159"/>
      </object_component>
      <object_component id="oc-12b">
         <name>.debug_info</name>
         <load_address>0xa6a0</load_address>
         <run_address>0xa6a0</run_address>
         <size>0x5c8</size>
         <input_file_ref idref="fl-15a"/>
      </object_component>
      <object_component id="oc-130">
         <name>.debug_info</name>
         <load_address>0xac68</load_address>
         <run_address>0xac68</run_address>
         <size>0x40f</size>
         <input_file_ref idref="fl-15c"/>
      </object_component>
      <object_component id="oc-135">
         <name>.debug_info</name>
         <load_address>0xb077</load_address>
         <run_address>0xb077</run_address>
         <size>0x1c1</size>
         <input_file_ref idref="fl-7"/>
      </object_component>
      <object_component id="oc-137">
         <name>.debug_info</name>
         <load_address>0xb238</load_address>
         <run_address>0xb238</run_address>
         <size>0xe9</size>
         <input_file_ref idref="fl-7"/>
      </object_component>
      <object_component id="oc-139">
         <name>.debug_info</name>
         <load_address>0xb321</load_address>
         <run_address>0xb321</run_address>
         <size>0xc3</size>
         <input_file_ref idref="fl-7"/>
      </object_component>
      <object_component id="oc-13b">
         <name>.debug_info</name>
         <load_address>0xb3e4</load_address>
         <run_address>0xb3e4</run_address>
         <size>0xc3</size>
         <input_file_ref idref="fl-7"/>
      </object_component>
      <object_component id="oc-13d">
         <name>.debug_info</name>
         <load_address>0xb4a7</load_address>
         <run_address>0xb4a7</run_address>
         <size>0x279</size>
         <input_file_ref idref="fl-7"/>
      </object_component>
      <object_component id="oc-13e">
         <name>.debug_info</name>
         <load_address>0xb720</load_address>
         <run_address>0xb720</run_address>
         <size>0x1cee</size>
         <input_file_ref idref="fl-7"/>
      </object_component>
      <object_component id="oc-145">
         <name>.debug_info</name>
         <load_address>0xd40e</load_address>
         <run_address>0xd40e</run_address>
         <size>0x151</size>
         <input_file_ref idref="fl-6"/>
      </object_component>
      <object_component id="oc-14c">
         <name>.debug_info</name>
         <load_address>0xd55f</load_address>
         <run_address>0xd55f</run_address>
         <size>0x4e6</size>
         <input_file_ref idref="fl-5"/>
      </object_component>
      <object_component id="oc-153">
         <name>.debug_info</name>
         <load_address>0xda45</load_address>
         <run_address>0xda45</run_address>
         <size>0x1f8</size>
         <input_file_ref idref="fl-5"/>
      </object_component>
      <object_component id="oc-159">
         <name>.debug_info</name>
         <load_address>0xdc3d</load_address>
         <run_address>0xdc3d</run_address>
         <size>0x11f</size>
         <input_file_ref idref="fl-144"/>
      </object_component>
      <object_component id="oc-15d">
         <name>.debug_info</name>
         <load_address>0xdd5c</load_address>
         <run_address>0xdd5c</run_address>
         <size>0x111</size>
         <input_file_ref idref="fl-143"/>
      </object_component>
      <object_component id="oc-161">
         <name>.debug_info</name>
         <load_address>0xde6d</load_address>
         <run_address>0xde6d</run_address>
         <size>0x116</size>
         <input_file_ref idref="fl-145"/>
      </object_component>
      <object_component id="oc-165">
         <name>.debug_info</name>
         <load_address>0xdf83</load_address>
         <run_address>0xdf83</run_address>
         <size>0xf2</size>
         <input_file_ref idref="fl-153"/>
      </object_component>
      <object_component id="oc-169">
         <name>.debug_info</name>
         <load_address>0xe075</load_address>
         <run_address>0xe075</run_address>
         <size>0x1dd</size>
         <input_file_ref idref="fl-146"/>
      </object_component>
      <object_component id="oc-16d">
         <name>.debug_info</name>
         <load_address>0xe252</load_address>
         <run_address>0xe252</run_address>
         <size>0x179</size>
         <input_file_ref idref="fl-147"/>
      </object_component>
      <object_component id="oc-173">
         <name>.debug_info</name>
         <load_address>0xe3cb</load_address>
         <run_address>0xe3cb</run_address>
         <size>0x1cee</size>
         <input_file_ref idref="fl-6"/>
      </object_component>
      <object_component id="oc-179">
         <name>.debug_info</name>
         <load_address>0x100b9</load_address>
         <run_address>0x100b9</run_address>
         <size>0x143</size>
         <input_file_ref idref="fl-14b"/>
      </object_component>
      <object_component id="oc-17b">
         <name>.debug_info</name>
         <load_address>0x101fc</load_address>
         <run_address>0x101fc</run_address>
         <size>0x1ba</size>
         <input_file_ref idref="fl-148"/>
      </object_component>
      <object_component id="oc-180">
         <name>.debug_info</name>
         <load_address>0x103b6</load_address>
         <run_address>0x103b6</run_address>
         <size>0xd4</size>
         <input_file_ref idref="fl-148"/>
      </object_component>
      <object_component id="oc-183">
         <name>.debug_info</name>
         <load_address>0x1048a</load_address>
         <run_address>0x1048a</run_address>
         <size>0x131</size>
         <input_file_ref idref="fl-13f"/>
      </object_component>
      <object_component id="oc-189">
         <name>.debug_info</name>
         <load_address>0x105bb</load_address>
         <run_address>0x105bb</run_address>
         <size>0x18b</size>
         <input_file_ref idref="fl-e"/>
      </object_component>
      <object_component id="oc-18e">
         <name>.debug_info</name>
         <load_address>0x10746</load_address>
         <run_address>0x10746</run_address>
         <size>0x1ba</size>
         <input_file_ref idref="fl-f"/>
      </object_component>
      <object_component id="oc-191">
         <name>.debug_info</name>
         <load_address>0x10900</load_address>
         <run_address>0x10900</run_address>
         <size>0x4e6</size>
         <input_file_ref idref="fl-4"/>
      </object_component>
      <object_component id="oc-199">
         <name>.debug_info</name>
         <load_address>0x10de6</load_address>
         <run_address>0x10de6</run_address>
         <size>0x1e2</size>
         <input_file_ref idref="fl-e"/>
      </object_component>
      <object_component id="oc-19b">
         <name>.debug_info</name>
         <load_address>0x10fc8</load_address>
         <run_address>0x10fc8</run_address>
         <size>0x265</size>
         <input_file_ref idref="fl-10"/>
      </object_component>
      <object_component id="oc-1a0">
         <name>.debug_info</name>
         <load_address>0x1122d</load_address>
         <run_address>0x1122d</run_address>
         <size>0x215</size>
         <input_file_ref idref="fl-10"/>
      </object_component>
      <object_component id="oc-1a7">
         <name>.debug_info</name>
         <load_address>0x11442</load_address>
         <run_address>0x11442</run_address>
         <size>0x10d</size>
         <input_file_ref idref="fl-10"/>
      </object_component>
      <object_component id="oc-1a9">
         <name>.debug_info</name>
         <load_address>0x1154f</load_address>
         <run_address>0x1154f</run_address>
         <size>0x1d1</size>
         <input_file_ref idref="fl-10"/>
      </object_component>
      <object_component id="oc-1b0">
         <name>.debug_info</name>
         <load_address>0x11720</load_address>
         <run_address>0x11720</run_address>
         <size>0xff</size>
         <input_file_ref idref="fl-e"/>
      </object_component>
      <object_component id="oc-1b7">
         <name>.debug_info</name>
         <load_address>0x1181f</load_address>
         <run_address>0x1181f</run_address>
         <size>0x188</size>
         <input_file_ref idref="fl-15b"/>
      </object_component>
      <object_component id="oc-1b8">
         <name>.debug_info</name>
         <load_address>0x119a7</load_address>
         <run_address>0x119a7</run_address>
         <size>0x18b</size>
         <input_file_ref idref="fl-159"/>
      </object_component>
      <object_component id="oc-1be">
         <name>.debug_info</name>
         <load_address>0x11b32</load_address>
         <run_address>0x11b32</run_address>
         <size>0x1cee</size>
         <input_file_ref idref="fl-159"/>
      </object_component>
      <object_component id="oc-1c3">
         <name>.debug_info</name>
         <load_address>0x13820</load_address>
         <run_address>0x13820</run_address>
         <size>0x194</size>
         <input_file_ref idref="fl-159"/>
      </object_component>
      <object_component id="oc-1c4">
         <name>.debug_info</name>
         <load_address>0x139b4</load_address>
         <run_address>0x139b4</run_address>
         <size>0x90</size>
         <input_file_ref idref="fl-159"/>
      </object_component>
      <object_component id="oc-1ca">
         <name>.debug_info</name>
         <load_address>0x13a44</load_address>
         <run_address>0x13a44</run_address>
         <size>0x193</size>
         <input_file_ref idref="fl-15a"/>
      </object_component>
      <object_component id="oc-1cc">
         <name>.debug_info</name>
         <load_address>0x13bd7</load_address>
         <run_address>0x13bd7</run_address>
         <size>0x192</size>
         <input_file_ref idref="fl-15c"/>
      </object_component>
      <object_component id="oc-1d8">
         <name>.debug_info</name>
         <load_address>0x13d69</load_address>
         <run_address>0x13d69</run_address>
         <size>0x19d</size>
         <input_file_ref idref="fl-156"/>
      </object_component>
      <object_component id="oc-1dc">
         <name>.debug_info</name>
         <load_address>0x13f06</load_address>
         <run_address>0x13f06</run_address>
         <size>0xdb</size>
         <input_file_ref idref="fl-144"/>
      </object_component>
      <object_component id="oc-1df">
         <name>.debug_info</name>
         <load_address>0x13fe1</load_address>
         <run_address>0x13fe1</run_address>
         <size>0x107</size>
         <input_file_ref idref="fl-143"/>
      </object_component>
      <object_component id="oc-1e1">
         <name>.debug_info</name>
         <load_address>0x140e8</load_address>
         <run_address>0x140e8</run_address>
         <size>0x132</size>
         <input_file_ref idref="fl-151"/>
      </object_component>
      <object_component id="oc-1e5">
         <name>.debug_info</name>
         <load_address>0x1421a</load_address>
         <run_address>0x1421a</run_address>
         <size>0xab</size>
         <input_file_ref idref="fl-14c"/>
      </object_component>
      <object_component id="oc-1e8">
         <name>.debug_info</name>
         <load_address>0x142c5</load_address>
         <run_address>0x142c5</run_address>
         <size>0x150</size>
         <input_file_ref idref="fl-158"/>
      </object_component>
      <object_component id="oc-1ed">
         <name>.debug_info</name>
         <load_address>0x14415</load_address>
         <run_address>0x14415</run_address>
         <size>0xe0</size>
         <input_file_ref idref="fl-152"/>
      </object_component>
      <object_component id="oc-1f1">
         <name>.debug_info</name>
         <load_address>0x144f5</load_address>
         <run_address>0x144f5</run_address>
         <size>0x100</size>
         <input_file_ref idref="fl-14d"/>
      </object_component>
      <object_component id="oc-1f5">
         <name>.debug_info</name>
         <load_address>0x145f5</load_address>
         <run_address>0x145f5</run_address>
         <size>0xee</size>
         <input_file_ref idref="fl-14e"/>
      </object_component>
      <object_component id="oc-1f9">
         <name>.debug_info</name>
         <load_address>0x146e3</load_address>
         <run_address>0x146e3</run_address>
         <size>0xee</size>
         <input_file_ref idref="fl-14f"/>
      </object_component>
      <object_component id="oc-1fd">
         <name>.debug_info</name>
         <load_address>0x147d1</load_address>
         <run_address>0x147d1</run_address>
         <size>0xe9</size>
         <input_file_ref idref="fl-150"/>
      </object_component>
      <object_component id="oc-201">
         <name>.debug_info</name>
         <load_address>0x148ba</load_address>
         <run_address>0x148ba</run_address>
         <size>0x129</size>
         <input_file_ref idref="fl-157"/>
      </object_component>
      <object_component id="oc-205">
         <name>.debug_info</name>
         <load_address>0x149e3</load_address>
         <run_address>0x149e3</run_address>
         <size>0x112</size>
         <input_file_ref idref="fl-146"/>
      </object_component>
      <object_component id="oc-207">
         <name>.debug_info</name>
         <load_address>0x14af5</load_address>
         <run_address>0x14af5</run_address>
         <size>0x14a</size>
         <input_file_ref idref="fl-146"/>
      </object_component>
      <object_component id="oc-20a">
         <name>.debug_info</name>
         <load_address>0x14c3f</load_address>
         <run_address>0x14c3f</run_address>
         <size>0x86</size>
         <input_file_ref idref="fl-145"/>
      </object_component>
      <object_component id="oc-211">
         <name>.debug_info</name>
         <load_address>0x14cc5</load_address>
         <run_address>0x14cc5</run_address>
         <size>0xcd</size>
         <input_file_ref idref="fl-14b"/>
      </object_component>
      <object_component id="oc-21b">
         <name>.debug_info</name>
         <load_address>0x14d92</load_address>
         <run_address>0x14d92</run_address>
         <size>0x90</size>
         <input_file_ref idref="fl-e"/>
      </object_component>
      <object_component id="oc-235">
         <name>.debug_info</name>
         <load_address>0x14e22</load_address>
         <run_address>0x14e22</run_address>
         <size>0xaa</size>
         <input_file_ref idref="fl-156"/>
      </object_component>
      <object_component id="oc-23b">
         <name>.debug_info</name>
         <load_address>0x14ecc</load_address>
         <run_address>0x14ecc</run_address>
         <size>0x112</size>
         <input_file_ref idref="fl-154"/>
      </object_component>
      <object_component id="oc-23f">
         <name>.debug_info</name>
         <load_address>0x14fde</load_address>
         <run_address>0x14fde</run_address>
         <size>0xe2</size>
         <input_file_ref idref="fl-151"/>
      </object_component>
      <object_component id="oc-244">
         <name>.debug_info</name>
         <load_address>0x150c0</load_address>
         <run_address>0x150c0</run_address>
         <size>0x1e0</size>
         <input_file_ref idref="fl-158"/>
      </object_component>
      <object_component id="oc-24c">
         <name>.debug_info</name>
         <load_address>0x152a0</load_address>
         <run_address>0x152a0</run_address>
         <size>0xeb</size>
         <input_file_ref idref="fl-157"/>
      </object_component>
      <object_component id="oc-251">
         <name>.debug_info</name>
         <load_address>0x1538b</load_address>
         <run_address>0x1538b</run_address>
         <size>0x86</size>
         <input_file_ref idref="fl-146"/>
      </object_component>
      <object_component id="oc-256">
         <name>.debug_info</name>
         <load_address>0x15411</load_address>
         <run_address>0x15411</run_address>
         <size>0xee</size>
         <input_file_ref idref="fl-145"/>
      </object_component>
      <object_component id="oc-25a">
         <name>.debug_info</name>
         <load_address>0x154ff</load_address>
         <run_address>0x154ff</run_address>
         <size>0x119</size>
         <input_file_ref idref="fl-155"/>
      </object_component>
      <object_component id="oc-260">
         <name>.debug_info</name>
         <load_address>0x15618</load_address>
         <run_address>0x15618</run_address>
         <size>0x6f</size>
         <input_file_ref idref="fl-145"/>
      </object_component>
      <object_component id="oc-265">
         <name>.debug_info</name>
         <load_address>0x15687</load_address>
         <run_address>0x15687</run_address>
         <size>0x144</size>
         <input_file_ref idref="fl-151"/>
      </object_component>
      <object_component id="oc-268">
         <name>.debug_info</name>
         <load_address>0x157cb</load_address>
         <run_address>0x157cb</run_address>
         <size>0x13e</size>
         <input_file_ref idref="fl-158"/>
      </object_component>
      <object_component id="oc-26b">
         <name>.debug_info</name>
         <load_address>0x15909</load_address>
         <run_address>0x15909</run_address>
         <size>0x86</size>
         <input_file_ref idref="fl-144"/>
      </object_component>
      <object_component id="oc-273">
         <name>.debug_info</name>
         <load_address>0x1598f</load_address>
         <run_address>0x1598f</run_address>
         <size>0xaf</size>
         <input_file_ref idref="fl-155"/>
      </object_component>
      <object_component id="oc-275">
         <name>.debug_info</name>
         <load_address>0x15a3e</load_address>
         <run_address>0x15a3e</run_address>
         <size>0xed</size>
         <input_file_ref idref="fl-155"/>
      </object_component>
      <object_component id="oc-27a">
         <name>.debug_info</name>
         <load_address>0x15b2b</load_address>
         <run_address>0x15b2b</run_address>
         <size>0x86</size>
         <input_file_ref idref="fl-141"/>
      </object_component>
      <object_component id="oc-283">
         <name>.debug_info</name>
         <load_address>0x15bb1</load_address>
         <run_address>0x15bb1</run_address>
         <size>0x39</size>
         <input_file_ref idref="fl-154"/>
      </object_component>
      <object_component id="oc-288">
         <name>.debug_info</name>
         <load_address>0x15bea</load_address>
         <run_address>0x15bea</run_address>
         <size>0x1b2</size>
         <input_file_ref idref="fl-141"/>
      </object_component>
      <object_component id="oc-289">
         <name>.debug_info</name>
         <load_address>0x15d9c</load_address>
         <run_address>0x15d9c</run_address>
         <size>0xd3</size>
         <input_file_ref idref="fl-154"/>
      </object_component>
      <object_component id="oc-2af">
         <name>.debug_info</name>
         <load_address>0x15e6f</load_address>
         <run_address>0x15e6f</run_address>
         <size>0x96</size>
      </object_component>
      <object_component id="oc-12">
         <name>.debug_line</name>
         <load_address>0x0</load_address>
         <run_address>0x0</run_address>
         <size>0x4f</size>
         <input_file_ref idref="fl-13b"/>
      </object_component>
      <object_component id="oc-16">
         <name>.debug_line</name>
         <load_address>0x4f</load_address>
         <run_address>0x4f</run_address>
         <size>0x4d</size>
         <input_file_ref idref="fl-13c"/>
      </object_component>
      <object_component id="oc-1a">
         <name>.debug_line</name>
         <load_address>0x9c</load_address>
         <run_address>0x9c</run_address>
         <size>0x4c</size>
         <input_file_ref idref="fl-13e"/>
      </object_component>
      <object_component id="oc-1e">
         <name>.debug_line</name>
         <load_address>0xe8</load_address>
         <run_address>0xe8</run_address>
         <size>0x4c</size>
         <input_file_ref idref="fl-13d"/>
      </object_component>
      <object_component id="oc-23">
         <name>.debug_line</name>
         <load_address>0x134</load_address>
         <run_address>0x134</run_address>
         <size>0x94</size>
         <input_file_ref idref="fl-3"/>
      </object_component>
      <object_component id="oc-28">
         <name>.debug_line</name>
         <load_address>0x1c8</load_address>
         <run_address>0x1c8</run_address>
         <size>0x1a5</size>
         <input_file_ref idref="fl-6"/>
      </object_component>
      <object_component id="oc-2c">
         <name>.debug_line</name>
         <load_address>0x36d</load_address>
         <run_address>0x36d</run_address>
         <size>0x34</size>
         <input_file_ref idref="fl-3"/>
      </object_component>
      <object_component id="oc-30">
         <name>.debug_line</name>
         <load_address>0x3a1</load_address>
         <run_address>0x3a1</run_address>
         <size>0x87</size>
         <input_file_ref idref="fl-14a"/>
      </object_component>
      <object_component id="oc-34">
         <name>.debug_line</name>
         <load_address>0x428</load_address>
         <run_address>0x428</run_address>
         <size>0x42</size>
         <input_file_ref idref="fl-149"/>
      </object_component>
      <object_component id="oc-38">
         <name>.debug_line</name>
         <load_address>0x46a</load_address>
         <run_address>0x46a</run_address>
         <size>0x71</size>
         <input_file_ref idref="fl-13f"/>
      </object_component>
      <object_component id="oc-3f">
         <name>.debug_line</name>
         <load_address>0x4db</load_address>
         <run_address>0x4db</run_address>
         <size>0x88</size>
         <input_file_ref idref="fl-140"/>
      </object_component>
      <object_component id="oc-44">
         <name>.debug_line</name>
         <load_address>0x563</load_address>
         <run_address>0x563</run_address>
         <size>0x3a</size>
         <input_file_ref idref="fl-13c"/>
      </object_component>
      <object_component id="oc-4a">
         <name>.debug_line</name>
         <load_address>0x59d</load_address>
         <run_address>0x59d</run_address>
         <size>0x34</size>
         <input_file_ref idref="fl-13e"/>
      </object_component>
      <object_component id="oc-4f">
         <name>.debug_line</name>
         <load_address>0x5d1</load_address>
         <run_address>0x5d1</run_address>
         <size>0x58</size>
         <input_file_ref idref="fl-13d"/>
      </object_component>
      <object_component id="oc-55">
         <name>.debug_line</name>
         <load_address>0x629</load_address>
         <run_address>0x629</run_address>
         <size>0x39</size>
         <input_file_ref idref="fl-13d"/>
      </object_component>
      <object_component id="oc-5b">
         <name>.debug_line</name>
         <load_address>0x662</load_address>
         <run_address>0x662</run_address>
         <size>0x612</size>
         <input_file_ref idref="fl-4"/>
      </object_component>
      <object_component id="oc-60">
         <name>.debug_line</name>
         <load_address>0xc74</load_address>
         <run_address>0xc74</run_address>
         <size>0x23e</size>
         <input_file_ref idref="fl-5"/>
      </object_component>
      <object_component id="oc-65">
         <name>.debug_line</name>
         <load_address>0xeb2</load_address>
         <run_address>0xeb2</run_address>
         <size>0x62</size>
         <input_file_ref idref="fl-2"/>
      </object_component>
      <object_component id="oc-6c">
         <name>.debug_line</name>
         <load_address>0xf14</load_address>
         <run_address>0xf14</run_address>
         <size>0x22d</size>
         <input_file_ref idref="fl-8"/>
      </object_component>
      <object_component id="oc-71">
         <name>.debug_line</name>
         <load_address>0x1141</load_address>
         <run_address>0x1141</run_address>
         <size>0xb0</size>
         <input_file_ref idref="fl-7"/>
      </object_component>
      <object_component id="oc-7c">
         <name>.debug_line</name>
         <load_address>0x11f1</load_address>
         <run_address>0x11f1</run_address>
         <size>0x4d</size>
         <input_file_ref idref="fl-141"/>
      </object_component>
      <object_component id="oc-84">
         <name>.debug_line</name>
         <load_address>0x123e</load_address>
         <run_address>0x123e</run_address>
         <size>0x59</size>
         <input_file_ref idref="fl-2"/>
      </object_component>
      <object_component id="oc-89">
         <name>.debug_line</name>
         <load_address>0x1297</load_address>
         <run_address>0x1297</run_address>
         <size>0x20</size>
         <input_file_ref idref="fl-2"/>
      </object_component>
      <object_component id="oc-8d">
         <name>.debug_line</name>
         <load_address>0x12b7</load_address>
         <run_address>0x12b7</run_address>
         <size>0x34</size>
         <input_file_ref idref="fl-3"/>
      </object_component>
      <object_component id="oc-90">
         <name>.debug_line</name>
         <load_address>0x12eb</load_address>
         <run_address>0x12eb</run_address>
         <size>0x20</size>
         <input_file_ref idref="fl-3"/>
      </object_component>
      <object_component id="oc-95">
         <name>.debug_line</name>
         <load_address>0x130b</load_address>
         <run_address>0x130b</run_address>
         <size>0x43</size>
         <input_file_ref idref="fl-14b"/>
      </object_component>
      <object_component id="oc-9b">
         <name>.debug_line</name>
         <load_address>0x134e</load_address>
         <run_address>0x134e</run_address>
         <size>0x20</size>
         <input_file_ref idref="fl-141"/>
      </object_component>
      <object_component id="oc-a5">
         <name>.debug_line</name>
         <load_address>0x136e</load_address>
         <run_address>0x136e</run_address>
         <size>0x20</size>
         <input_file_ref idref="fl-13c"/>
      </object_component>
      <object_component id="oc-a9">
         <name>.debug_line</name>
         <load_address>0x138e</load_address>
         <run_address>0x138e</run_address>
         <size>0x33</size>
         <input_file_ref idref="fl-142"/>
      </object_component>
      <object_component id="oc-ac">
         <name>.debug_line</name>
         <load_address>0x13c1</load_address>
         <run_address>0x13c1</run_address>
         <size>0x20</size>
         <input_file_ref idref="fl-142"/>
      </object_component>
      <object_component id="oc-b2">
         <name>.debug_line</name>
         <load_address>0x13e1</load_address>
         <run_address>0x13e1</run_address>
         <size>0x44</size>
         <input_file_ref idref="fl-13c"/>
      </object_component>
      <object_component id="oc-b8">
         <name>.debug_line</name>
         <load_address>0x1425</load_address>
         <run_address>0x1425</run_address>
         <size>0x44</size>
         <input_file_ref idref="fl-13d"/>
      </object_component>
      <object_component id="oc-bf">
         <name>.debug_line</name>
         <load_address>0x1469</load_address>
         <run_address>0x1469</run_address>
         <size>0x20</size>
         <input_file_ref idref="fl-13d"/>
      </object_component>
      <object_component id="oc-c3">
         <name>.debug_line</name>
         <load_address>0x1489</load_address>
         <run_address>0x1489</run_address>
         <size>0x20</size>
         <input_file_ref idref="fl-13d"/>
      </object_component>
      <object_component id="oc-c6">
         <name>.debug_line</name>
         <load_address>0x14a9</load_address>
         <run_address>0x14a9</run_address>
         <size>0x70</size>
         <input_file_ref idref="fl-f"/>
      </object_component>
      <object_component id="oc-cc">
         <name>.debug_line</name>
         <load_address>0x1519</load_address>
         <run_address>0x1519</run_address>
         <size>0x6c</size>
         <input_file_ref idref="fl-4"/>
      </object_component>
      <object_component id="oc-d3">
         <name>.debug_line</name>
         <load_address>0x1585</load_address>
         <run_address>0x1585</run_address>
         <size>0x6c</size>
         <input_file_ref idref="fl-4"/>
      </object_component>
      <object_component id="oc-da">
         <name>.debug_line</name>
         <load_address>0x15f1</load_address>
         <run_address>0x15f1</run_address>
         <size>0x6c</size>
         <input_file_ref idref="fl-4"/>
      </object_component>
      <object_component id="oc-e4">
         <name>.debug_line</name>
         <load_address>0x165d</load_address>
         <run_address>0x165d</run_address>
         <size>0x6d</size>
         <input_file_ref idref="fl-e"/>
      </object_component>
      <object_component id="oc-e9">
         <name>.debug_line</name>
         <load_address>0x16ca</load_address>
         <run_address>0x16ca</run_address>
         <size>0x6c</size>
         <input_file_ref idref="fl-10"/>
      </object_component>
      <object_component id="oc-ee">
         <name>.debug_line</name>
         <load_address>0x1736</load_address>
         <run_address>0x1736</run_address>
         <size>0x6c</size>
         <input_file_ref idref="fl-10"/>
      </object_component>
      <object_component id="oc-f3">
         <name>.debug_line</name>
         <load_address>0x17a2</load_address>
         <run_address>0x17a2</run_address>
         <size>0x80</size>
         <input_file_ref idref="fl-10"/>
      </object_component>
      <object_component id="oc-f8">
         <name>.debug_line</name>
         <load_address>0x1822</load_address>
         <run_address>0x1822</run_address>
         <size>0x6c</size>
         <input_file_ref idref="fl-10"/>
      </object_component>
      <object_component id="oc-fd">
         <name>.debug_line</name>
         <load_address>0x188e</load_address>
         <run_address>0x188e</run_address>
         <size>0x6c</size>
         <input_file_ref idref="fl-10"/>
      </object_component>
      <object_component id="oc-102">
         <name>.debug_line</name>
         <load_address>0x18fa</load_address>
         <run_address>0x18fa</run_address>
         <size>0x6c</size>
         <input_file_ref idref="fl-10"/>
      </object_component>
      <object_component id="oc-107">
         <name>.debug_line</name>
         <load_address>0x1966</load_address>
         <run_address>0x1966</run_address>
         <size>0x33</size>
         <input_file_ref idref="fl-6"/>
      </object_component>
      <object_component id="oc-10a">
         <name>.debug_line</name>
         <load_address>0x1999</load_address>
         <run_address>0x1999</run_address>
         <size>0x6b</size>
         <input_file_ref idref="fl-10"/>
      </object_component>
      <object_component id="oc-10f">
         <name>.debug_line</name>
         <load_address>0x1a04</load_address>
         <run_address>0x1a04</run_address>
         <size>0x6b</size>
         <input_file_ref idref="fl-10"/>
      </object_component>
      <object_component id="oc-114">
         <name>.debug_line</name>
         <load_address>0x1a6f</load_address>
         <run_address>0x1a6f</run_address>
         <size>0xc8</size>
         <input_file_ref idref="fl-e"/>
      </object_component>
      <object_component id="oc-11c">
         <name>.debug_line</name>
         <load_address>0x1b37</load_address>
         <run_address>0x1b37</run_address>
         <size>0x32</size>
         <input_file_ref idref="fl-8"/>
      </object_component>
      <object_component id="oc-122">
         <name>.debug_line</name>
         <load_address>0x1b69</load_address>
         <run_address>0x1b69</run_address>
         <size>0x76</size>
         <input_file_ref idref="fl-15b"/>
      </object_component>
      <object_component id="oc-127">
         <name>.debug_line</name>
         <load_address>0x1bdf</load_address>
         <run_address>0x1bdf</run_address>
         <size>0xe1</size>
         <input_file_ref idref="fl-159"/>
      </object_component>
      <object_component id="oc-12c">
         <name>.debug_line</name>
[...]
      </symbol>
      <symbol id="sm-141">
         <name>I2CMRead16BE</name>
         <value>0xdbf</value>
         <object_component_ref idref="oc-59"/>
      </symbol>
      <symbol id="sm-142">
         <name>I2CMWrite16BE</name>
         <value>0xe83</value>
         <object_component_ref idref="oc-59"/>
      </symbol>
      <symbol id="sm-143">
         <name>I2CMCommand</name>
         <value>0x8e9</value>
         <object_component_ref idref="oc-59"/>
      </symbol>
      <symbol id="sm-144">
         <name>I2CMReadModifyWrite16LE</name>
         <value>0xbed</value>
         <object_component_ref idref="oc-59"/>
      </symbol>
      <symbol id="sm-145">
         <name>I2CMWrite</name>
         <value>0x3a1f</value>
         <object_component_ref idref="oc-c9"/>
      </symbol>
      <symbol id="sm-146">
         <name>I2CMInit</name>
         <value>0x883</value>
         <object_component_ref idref="oc-59"/>
      </symbol>
      <symbol id="sm-147">
         <name>I2CMReadModifyWrite8</name>
         <value>0xaa1</value>
         <object_component_ref idref="oc-59"/>
      </symbol>
      <symbol id="sm-148">
         <name>I2CMWriteBatched</name>
         <value>0x3a55</value>
         <object_component_ref idref="oc-d7"/>
      </symbol>
      <symbol id="sm-149">
         <name>I2CMRead</name>
         <value>0x39e9</value>
         <object_component_ref idref="oc-d0"/>
      </symbol>
      <symbol id="sm-14a">
         <name>I2CMTransferResume</name>
         <value>0x9c5</value>
         <object_component_ref idref="oc-59"/>
      </symbol>
      <symbol id="sm-14b">
         <name>I2CMIntHandler</name>
         <value>0x75f</value>
         <object_component_ref idref="oc-59"/>
      </symbol>
      <symbol id="sm-1a3">
         <name>BMP180DataPressureGetFloat</name>
         <value>0x14b5</value>
         <object_component_ref idref="oc-5e"/>
      </symbol>
      <symbol id="sm-1a4">
         <name>BMP180DataPressureGetRaw</name>
         <value>0x1487</value>
         <object_component_ref idref="oc-5e"/>
      </symbol>
      <symbol id="sm-1a5">
         <name>BMP180DataTemperatureGetRaw</name>
         <value>0x17af</value>
         <object_component_ref idref="oc-5e"/>
      </symbol>
      <symbol id="sm-1a6">
         <name>BMP180ReadModifyWrite</name>
         <value>0x13c5</value>
         <object_component_ref idref="oc-5e"/>
      </symbol>
      <symbol id="sm-1a7">
         <name>BMP180Write</name>
         <value>0x1343</value>
         <object_component_ref idref="oc-5e"/>
      </symbol>
      <symbol id="sm-1a8">
         <name>BMP180DataTemperatureGetFloat</name>
         <value>0x17cb</value>
         <object_component_ref idref="oc-5e"/>
      </symbol>
      <symbol id="sm-1a9">
         <name>BMP180Read</name>
         <value>0x12db</value>
         <object_component_ref idref="oc-5e"/>
      </symbol>
      <symbol id="sm-1aa">
         <name>BMP180DataRead</name>
         <value>0x1423</value>
         <object_component_ref idref="oc-5e"/>
      </symbol>
      <symbol id="sm-1ab">
         <name>BMP180Init</name>
         <value>0x126d</value>
         <object_component_ref idref="oc-5e"/>
      </symbol>
      <symbol id="sm-234">
         <name>SysTickIntHandler</name>
         <value>0x1f11</value>
         <object_component_ref idref="oc-26"/>
      </symbol>
      <symbol id="sm-235">
         <name>g_sBMP180Inst</name>
         <value>0x20000124</value>
         <object_component_ref idref="oc-78"/>
      </symbol>
      <symbol id="sm-236">
         <name>PlatformInit</name>
         <value>0x1fb9</value>
         <object_component_ref idref="oc-26"/>
      </symbol>
      <symbol id="sm-237">
         <name>g_vui8DataFlag</name>
         <value>0x20000214</value>
         <object_component_ref idref="oc-74"/>
      </symbol>
      <symbol id="sm-238">
         <name>g_sI2CInst</name>
         <value>0x20000000</value>
         <object_component_ref idref="oc-76"/>
      </symbol>
      <symbol id="sm-239">
         <name>Alt_KState</name>
         <value>0x20000200</value>
         <object_component_ref idref="oc-74"/>
      </symbol>
      <symbol id="sm-23a">
         <name>gears_logo</name>
         <value>0x3c58</value>
         <object_component_ref idref="oc-7e"/>
      </symbol>
      <symbol id="sm-23b">
         <name>main</name>
         <value>0x1fe1</value>
         <object_component_ref idref="oc-26"/>
      </symbol>
      <symbol id="sm-23c">
         <name>BMP180AppCallback</name>
         <value>0x1ef1</value>
         <object_component_ref idref="oc-26"/>
      </symbol>
      <symbol id="sm-23d">
         <name>BMP180I2CIntHandler</name>
         <value>0x1f07</value>
         <object_component_ref idref="oc-26"/>
      </symbol>
      <symbol id="sm-23e">
         <name>sw2_debounce_count</name>
         <value>0x20000552</value>
         <object_component_ref idref="oc-68"/>
      </symbol>
      <symbol id="sm-23f">
         <name>sw_state</name>
         <value>0x20000550</value>
         <object_component_ref idref="oc-68"/>
      </symbol>
      <symbol id="sm-240">
         <name>sw1_debounce_count</name>
         <value>0x20000551</value>
         <object_component_ref idref="oc-68"/>
      </symbol>
      <symbol id="sm-26d">
         <name>fPredictedStateCovariance</name>
         <value>0x20000194</value>
         <object_component_ref idref="oc-136"/>
      </symbol>
      <symbol id="sm-26e">
         <name>MD_Kalman_Init</name>
         <value>0x27c5</value>
         <object_component_ref idref="oc-6f"/>
      </symbol>
      <symbol id="sm-26f">
         <name>Kalman_Init</name>
         <value>0x270d</value>
         <object_component_ref idref="oc-6f"/>
      </symbol>
      <symbol id="sm-270">
         <name>MD_Kalman_Update_Meas</name>
         <value>0x2885</value>
         <object_component_ref idref="oc-6f"/>
      </symbol>
      <symbol id="sm-271">
         <name>mfPredictedStateCovariance</name>
         <value>0x2000017c</value>
         <object_component_ref idref="oc-134"/>
      </symbol>
      <symbol id="sm-272">
         <name>fTemp2</name>
         <value>0x200001dc</value>
         <object_component_ref idref="oc-13a"/>
      </symbol>
      <symbol id="sm-273">
         <name>fTemp1</name>
         <value>0x200001b8</value>
         <object_component_ref idref="oc-138"/>
      </symbol>
      <symbol id="sm-274">
         <name>Kalman_Update</name>
         <value>0x273f</value>
         <object_component_ref idref="oc-6f"/>
      </symbol>
      <symbol id="sm-275">
         <name>mfTempDimStateState_2</name>
         <value>0x2000018c</value>
         <object_component_ref idref="oc-134"/>
      </symbol>
      <symbol id="sm-276">
         <name>mfTempDimStateState_1</name>
         <value>0x20000184</value>
         <object_component_ref idref="oc-134"/>
      </symbol>
      <symbol id="sm-277">
         <name>fPredictedState</name>
         <value>0x20000170</value>
         <object_component_ref idref="oc-134"/>
      </symbol>
      <symbol id="sm-278">
         <name>mfPredictedState</name>
         <value>0x20000168</value>
         <object_component_ref idref="oc-134"/>
      </symbol>
      <symbol id="sm-2d5">
         <name>Nokia5110_SetCursor</name>
         <value>0x1bdf</value>
         <object_component_ref idref="oc-6a"/>
      </symbol>
      <symbol id="sm-2d6">
         <name>Nokia5110_Init</name>
         <value>0x18fb</value>
         <object_component_ref idref="oc-6a"/>
      </symbol>
      <symbol id="sm-2d7">
         <name>Nokia5110_DrawFullImage</name>
         <value>0x1c51</value>
         <object_component_ref idref="oc-6a"/>
      </symbol>
      <symbol id="sm-2d8">
         <name>Nokia5110_OutString</name>
         <value>0x19d1</value>
         <object_component_ref idref="oc-6a"/>
      </symbol>
      <symbol id="sm-2d9">
         <name>Nokia5110_OutUDec_NoSpace</name>
         <value>0x1c95</value>
         <object_component_ref idref="oc-6a"/>
      </symbol>
      <symbol id="sm-2da">
         <name>Nokia5110_OutFloatp3</name>
         <value>0x1e5b</value>
         <object_component_ref idref="oc-6a"/>
      </symbol>
      <symbol id="sm-2db">
         <name>Nokia5110_OutUDec</name>
         <value>0x1a01</value>
         <object_component_ref idref="oc-6a"/>
      </symbol>
      <symbol id="sm-2dc">
         <name>Nokia5110_OutChar</name>
         <value>0x198b</value>
         <object_component_ref idref="oc-6a"/>
      </symbol>
      <symbol id="sm-2dd">
         <name>Nokia5110_Clear</name>
         <value>0x1c1f</value>
         <object_component_ref idref="oc-6a"/>
      </symbol>
      <symbol id="sm-312">
         <name>SysCtlPeripheralEnable</name>
         <value>0x3a8d</value>
         <object_component_ref idref="oc-e2"/>
      </symbol>
      <symbol id="sm-313">
         <name>SysCtlClockGet</name>
         <value>0x31b1</value>
         <object_component_ref idref="oc-112"/>
      </symbol>
      <symbol id="sm-321">
         <name>IntTrigger</name>
         <value>0x3c21</value>
         <object_component_ref idref="oc-c4"/>
      </symbol>
      <symbol id="sm-376">
         <name>GPIOPinConfigure</name>
         <value>0x385d</value>
         <object_component_ref idref="oc-f1"/>
      </symbol>
      <symbol id="sm-377">
         <name>GPIOPinTypeI2CSCL</name>
         <value>0x3bdb</value>
         <object_component_ref idref="oc-fb"/>
      </symbol>
      <symbol id="sm-378">
         <name>GPIOPinTypeI2C</name>
         <value>0x3bc9</value>
         <object_component_ref idref="oc-f6"/>
      </symbol>
      <symbol id="sm-379">
         <name>GPIOPinTypeGPIOInput</name>
         <value>0x3ba5</value>
         <object_component_ref idref="oc-ec"/>
      </symbol>
      <symbol id="sm-37a">
         <name>GPIOPinTypeGPIOOutput</name>
         <value>0x3bb7</value>
         <object_component_ref idref="oc-e7"/>
      </symbol>
      <symbol id="sm-37b">
         <name>GPIOPinRead</name>
         <value>0x3c41</value>
         <object_component_ref idref="oc-108"/>
      </symbol>
      <symbol id="sm-37c">
         <name>GPIODirModeSet</name>
         <value>0x3b4f</value>
         <object_component_ref idref="oc-19f"/>
      </symbol>
      <symbol id="sm-37d">
         <name>GPIOPinWrite</name>
         <value>0x3c47</value>
         <object_component_ref idref="oc-10d"/>
      </symbol>
      <symbol id="sm-37e">
         <name>GPIOPadConfigSet</name>
         <value>0x3335</value>
         <object_component_ref idref="oc-19a"/>
      </symbol>
      <symbol id="sm-37f">
         <name>GPIOPinTypeSSI</name>
         <value>0x3bed</value>
         <object_component_ref idref="oc-100"/>
      </symbol>
      <symbol id="sm-38f">
         <name>_c_int00</name>
         <value>0x38a5</value>
         <object_component_ref idref="oc-10"/>
      </symbol>
      <symbol id="sm-390">
         <name>__stack</name>
         <value>0x20000218</value>
         <object_component_ref idref="oc-20"/>
      </symbol>
      <symbol id="sm-3aa">
         <name>__TI_decompress_none</name>
         <value>0x3c11</value>
         <object_component_ref idref="oc-14"/>
      </symbol>
      <symbol id="sm-3d4">
         <name>__TI_decompress_rle24</name>
         <value>0x3c4d</value>
         <object_component_ref idref="oc-1c"/>
      </symbol>
      <symbol id="sm-3e6">
         <name>__TI_zero_init</name>
         <value>0x3bff</value>
         <object_component_ref idref="oc-18"/>
      </symbol>
      <symbol id="sm-401">
         <name>C$$EXIT</name>
         <value>0x3931</value>
         <object_component_ref idref="oc-36"/>
      </symbol>
      <symbol id="sm-402">
         <name>_dtors_ptr</name>
         <value>0x2000053c</value>
         <object_component_ref idref="oc-a0"/>
      </symbol>
      <symbol id="sm-403">
         <name>abort</name>
         <value>0x3935</value>
         <object_component_ref idref="oc-36"/>
      </symbol>
      <symbol id="sm-404">
         <name>_cleanup_ptr</name>
         <value>0x20000538</value>
         <object_component_ref idref="oc-a0"/>
      </symbol>
      <symbol id="sm-405">
         <name>exit</name>
         <value>0x393d</value>
         <object_component_ref idref="oc-36"/>
      </symbol>
      <symbol id="sm-41a">
         <name>memcpy</name>
         <value>0x349f</value>
         <object_component_ref idref="oc-3d"/>
      </symbol>
      <symbol id="sm-41b">
         <name>__aeabi_memcpy</name>
         <value>0x349f</value>
         <object_component_ref idref="oc-3d"/>
      </symbol>
      <symbol id="sm-41c">
         <name>__aeabi_memcpy8</name>
         <value>0x349f</value>
         <object_component_ref idref="oc-3d"/>
      </symbol>
      <symbol id="sm-41d">
         <name>__aeabi_memcpy4</name>
         <value>0x349f</value>
         <object_component_ref idref="oc-3d"/>
      </symbol>
      <symbol id="sm-467">
         <name>powf</name>
         <value>0x231d</value>
         <object_component_ref idref="oc-7a"/>
      </symbol>
      <symbol id="sm-473">
         <name>main_func_sp</name>
         <value>0x2000054c</value>
         <object_component_ref idref="oc-3a"/>
      </symbol>
      <symbol id="sm-48b">
         <name>_FDint</name>
         <value>0x35d1</value>
         <object_component_ref idref="oc-15c"/>
      </symbol>
      <symbol id="sm-4a2">
         <name>_FDunscale</name>
         <value>0x37bf</value>
         <object_component_ref idref="oc-158"/>
      </symbol>
      <symbol id="sm-4bc">
         <name>_Feraise</name>
         <value>0x3af1</value>
         <object_component_ref idref="oc-160"/>
      </symbol>
      <symbol id="sm-4e8">
         <name>_FExp</name>
         <value>0x2ab5</value>
         <object_component_ref idref="oc-168"/>
      </symbol>
      <symbol id="sm-4f6">
         <name>_FZero</name>
         <value>0x2000052c</value>
         <object_component_ref idref="oc-16c"/>
      </symbol>
      <symbol id="sm-4f7">
         <name>_FRteps</name>
         <value>0x20000518</value>
         <object_component_ref idref="oc-16c"/>
      </symbol>
      <symbol id="sm-4f8">
         <name>_FSnan</name>
         <value>0x20000508</value>
         <object_component_ref idref="oc-16c"/>
      </symbol>
      <symbol id="sm-4f9">
         <name>_FNan</name>
         <value>0x200004f8</value>
         <object_component_ref idref="oc-16c"/>
      </symbol>
      <symbol id="sm-4fa">
         <name>_FInf</name>
         <value>0x200004e8</value>
         <object_component_ref idref="oc-16c"/>
      </symbol>
      <symbol id="sm-4fb">
         <name>_FEps</name>
         <value>0x200004d8</value>
         <object_component_ref idref="oc-16c"/>
      </symbol>
      <symbol id="sm-4fc">
         <name>_FXbig</name>
         <value>0x20000528</value>
         <object_component_ref idref="oc-16c"/>
      </symbol>
      <symbol id="sm-4fd">
         <name>_FDenorm</name>
         <value>0x200004c8</value>
         <object_component_ref idref="oc-16c"/>
      </symbol>
      <symbol id="sm-512">
         <name>_nop</name>
         <value>0x3b9f</value>
         <object_component_ref idref="oc-17a"/>
      </symbol>
      <symbol id="sm-513">
         <name>_lock</name>
         <value>0x20000530</value>
         <object_component_ref idref="oc-9e"/>
      </symbol>
      <symbol id="sm-514">
         <name>_unlock</name>
         <value>0x20000534</value>
         <object_component_ref idref="oc-9e"/>
      </symbol>
      <symbol id="sm-515">
         <name>_register_lock</name>
         <value>0x3b97</value>
         <object_component_ref idref="oc-17a"/>
      </symbol>
      <symbol id="sm-516">
         <name>_register_unlock</name>
         <value>0x3b91</value>
         <object_component_ref idref="oc-17a"/>
      </symbol>
      <symbol id="sm-520">
         <name>_args_main</name>
         <value>0x3b79</value>
         <object_component_ref idref="oc-32"/>
      </symbol>
      <symbol id="sm-53a">
         <name>__TI_auto_init</name>
         <value>0x353d</value>
         <object_component_ref idref="oc-2e"/>
      </symbol>
      <symbol id="sm-551">
         <name>copy_in</name>
         <value>0x38ed</value>
         <object_component_ref idref="oc-93"/>
      </symbol>
      <symbol id="sm-558">
         <name>_Errno</name>
         <value>0x20000548</value>
         <object_component_ref idref="oc-1e4"/>
      </symbol>
      <symbol id="sm-56e">
         <name>__aeabi_dsub</name>
         <value>0x28fd</value>
         <object_component_ref idref="oc-1f0"/>
      </symbol>
      <symbol id="sm-56f">
         <name>__aeabi_dadd</name>
         <value>0x2907</value>
         <object_component_ref idref="oc-1f0"/>
      </symbol>
      <symbol id="sm-581">
         <name>__aeabi_ddiv</name>
         <value>0x2dad</value>
         <object_component_ref idref="oc-1f4"/>
      </symbol>
      <symbol id="sm-58b">
         <name>__aeabi_dmul</name>
         <value>0x2fe5</value>
         <object_component_ref idref="oc-1f8"/>
      </symbol>
      <symbol id="sm-594">
         <name>__aeabi_d2f</name>
         <value>0x3813</value>
         <object_component_ref idref="oc-1fc"/>
      </symbol>
      <symbol id="sm-5a9">
         <name>feraiseexcept</name>
         <value>0x3ac1</value>
         <object_component_ref idref="oc-1e0"/>
      </symbol>
      <symbol id="sm-5aa">
         <name>_Tls_setup__Fenv</name>
         <value>0x20000544</value>
         <object_component_ref idref="oc-23e"/>
      </symbol>
      <symbol id="sm-5ab">
         <name>_Fenv</name>
         <value>0x20000540</value>
         <object_component_ref idref="oc-23e"/>
      </symbol>
      <symbol id="sm-5b5">
         <name>__aeabi_f2d</name>
         <value>0x39b1</value>
         <object_component_ref idref="oc-1ec"/>
      </symbol>
      <symbol id="sm-5bd">
         <name>logf</name>
         <value>0x3c53</value>
         <object_component_ref idref="oc-164"/>
      </symbol>
      <symbol id="sm-5cf">
         <name>raise</name>
         <value>0x3b21</value>
         <object_component_ref idref="oc-23a"/>
      </symbol>
      <symbol id="sm-5e6">
         <name>signal</name>
         <value>0x3971</value>
         <object_component_ref idref="oc-259"/>
      </symbol>
      <symbol id="sm-5f8">
         <name>_FDnorm</name>
         <value>0x36e5</value>
         <object_component_ref idref="oc-1d7"/>
      </symbol>
      <symbol id="sm-610">
         <name>_FDscale</name>
         <value>0x3275</value>
         <object_component_ref idref="oc-200"/>
      </symbol>
      <symbol id="sm-644">
         <name>_FLog</name>
         <value>0x2c35</value>
         <object_component_ref idref="oc-1e7"/>
      </symbol>
      <symbol id="sm-675">
         <name>arm_mat_trans_f32</name>
         <value>0x3661</value>
         <object_component_ref idref="oc-125"/>
      </symbol>
      <symbol id="sm-69c">
         <name>arm_mat_mult_f32</name>
         <value>0x2ee5</value>
         <object_component_ref idref="oc-12a"/>
      </symbol>
      <symbol id="sm-6a8">
         <name>arm_mat_init_f32</name>
         <value>0x3c39</value>
         <object_component_ref idref="oc-120"/>
      </symbol>
      <symbol id="sm-6bd">
         <name>arm_mat_add_f32</name>
         <value>0x33ed</value>
         <object_component_ref idref="oc-12f"/>
      </symbol>
      <symbol id="sm-6be">
         <name>__TI_static_base__</name>
         <value>0x0</value>
      </symbol>
      <symbol id="sm-6bf">
         <name>__TI_args_main</name>
         <value>0x1</value>
      </symbol>
      <symbol id="sm-6c0">
         <name>SHT$$INIT_ARRAY$$Limit</name>
         <value>0x0</value>
      </symbol>
      <symbol id="sm-6c1">
         <name>SHT$$INIT_ARRAY$$Base</name>
         <value>0x0</value>
      </symbol>
   </symbol_table>
</link_info>
