******************************************************************************
                  TI ARM Linker PC v5.0.4                      
******************************************************************************
>> Linked Tue Feb 11 23:40:31 2014

OUTPUT FILE NAME:   <WRFL_Proto.out>
ENTRY POINT SYMBOL: "_c_int00"  address: 00003fd5


MEMORY CONFIGURATION

         name            origin    length      used     unused   attr    fill
----------------------  --------  ---------  --------  --------  ----  --------
  FLASH                 00000000   00040000  00004920  0003b6e0  R  X
  SRAM                  20000000   00008000  0000059b  00007a65  RW X


SEGMENT ALLOCATION MAP

run origin  load origin   length   init length attrs members
----------  ----------- ---------- ----------- ----- -------
00000000    00000000    00004920   00004920    r-x
  00000000    00000000    0000026c   0000026c    r-- .intvecs
  0000026c    0000026c    0000411c   0000411c    r-x .text
  00004388    00004388    00000538   00000538    r-- .const
  000048c0    000048c0    00000060   00000060    r-- .cinit
20000000    20000000    00000460   00000000    rw-
  20000000    20000000    00000260   00000000    rw- .bss
  20000260    20000260    00000200   00000000    rw- .stack
20000460    20000460    0000013b   0000013b    rw-
  20000460    20000460    0000013b   0000013b    rw- .data


SECTION ALLOCATION MAP

 output                                  attributes/
section   page    origin      length       input sections
--------  ----  ----------  ----------   ----------------
.intvecs   0    00000000    0000026c     
                  00000000    0000026c     startup_ccs.obj (.intvecs)

.init_array 
*          0    00000000    00000000     UNINITIALIZED

.text      0    0000026c    0000411c     
                  0000026c    00000c8c     i2cm_drv.obj (.text)
                  00000ef8    000009b0     bmp180.obj (.text)
                  000018a8    00000648     Nokia5110.obj (.text)
                  00001ef0    000005d0     WRFL_Kalman.obj (.text)
                  000024c0    0000042c     WRFL_Proto.obj (.text)
                  000028ec    000003f0     rtsv7M4_T_le_v4SPD16_eabi.lib : powf.obj (.text)
                  00002cdc    000002a0     dsplib-cm4f.lib : arm_mat_inverse_f32.obj (.text:arm_mat_inverse_f32)
                  00002f7c    000001b6     rtsv7M4_T_le_v4SPD16_eabi.lib : fd_add_t2.obj (.text)
                  00003132    00000002     --HOLE-- [fill = 0]
                  00003134    00000180                                   : xfexp.obj (.text)
                  000032b4    00000178                                   : xflog.obj (.text)
                  0000342c    00000136                                   : fd_div_t2.obj (.text)
                  00003562    00000002     --HOLE-- [fill = 0]
                  00003564    00000100     dsplib-cm4f.lib : arm_mat_mult_f32.obj (.text:arm_mat_mult_f32)
                  00003664    000000fc     rtsv7M4_T_le_v4SPD16_eabi.lib : fd_mul_t2.obj (.text)
                  00003760    000000d0     wrfl_proto_mux.obj (.text)
                  00003830    000000c4     driverlib.lib : sysctl.obj (.text:SysCtlClockGet)
                  000038f4    000000c0     rtsv7M4_T_le_v4SPD16_eabi.lib : xfdscale.obj (.text)
                  000039b4    000000b8     driverlib.lib : gpio.obj (.text:GPIOPadConfigSet)
                  00003a6c    000000b2     dsplib-cm4f.lib : arm_mat_add_f32.obj (.text:arm_mat_add_f32)
                  00003b1e    000000b2                     : arm_mat_sub_f32.obj (.text:arm_mat_sub_f32)
                  00003bd0    0000009c     rtsv7M4_T_le_v4SPD16_eabi.lib : memcpy_t2.obj (.text)
                  00003c6c    00000094                                   : auto_init.obj (.text)
                  00003d00    00000090                                   : xfdint.obj (.text)
                  00003d90    00000084     dsplib-cm4f.lib : arm_mat_trans_f32.obj (.text:arm_mat_trans_f32)
                  00003e14    0000007c     rtsv7M4_T_le_v4SPD16_eabi.lib : xfdnorm.obj (.text)
                  00003e90    0000005e                                   : copy_decompress_rle.obj (.text)
                  00003eee    00000054                                   : xfdunsca.obj (.text)
                  00003f42    0000004a                                   : fd_tos_t2.obj (.text)
                  00003f8c    00000048     driverlib.lib : gpio.obj (.text:GPIOPinConfigure)
                  00003fd4    00000048     rtsv7M4_T_le_v4SPD16_eabi.lib : boot.obj (.text)
                  0000401c    00000044                                   : cpy_tbl.obj (.text)
                  00004060    00000040                                   : exit.obj (.text)
                  000040a0    00000040                                   : signal.obj (.text)
                  000040e0    00000038                                   : fs_tod_t2.obj (.text)
                  00004118    00000036     i2cm_drv.obj (.text:I2CMRead)
                  0000414e    00000036     i2cm_drv.obj (.text:I2CMWrite)
                  00004184    00000036     i2cm_drv.obj (.text:I2CMWriteBatched)
                  000041ba    00000002     --HOLE-- [fill = 0]
                  000041bc    00000034     driverlib.lib : sysctl.obj (.text:SysCtlPeripheralEnable)
                  000041f0    00000030     rtsv7M4_T_le_v4SPD16_eabi.lib : feraiseexcept.obj (.text)
                  00004220    00000030                                   : xferaise.obj (.text)
                  00004250    0000002e                                   : raise.obj (.text)
                  0000427e    0000002a     driverlib.lib : gpio.obj (.text:GPIODirModeSet)
                  000042a8    00000018     rtsv7M4_T_le_v4SPD16_eabi.lib : args_main.obj (.text)
                  000042c0    00000014                                   : _lock.obj (.text)
                  000042d4    00000012     driverlib.lib : gpio.obj (.text:GPIOPinTypeGPIOInput)
                  000042e6    00000012                   : gpio.obj (.text:GPIOPinTypeGPIOOutput)
                  000042f8    00000012                   : gpio.obj (.text:GPIOPinTypeI2C)
                  0000430a    00000012                   : gpio.obj (.text:GPIOPinTypeI2CSCL)
                  0000431c    00000012                   : gpio.obj (.text:GPIOPinTypeSSI)
                  0000432e    00000012     rtsv7M4_T_le_v4SPD16_eabi.lib : copy_zero_init.obj (.text:decompress:ZI)
                  00004340    0000000e                                   : copy_decompress_none.obj (.text:decompress:none)
                  0000434e    00000002     --HOLE-- [fill = 0]
                  00004350    0000000c     driverlib.lib : interrupt.obj (.text:IntTrigger)
                  0000435c    0000000c     startup_ccs.obj (.text)
                  00004368    00000008     dsplib-cm4f.lib : arm_mat_init_f32.obj (.text:arm_mat_init_f32)
                  00004370    00000006     driverlib.lib : gpio.obj (.text:GPIOPinRead)
                  00004376    00000006                   : gpio.obj (.text:GPIOPinWrite)
                  0000437c    00000006     rtsv7M4_T_le_v4SPD16_eabi.lib : copy_decompress_rle.obj (.text:decompress:rle24)
                  00004382    00000006                                   : logf.obj (.text)

.const     0    00004388    00000538     
                  00004388    000001f8     WRFL_Proto.obj (.const:.string:gears_logo)
                  00004580    000001e0     Nokia5110.obj (.const:ASCII)
                  00004760    00000078     driverlib.lib : gpio.obj (.const:g_pui32GPIOBaseAddrs)
                  000047d8    0000006c                   : sysctl.obj (.const:g_pui32Xtals)
                  00004844    00000038     rtsv7M4_T_le_v4SPD16_eabi.lib : xflog.obj (.const)
                  0000487c    00000028                                   : xfdint.obj (.const)
                  000048a4    0000001c                                   : xfexp.obj (.const)

.cinit     0    000048c0    00000060     
                  000048c0    00000038     (.cinit..data.load) [load image, compression = rle]
                  000048f8    0000000c     (__TI_handler_table)
                  00004904    00000004     --HOLE-- [fill = 0]
                  00004908    00000008     (.cinit..bss.load) [load image, compression = zero_init]
                  00004910    00000010     (__TI_cinit_table)

.bss       0    20000000    00000260     UNINITIALIZED
                  20000000    00000124     WRFL_Proto.obj (.bss:g_sI2CInst)
                  20000124    00000074     WRFL_Kalman.obj (.bss)
                  20000198    00000044     WRFL_Proto.obj (.bss:g_sBMP180Inst)
                  200001dc    00000024     WRFL_Kalman.obj (.bss:fPredictedStateCovariance)
                  20000200    00000024     WRFL_Kalman.obj (.bss:fTemp1)
                  20000224    00000024     WRFL_Kalman.obj (.bss:fTemp2)
                  20000248    00000018     WRFL_Proto.obj (.bss)

.stack     0    20000260    00000200     UNINITIALIZED
                  20000260    00000200     --HOLE--

.data      0    20000460    0000013b     
                  20000460    000000b0     rtsv7M4_T_le_v4SPD16_eabi.lib : signal.obj (.data:sigtable)
                  20000510    00000068                                   : xfvalues.obj (.data)
                  20000578    00000008                                   : _lock.obj (.data)
                  20000580    00000008                                   : exit.obj (.data)
                  20000588    00000008                                   : feraiseexcept.obj (.data)
                  20000590    00000004                                   : errno.obj (.data)
                  20000594    00000004                                   : stkdepth_vars.obj (.data)
                  20000598    00000003     WRFL_Proto.obj (.data)


LINKER GENERATED COPY TABLES

__TI_cinit_table @ 00004910 records: 2, size/record: 8, table size: 16
	.data: load addr=000048c0, load size=00000038 bytes, run addr=20000460, run size=0000013b bytes, compression=rle
	.bss: load addr=00004908, load size=00000008 bytes, run addr=20000000, run size=00000260 bytes, compression=zero_init


LINKER GENERATED HANDLER TABLE

__TI_handler_table @ 000048f8 records: 3, size/record: 4, table size: 12
	index: 0, handler: __TI_decompress_rle24
	index: 1, handler: __TI_decompress_none
	index: 2, handler: __TI_zero_init


GLOBAL SYMBOLS: SORTED ALPHABETICALLY BY Name 

address    name
--------   ----
20000248   Alt_KState
000024c1   BMP180AppCallback
000014b5   BMP180DataPressureGetFloat
00001487   BMP180DataPressureGetRaw
00001423   BMP180DataRead
000017cb   BMP180DataTemperatureGetFloat
000017af   BMP180DataTemperatureGetRaw
000024d7   BMP180I2CIntHandler
0000126d   BMP180Init
000012db   BMP180Read
000013c5   BMP180ReadModifyWrite
00001343   BMP180Write
00004061   C$$EXIT
0000427f   GPIODirModeSet
000039b5   GPIOPadConfigSet
00003f8d   GPIOPinConfigure
00004371   GPIOPinRead
000042d5   GPIOPinTypeGPIOInput
000042e7   GPIOPinTypeGPIOOutput
000042f9   GPIOPinTypeI2C
0000430b   GPIOPinTypeI2CSCL
0000431d   GPIOPinTypeSSI
00004377   GPIOPinWrite
000008e9   I2CMCommand
00000883   I2CMInit
0000075f   I2CMIntHandler
00004119   I2CMRead
00000dbf   I2CMRead16BE
00000bed   I2CMReadModifyWrite16LE
00000aa1   I2CMReadModifyWrite8
000009c5   I2CMTransferResume
0000414f   I2CMWrite
00000e83   I2CMWrite16BE
00000cf5   I2CMWrite8
00004185   I2CMWriteBatched
00004351   IntTrigger
00001ef1   Kalman_Init
00001f23   Kalman_Update
00001fa9   MD_Kalman_Init
00002135   MD_Kalman_Update_Meas
00001c1f   Nokia5110_Clear
00001c51   Nokia5110_DrawFullImage
000018fb   Nokia5110_Init
0000198b   Nokia5110_OutChar
00001e5b   Nokia5110_OutFloatp3
000019d1   Nokia5110_OutString
00001a01   Nokia5110_OutUDec
00001c95   Nokia5110_OutUDec_NoSpace
00001bdf   Nokia5110_SetCursor
00002589   PlatformInit
00003761   PortFunctionInit
0000435d   ResetISR
UNDEFED    SHT$$INIT_ARRAY$$Base
UNDEFED    SHT$$INIT_ARRAY$$Limit
00003831   SysCtlClockGet
000041bd   SysCtlPeripheralEnable
000024e1   SysTickIntHandler
20000590   _Errno
20000510   _FDenorm
00003d01   _FDint
00003e15   _FDnorm
000038f5   _FDscale
00003eef   _FDunscale
20000520   _FEps
00003135   _FExp
20000530   _FInf
000032b5   _FLog
20000540   _FNan
20000560   _FRteps
20000550   _FSnan
20000570   _FXbig
20000574   _FZero
20000588   _Fenv
00004221   _Feraise
2000058c   _Tls_setup__Fenv
20000460   __STACK_END
00000200   __STACK_SIZE
20000460   __STACK_TOP
00004910   __TI_CINIT_Base
00004920   __TI_CINIT_Limit
000048f8   __TI_Handler_Table_Base
00004904   __TI_Handler_Table_Limit
00000001   __TI_args_main
00003c6d   __TI_auto_init
00004341   __TI_decompress_none
0000437d   __TI_decompress_rle24
00000000   __TI_static_base__
0000432f   __TI_zero_init
00003f43   __aeabi_d2f
00002f87   __aeabi_dadd
0000342d   __aeabi_ddiv
00003665   __aeabi_dmul
00002f7d   __aeabi_dsub
000040e1   __aeabi_f2d
00003bd1   __aeabi_memcpy
00003bd1   __aeabi_memcpy4
00003bd1   __aeabi_memcpy8
ffffffff   __binit__
ffffffff   __c_args__
20000260   __stack
000042a9   _args_main
00003fd5   _c_int00
20000580   _cleanup_ptr
20000584   _dtors_ptr
20000578   _lock
000042cf   _nop
000042c7   _register_lock
000042c1   _register_unlock
2000057c   _unlock
00004065   abort
00003a6d   arm_mat_add_f32
00004369   arm_mat_init_f32
00002cdd   arm_mat_inverse_f32
00003565   arm_mat_mult_f32
00003b1f   arm_mat_sub_f32
00003d91   arm_mat_trans_f32
ffffffff   binit
0000401d   copy_in
0000406d   exit
20000154   fPredictedObservationCovariance
20000148   fPredictedObservationMean
2000012c   fPredictedState
200001dc   fPredictedStateCovariance
20000200   fTemp1
20000224   fTemp2
20000188   fTemp3
20000194   fTemp4
000041f1   feraiseexcept
00000000   g_pfnVectors
20000198   g_sBMP180Inst
20000000   g_sI2CInst
2000025c   g_vui8DataFlag
00004388   gears_logo
00004383   logf
000025b1   main
20000594   main_func_sp
00003bd1   memcpy
2000014c   mfPredictedObservationCovariance
20000140   mfPredictedObservationMean
20000124   mfPredictedState
20000138   mfPredictedStateCovariance
20000158   mfTemp1_DimStateState
20000160   mfTemp2_DimStateState
20000168   mfTemp3_DimStateObs
20000170   mfTemp4_DimObsObs
20000178   mfTemp5_DimState1
20000180   mfTemp6_DimObsState
000028ed   powf
00004251   raise
000040a1   signal
20000599   sw1_debounce_count
2000059a   sw2_debounce_count
20000598   sw_state


GLOBAL SYMBOLS: SORTED BY Symbol Address 

address    name
--------   ----
00000000   __TI_static_base__
00000000   g_pfnVectors
00000001   __TI_args_main
00000200   __STACK_SIZE
0000075f   I2CMIntHandler
00000883   I2CMInit
000008e9   I2CMCommand
000009c5   I2CMTransferResume
00000aa1   I2CMReadModifyWrite8
00000bed   I2CMReadModifyWrite16LE
00000cf5   I2CMWrite8
00000dbf   I2CMRead16BE
00000e83   I2CMWrite16BE
0000126d   BMP180Init
000012db   BMP180Read
00001343   BMP180Write
000013c5   BMP180ReadModifyWrite
00001423   BMP180DataRead
00001487   BMP180DataPressureGetRaw
000014b5   BMP180DataPressureGetFloat
000017af   BMP180DataTemperatureGetRaw
000017cb   BMP180DataTemperatureGetFloat
000018fb   Nokia5110_Init
0000198b   Nokia5110_OutChar
000019d1   Nokia5110_OutString
00001a01   Nokia5110_OutUDec
00001bdf   Nokia5110_SetCursor
00001c1f   Nokia5110_Clear
00001c51   Nokia5110_DrawFullImage
00001c95   Nokia5110_OutUDec_NoSpace
00001e5b   Nokia5110_OutFloatp3
00001ef1   Kalman_Init
00001f23   Kalman_Update
00001fa9   MD_Kalman_Init
00002135   MD_Kalman_Update_Meas
000024c1   BMP180AppCallback
000024d7   BMP180I2CIntHandler
000024e1   SysTickIntHandler
00002589   PlatformInit
000025b1   main
000028ed   powf
00002cdd   arm_mat_inverse_f32
00002f7d   __aeabi_dsub
00002f87   __aeabi_dadd
00003135   _FExp
000032b5   _FLog
0000342d   __aeabi_ddiv
00003565   arm_mat_mult_f32
00003665   __aeabi_dmul
00003761   PortFunctionInit
00003831   SysCtlClockGet
000038f5   _FDscale
000039b5   GPIOPadConfigSet
00003a6d   arm_mat_add_f32
00003b1f   arm_mat_sub_f32
00003bd1   __aeabi_memcpy
00003bd1   __aeabi_memcpy4
00003bd1   __aeabi_memcpy8
00003bd1   memcpy
00003c6d   __TI_auto_init
00003d01   _FDint
00003d91   arm_mat_trans_f32
00003e15   _FDnorm
00003eef   _FDunscale
00003f43   __aeabi_d2f
00003f8d   GPIOPinConfigure
00003fd5   _c_int00
0000401d   copy_in
00004061   C$$EXIT
00004065   abort
0000406d   exit
000040a1   signal
000040e1   __aeabi_f2d
00004119   I2CMRead
0000414f   I2CMWrite
00004185   I2CMWriteBatched
000041bd   SysCtlPeripheralEnable
000041f1   feraiseexcept
00004221   _Feraise
00004251   raise
0000427f   GPIODirModeSet
000042a9   _args_main
000042c1   _register_unlock
000042c7   _register_lock
000042cf   _nop
000042d5   GPIOPinTypeGPIOInput
000042e7   GPIOPinTypeGPIOOutput
000042f9   GPIOPinTypeI2C
0000430b   GPIOPinTypeI2CSCL
0000431d   GPIOPinTypeSSI
0000432f   __TI_zero_init
00004341   __TI_decompress_none
00004351   IntTrigger
0000435d   ResetISR
00004369   arm_mat_init_f32
00004371   GPIOPinRead
00004377   GPIOPinWrite
0000437d   __TI_decompress_rle24
00004383   logf
00004388   gears_logo
000048f8   __TI_Handler_Table_Base
00004904   __TI_Handler_Table_Limit
00004910   __TI_CINIT_Base
00004920   __TI_CINIT_Limit
20000000   g_sI2CInst
20000124   mfPredictedState
2000012c   fPredictedState
20000138   mfPredictedStateCovariance
20000140   mfPredictedObservationMean
20000148   fPredictedObservationMean
2000014c   mfPredictedObservationCovariance
20000154   fPredictedObservationCovariance
20000158   mfTemp1_DimStateState
20000160   mfTemp2_DimStateState
20000168   mfTemp3_DimStateObs
20000170   mfTemp4_DimObsObs
20000178   mfTemp5_DimState1
20000180   mfTemp6_DimObsState
20000188   fTemp3
20000194   fTemp4
20000198   g_sBMP180Inst
200001dc   fPredictedStateCovariance
20000200   fTemp1
20000224   fTemp2
20000248   Alt_KState
2000025c   g_vui8DataFlag
20000260   __stack
20000460   __STACK_END
20000460   __STACK_TOP
20000510   _FDenorm
20000520   _FEps
20000530   _FInf
20000540   _FNan
20000550   _FSnan
20000560   _FRteps
20000570   _FXbig
20000574   _FZero
20000578   _lock
2000057c   _unlock
20000580   _cleanup_ptr
20000584   _dtors_ptr
20000588   _Fenv
2000058c   _Tls_setup__Fenv
20000590   _Errno
20000594   main_func_sp
20000598   sw_state
20000599   sw1_debounce_count
2000059a   sw2_debounce_count
ffffffff   __binit__
ffffffff   __c_args__
ffffffff   binit
UNDEFED    SHT$$INIT_ARRAY$$Base
UNDEFED    SHT$$INIT_ARRAY$$Limit

[153 symbols]
